Archive member included to satisfy reference by file (symbol)

app/libapp.a(main.c.obj)      (--whole-archive)
zephyr/libzephyr.a(crc32_sw.c.obj)
                              (--whole-archive)
zephyr/libzephyr.a(crc16_sw.c.obj)
                              (--whole-archive)
zephyr/libzephyr.a(crc8_sw.c.obj)
                              (--whole-archive)
zephyr/libzephyr.a(crc7_sw.c.obj)
                              (--whole-archive)
zephyr/libzephyr.a(dec.c.obj)
                              (--whole-archive)
zephyr/libzephyr.a(fdtable.c.obj)
                              (--whole-archive)
zephyr/libzephyr.a(hex.c.obj)
                              (--whole-archive)
zephyr/libzephyr.a(mempool.c.obj)
                              (--whole-archive)
zephyr/libzephyr.a(notify.c.obj)
                              (--whole-archive)
zephyr/libzephyr.a(printk.c.obj)
                              (--whole-archive)
zephyr/libzephyr.a(onoff.c.obj)
                              (--whole-archive)
zephyr/libzephyr.a(rb.c.obj)  (--whole-archive)
zephyr/libzephyr.a(sem.c.obj)
                              (--whole-archive)
zephyr/libzephyr.a(thread_entry.c.obj)
                              (--whole-archive)
zephyr/libzephyr.a(timeutil.c.obj)
                              (--whole-archive)
zephyr/libzephyr.a(work_q.c.obj)
                              (--whole-archive)
zephyr/libzephyr.a(heap.c.obj)
                              (--whole-archive)
zephyr/libzephyr.a(heap-validate.c.obj)
                              (--whole-archive)
zephyr/libzephyr.a(configs.c.obj)
                              (--whole-archive)
zephyr/libzephyr.a(soc.c.obj)
                              (--whole-archive)
zephyr/libzephyr.a(power.c.obj)
                              (--whole-archive)
zephyr/libzephyr.a(validate_base_addresses.c.obj)
                              (--whole-archive)
zephyr/libzephyr.a(validate_enabled_instances.c.obj)
                              (--whole-archive)
zephyr/libzephyr.a(power.c.obj)
                              (--whole-archive)
zephyr/libzephyr.a(policy_residency.c.obj)
                              (--whole-archive)
zephyr/libzephyr.a(uart_console.c.obj)
                              (--whole-archive)
zephyr/libzephyr.a(nrf_power_clock.c.obj)
                              (--whole-archive)
zephyr/libzephyr.a(sys_clock_init.c.obj)
                              (--whole-archive)
zephyr/libzephyr.a(nrf_rtc_timer.c.obj)
                              (--whole-archive)
zephyr/libzephyr.a(adp536x.c.obj)
                              (--whole-archive)
zephyr/libzephyr.a(spm.c.obj)
                              (--whole-archive)
zephyr/libzephyr.a(secure_services.c.obj)
                              (--whole-archive)
zephyr/libzephyr.a(nrf_cc310_platform_abort_zephyr.c.obj)
                              (--whole-archive)
zephyr/libzephyr.a(nrf_cc310_platform_mutex_zephyr.c.obj)
                              (--whole-archive)
zephyr/arch/common/libarch__common.a(isr_tables.c.obj)
                              (--whole-archive)
zephyr/arch/common/libarch__common.a(sw_isr_common.c.obj)
                              (--whole-archive)
zephyr/arch/arch/arm/core/aarch32/libarch__arm__core__aarch32.a(swap.c.obj)
                              (--whole-archive)
zephyr/arch/arch/arm/core/aarch32/libarch__arm__core__aarch32.a(swap_helper.S.obj)
                              (--whole-archive)
zephyr/arch/arch/arm/core/aarch32/libarch__arm__core__aarch32.a(irq_manage.c.obj)
                              (--whole-archive)
zephyr/arch/arch/arm/core/aarch32/libarch__arm__core__aarch32.a(thread.c.obj)
                              (--whole-archive)
zephyr/arch/arch/arm/core/aarch32/libarch__arm__core__aarch32.a(cpu_idle.S.obj)
                              (--whole-archive)
zephyr/arch/arch/arm/core/aarch32/libarch__arm__core__aarch32.a(fatal.c.obj)
                              (--whole-archive)
zephyr/arch/arch/arm/core/aarch32/libarch__arm__core__aarch32.a(nmi.c.obj)
                              (--whole-archive)
zephyr/arch/arch/arm/core/aarch32/libarch__arm__core__aarch32.a(nmi_on_reset.S.obj)
                              (--whole-archive)
zephyr/arch/arch/arm/core/aarch32/libarch__arm__core__aarch32.a(prep_c.c.obj)
                              (--whole-archive)
zephyr/arch/arch/arm/core/aarch32/libarch__arm__core__aarch32.a(isr_wrapper.S.obj)
                              (--whole-archive)
zephyr/arch/arch/arm/core/aarch32/cortex_m/libarch__arm__core__aarch32__cortex_m.a(vector_table.S.obj)
                              (--whole-archive)
zephyr/arch/arch/arm/core/aarch32/cortex_m/libarch__arm__core__aarch32__cortex_m.a(reset.S.obj)
                              (--whole-archive)
zephyr/arch/arch/arm/core/aarch32/cortex_m/libarch__arm__core__aarch32__cortex_m.a(fault_s.S.obj)
                              (--whole-archive)
[...]
Memory Configuration

Name             Origin             Length             Attributes
FLASH            0x00000000         0x0000c000         xr
SRAM             0x20000000         0x00010000         xw
IDT_LIST         0x20010000         0x00000800         xw
*default*        0x00000000         0xffffffff

Linker script and memory map

LOAD zephyr/CMakeFiles/zephyr_final.dir/misc/empty_file.c.obj
LOAD zephyr/CMakeFiles/zephyr_final.dir/isr_tables.c.obj
                0x00000020                _region_min_align = 0x20

.rel.plt        0x00000000        0x0
 *(SORT_BY_ALIGNMENT(.rel.plt))
                [!provide]                PROVIDE (__rel_iplt_start = .)
 *(SORT_BY_ALIGNMENT(.rel.iplt))
 .rel.iplt      0x00000000        0x0 zephyr/CMakeFiles/zephyr_final.dir/isr_tables.c.obj
                [!provide]                PROVIDE (__rel_iplt_end = .)

.rela.plt       0x00000000        0x0
 *(SORT_BY_ALIGNMENT(.rela.plt))
                [!provide]                PROVIDE (__rela_iplt_start = .)
 *(SORT_BY_ALIGNMENT(.rela.iplt))
                [!provide]                PROVIDE (__rela_iplt_end = .)

.rel.dyn
 *(SORT_BY_ALIGNMENT(.rel.*))

.rela.dyn
 *(SORT_BY_ALIGNMENT(.rela.*))

/DISCARD/
 *(SORT_BY_ALIGNMENT(.plt))
 *(SORT_BY_ALIGNMENT(.iplt))
 *(SORT_BY_ALIGNMENT(.got.plt))
 *(SORT_BY_ALIGNMENT(.igot.plt))
 *(SORT_BY_ALIGNMENT(.got))
 *(SORT_BY_ALIGNMENT(.igot))
 *(SORT_BY_ALIGNMENT(.irq_info))
 *(SORT_BY_ALIGNMENT(.intList))
 *(SORT_BY_ALIGNMENT(.note.GNU-stack))
                0x00000000                _image_rom_start = 0x0

rom_start       0x00000000      0x23c
                0x00000000                . = 0x0
                0x00000000                . = ALIGN (0x4)
                0x00000000                _vector_start = .
 *(SORT_BY_ALIGNMENT(.exc_vector_table))
 *(SORT_BY_ALIGNMENT(.exc_vector_table.*))
 .exc_vector_table._vector_table_section
                0x00000000       0x40 zephyr/arch/arch/arm/core/aarch32/cortex_m/libarch__arm__core__aarch32__cortex_m.a(vector_table.S.obj)
                0x00000000                _vector_table
 *(SORT_BY_ALIGNMENT(.gnu.linkonce.irq_vector_table))
 .gnu.linkonce.irq_vector_table
                0x00000040      0x104 zephyr/CMakeFiles/zephyr_final.dir/isr_tables.c.obj
                0x00000040                _irq_vector_table
 *(SORT_BY_ALIGNMENT(.vectors))
                0x00000144                _vector_end = .
 *(SORT_BY_ALIGNMENT(.openocd_dbg))
 *(SORT_BY_ALIGNMENT(.openocd_dbg.*))
                0x00000200                . = 0x200
 *fill*         0x00000144       0xbc 
                0x00000200                _fw_info_start = .
 *(SORT_BY_NAME(SORT_BY_ALIGNMENT(.firmware_info*)))
 .firmware_info
                0x00000200       0x3c modules/nrf/subsys/fw_info/lib..__nrf__subsys__fw_info.a(fw_info.c.obj)
                0x00000200                m_firmware_info
                0x0000003c                _fw_info_size = ABSOLUTE ((. - _fw_info_start))

text            0x0000023c     0x4c14
                0x0000023c                _image_text_start = .
 *(SORT_BY_ALIGNMENT(.text))
 .text          0x0000023c       0x30 c:/users/alex/ncs/v1.3.0/toolchain/opt/bin/../lib/gcc/arm-none-eabi/9.2.1/thumb/v8-m.main+fp/hard\libgcc.a(_aeabi_uldivmod.o)
                0x0000023c                __aeabi_uldivmod
 .text          0x0000026c      0x2c0 c:/users/alex/ncs/v1.3.0/toolchain/opt/bin/../lib/gcc/arm-none-eabi/9.2.1/thumb/v8-m.main+fp/hard\libgcc.a(_udivmoddi4.o)
                0x0000026c                __udivmoddi4
 .text          0x0000052c        0x4 c:/users/alex/ncs/v1.3.0/toolchain/opt/bin/../lib/gcc/arm-none-eabi/9.2.1/thumb/v8-m.main+fp/hard\libgcc.a(_dvmd_tls.o)
                0x0000052c                __aeabi_idiv0
                0x0000052c                __aeabi_ldiv0
 .text          0x00000530       0x5c c:/users/alex/ncs/v1.3.0/toolchain/opt/bin/../lib/gcc/arm-none-eabi/9.2.1/thumb/v8-m.main+fp/hard\libgcc.a(cmse_nonsecure_call.o)
                0x00000530                __gnu_cmse_nonsecure_call
 *(SORT_BY_ALIGNMENT(.text.*))
 .text.char_out
                0x0000058c       0x10 zephyr/libzephyr.a(printk.c.obj)
 .text._printk_dec_ulong
                0x0000059c       0xa8 zephyr/libzephyr.a(printk.c.obj)
 .text.__printk_hook_install
                0x00000644        0xc zephyr/libzephyr.a(printk.c.obj)
                0x00000644                __printk_hook_install
 .text.z_vprintk
                0x00000650      0x328 zephyr/libzephyr.a(printk.c.obj)
                0x00000650                z_vprintk
 .text.vprintk  0x00000978       0x1c zephyr/libzephyr.a(printk.c.obj)
                0x00000978                vprintk
 .text.nordicsemi_nrf91_init
                0x00000994       0x28 zephyr/libzephyr.a(soc.c.obj)
 .text.arch_busy_wait
                0x000009bc       0x14 zephyr/libzephyr.a(soc.c.obj)
                0x000009bc                arch_busy_wait
 .text.uart_console_init
                0x000009d0       0x28 zephyr/libzephyr.a(uart_console.c.obj)
 .text.console_out
                0x000009f8       0x28 zephyr/libzephyr.a(uart_console.c.obj)
 .text.clkstarted_handle.constprop.0
                0x00000a20       0x50 zephyr/libzephyr.a(nrf_power_clock.c.obj)
 .text.nrf_power_clock_isr
                0x00000a70       0x54 zephyr/libzephyr.a(nrf_power_clock.c.obj)
                0x00000a70                nrf_power_clock_isr
 .text.handle_next_tick_case
                0x00000ac4       0x28 zephyr/libzephyr.a(nrf_rtc_timer.c.obj)
 .text.rtc1_nrf_isr
                0x00000aec       0x24 zephyr/libzephyr.a(nrf_rtc_timer.c.obj)
                0x00000aec                rtc1_nrf_isr
 .text.z_clock_driver_init
                0x00000b10       0x68 zephyr/libzephyr.a(nrf_rtc_timer.c.obj)
                0x00000b10                z_clock_driver_init
 .text.z_clock_set_timeout
                0x00000b78       0xc8 zephyr/libzephyr.a(nrf_rtc_timer.c.obj)
                0x00000b78                z_clock_set_timeout
 .text.z_clock_elapsed
                0x00000c40       0x34 zephyr/libzephyr.a(nrf_rtc_timer.c.obj)
                0x00000c40                z_clock_elapsed
 .text.adp536x_reg_read
                0x00000c74       0x3c zephyr/libzephyr.a(adp536x.c.obj)
 .text.adp536x_reg_write_mask
                0x00000cb0       0x50 zephyr/libzephyr.a(adp536x.c.obj)
 .text.adp536x_init
                0x00000d00       0x14 zephyr/libzephyr.a(adp536x.c.obj)
                0x00000d00                adp536x_init
 .text.config_regions
                0x00000d14       0xb0 zephyr/libzephyr.a(spm.c.obj)
 .text.spm_config_peripheral.constprop.0
                0x00000dc4       0x5c zephyr/libzephyr.a(spm.c.obj)
 .text.spm_jump
                0x00000e20       0xd4 zephyr/libzephyr.a(spm.c.obj)
                0x00000e20                spm_jump
 .text.spm_config
                0x00000ef4      0x130 zephyr/libzephyr.a(spm.c.obj)
                0x00000ef4                spm_config
 .text.spm_request_read
                0x00001024       0xb0 zephyr/libzephyr.a(secure_services.c.obj)
                0x00001024                __acle_se_spm_request_read
 .text.spm_firmware_info
                0x000010d4       0xd4 zephyr/libzephyr.a(secure_services.c.obj)
                0x000010d4                __acle_se_spm_firmware_info
 .text.nrf_cc310_platform_abort_init
                0x000011a8        0xc zephyr/libzephyr.a(nrf_cc310_platform_abort_zephyr.c.obj)
                0x000011a8                nrf_cc310_platform_abort_init
 .text.mutex_unlock
                0x000011b4       0x20 zephyr/libzephyr.a(nrf_cc310_platform_mutex_zephyr.c.obj)
 .text.mutex_free
                0x000011d4       0x40 zephyr/libzephyr.a(nrf_cc310_platform_mutex_zephyr.c.obj)
 .text.mutex_init
                0x00001214       0x68 zephyr/libzephyr.a(nrf_cc310_platform_mutex_zephyr.c.obj)
 .text.mutex_lock
                0x0000127c       0x34 zephyr/libzephyr.a(nrf_cc310_platform_mutex_zephyr.c.obj)
 .text.nrf_cc310_platform_mutex_init
                0x000012b0       0x2c zephyr/libzephyr.a(nrf_cc310_platform_mutex_zephyr.c.obj)
                0x000012b0                nrf_cc310_platform_mutex_init
 .text.arch_swap
                0x000012dc       0x34 zephyr/arch/arch/arm/core/aarch32/libarch__arm__core__aarch32.a(swap.c.obj)
                0x000012dc                arch_swap
 .text.z_arm_pendsv
                0x00001310       0x48 zephyr/arch/arch/arm/core/aarch32/libarch__arm__core__aarch32.a(swap_helper.S.obj)
                0x00001310                z_arm_pendsv
 .text.z_arm_svc
                0x00001358       0x20 zephyr/arch/arch/arm/core/aarch32/libarch__arm__core__aarch32.a(swap_helper.S.obj)
                0x00001358                z_arm_svc
 .text.arch_irq_enable
                0x00001378       0x20 zephyr/arch/arch/arm/core/aarch32/libarch__arm__core__aarch32.a(irq_manage.c.obj)
                0x00001378                arch_irq_enable
 .text.z_arm_irq_priority_set
                0x00001398       0x2c zephyr/arch/arch/arm/core/aarch32/libarch__arm__core__aarch32.a(irq_manage.c.obj)
                0x00001398                z_arm_irq_priority_set
 .text.arch_new_thread
                0x000013c4       0x34 zephyr/arch/arch/arm/core/aarch32/libarch__arm__core__aarch32.a(thread.c.obj)
                0x000013c4                arch_new_thread
 .text.arch_switch_to_main_thread
                0x000013f8       0x3c zephyr/arch/arch/arm/core/aarch32/libarch__arm__core__aarch32.a(thread.c.obj)
                0x000013f8                arch_switch_to_main_thread
 .text.z_arm_cpu_idle_init
                0x00001434        0xc zephyr/arch/arch/arm/core/aarch32/libarch__arm__core__aarch32.a(cpu_idle.S.obj)
                0x00001434                z_arm_cpu_idle_init
 .text.arch_cpu_idle
                0x00001440       0x1c zephyr/arch/arch/arm/core/aarch32/libarch__arm__core__aarch32.a(cpu_idle.S.obj)
                0x00001440                arch_cpu_idle
 .text.z_SysNmiOnReset
                0x0000145c        0x8 zephyr/arch/arch/arm/core/aarch32/libarch__arm__core__aarch32.a(nmi_on_reset.S.obj)
                0x0000145c                z_SysNmiOnReset
 .text.z_arm_prep_c
                0x00001464       0x6c zephyr/arch/arch/arm/core/aarch32/libarch__arm__core__aarch32.a(prep_c.c.obj)
                0x00001464                z_arm_prep_c
 .text._isr_wrapper
                0x000014d0       0x40 zephyr/arch/arch/arm/core/aarch32/libarch__arm__core__aarch32.a(isr_wrapper.S.obj)
                0x000014d0                _isr_wrapper
 .text._reset_section
                0x00001510       0x30 zephyr/arch/arch/arm/core/aarch32/cortex_m/libarch__arm__core__aarch32__cortex_m.a(reset.S.obj)
                0x00001510                __start
                0x00001510                z_arm_reset
 .text.__fault  0x00001540       0x14 zephyr/arch/arch/arm/core/aarch32/cortex_m/libarch__arm__core__aarch32__cortex_m.a(fault_s.S.obj)
                0x00001540                z_arm_bus_fault
                0x00001540                z_arm_usage_fault
                0x00001540                z_arm_mpu_fault
                0x00001540                z_arm_exc_spurious
                0x00001540                z_arm_debug_monitor
                0x00001540                z_arm_hard_fault
                0x00001540                z_arm_secure_fault
 .text.mem_manage_fault.isra.0
                0x00001554       0x38 zephyr/arch/arch/arm/core/aarch32/cortex_m/libarch__arm__core__aarch32__cortex_m.a(fault.c.obj)
 .text.bus_fault.isra.0
                0x0000158c       0x3c zephyr/arch/arch/arm/core/aarch32/cortex_m/libarch__arm__core__aarch32__cortex_m.a(fault.c.obj)
 .text.usage_fault.isra.0
                0x000015c8       0x24 zephyr/arch/arch/arm/core/aarch32/cortex_m/libarch__arm__core__aarch32__cortex_m.a(fault.c.obj)
 .text.secure_fault.isra.0
                0x000015ec       0x3c zephyr/arch/arch/arm/core/aarch32/cortex_m/libarch__arm__core__aarch32__cortex_m.a(fault.c.obj)
 .text.z_arm_fault
                0x00001628      0x118 zephyr/arch/arch/arm/core/aarch32/cortex_m/libarch__arm__core__aarch32__cortex_m.a(fault.c.obj)
                0x00001628                z_arm_fault
 .text.z_arm_fault_init
                0x00001740       0x10 zephyr/arch/arch/arm/core/aarch32/cortex_m/libarch__arm__core__aarch32__cortex_m.a(fault.c.obj)
                0x00001740                z_arm_fault_init
 .text._HandlerModeExit
                0x00001750       0x1c zephyr/arch/arch/arm/core/aarch32/cortex_m/libarch__arm__core__aarch32__cortex_m.a(exc_exit.S.obj)
                0x00001750                z_arm_int_exit
                0x00001750                z_arm_exc_exit
 .text.sys_arch_reboot
                0x0000176c       0x24 zephyr/arch/arch/arm/core/aarch32/cortex_m/libarch__arm__core__aarch32__cortex_m.a(scb.c.obj)
                0x0000176c                sys_arch_reboot
 .text.z_arm_interrupt_init
                0x00001790       0x18 zephyr/arch/arch/arm/core/aarch32/cortex_m/libarch__arm__core__aarch32__cortex_m.a(irq_init.c.obj)
                0x00001790                z_arm_interrupt_init
 .text.z_impl_k_thread_abort
                0x000017a8       0x4c zephyr/arch/arch/arm/core/aarch32/cortex_m/libarch__arm__core__aarch32__cortex_m.a(thread_abort.c.obj)
                0x000017a8                z_impl_k_thread_abort
 .text.z_arm_configure_static_mpu_regions
                0x000017f4       0x54 zephyr/arch/arch/arm/core/aarch32/cortex_m/mpu/libarch__arm__core__aarch32__cortex_m__mpu.a(arm_core_mpu.c.obj)
                0x000017f4                z_arm_configure_static_mpu_regions
 .text.region_init
                0x00001848       0x30 zephyr/arch/arch/arm/core/aarch32/cortex_m/mpu/libarch__arm__core__aarch32__cortex_m__mpu.a(arm_mpu.c.obj)
 .text.mpu_configure_regions_and_partition.constprop.0
                0x00001878      0x13c zephyr/arch/arch/arm/core/aarch32/cortex_m/mpu/libarch__arm__core__aarch32__cortex_m__mpu.a(arm_mpu.c.obj)
 .text.arm_core_mpu_enable
                0x000019b4       0x14 zephyr/arch/arch/arm/core/aarch32/cortex_m/mpu/libarch__arm__core__aarch32__cortex_m__mpu.a(arm_mpu.c.obj)
                0x000019b4                arm_core_mpu_enable
 .text.arm_core_mpu_disable
                0x000019c8       0x10 zephyr/arch/arch/arm/core/aarch32/cortex_m/mpu/libarch__arm__core__aarch32__cortex_m__mpu.a(arm_mpu.c.obj)
                0x000019c8                arm_core_mpu_disable
 .text.arm_mpu_init
                0x000019d8       0x4c zephyr/arch/arch/arm/core/aarch32/cortex_m/mpu/libarch__arm__core__aarch32__cortex_m__mpu.a(arm_mpu.c.obj)
 .text.arm_core_mpu_configure_static_mpu_regions
                0x00001a24       0x14 zephyr/arch/arch/arm/core/aarch32/cortex_m/mpu/libarch__arm__core__aarch32__cortex_m__mpu.a(arm_mpu.c.obj)
                0x00001a24                arm_core_mpu_configure_static_mpu_regions
 .text.arm_core_mpu_mark_areas_for_dynamic_regions
                0x00001a38       0xac zephyr/arch/arch/arm/core/aarch32/cortex_m/mpu/libarch__arm__core__aarch32__cortex_m__mpu.a(arm_mpu.c.obj)
                0x00001a38                arm_core_mpu_mark_areas_for_dynamic_regions
 .text.tz_nonsecure_state_setup
                0x00001ae4       0x38 zephyr/arch/arch/arm/core/aarch32/cortex_m/tz/libarch__arm__core__aarch32__cortex_m__tz.a(arm_core_tz.c.obj)
                0x00001ae4                tz_nonsecure_state_setup
 .text.tz_nbanked_exception_target_state_set
                0x00001b1c       0x28 zephyr/arch/arch/arm/core/aarch32/cortex_m/tz/libarch__arm__core__aarch32__cortex_m__tz.a(arm_core_tz.c.obj)
                0x00001b1c                tz_nbanked_exception_target_state_set
 .text.tz_nonsecure_exception_prio_config
                0x00001b44       0x28 zephyr/arch/arch/arm/core/aarch32/cortex_m/tz/libarch__arm__core__aarch32__cortex_m__tz.a(arm_core_tz.c.obj)
                0x00001b44                tz_nonsecure_exception_prio_config
 .text.tz_nonsecure_system_reset_req_block
                0x00001b6c       0x28 zephyr/arch/arch/arm/core/aarch32/cortex_m/tz/libarch__arm__core__aarch32__cortex_m__tz.a(arm_core_tz.c.obj)
                0x00001b6c                tz_nonsecure_system_reset_req_block
 .text.tz_nonsecure_fpu_access_enable
                0x00001b94       0x14 zephyr/arch/arch/arm/core/aarch32/cortex_m/tz/libarch__arm__core__aarch32__cortex_m__tz.a(arm_core_tz.c.obj)
                0x00001b94                tz_nonsecure_fpu_access_enable
 .text.tz_sau_configure
                0x00001ba8       0x28 zephyr/arch/arch/arm/core/aarch32/cortex_m/tz/libarch__arm__core__aarch32__cortex_m__tz.a(arm_core_tz.c.obj)
                0x00001ba8                tz_sau_configure
 .text.__stdout_hook_install
                0x00001bd0        0xc zephyr/lib/libc/minimal/liblib__libc__minimal.a(stdout_console.c.obj)
                0x00001bd0                __stdout_hook_install
 .text.thingy91_board_init
                0x00001bdc       0x50 zephyr/boards/boards/arm/thingy91_nrf9160/lib..__nrf__boards__arm__thingy91_nrf9160.a(board_secure.c.obj)
 .text.twim_2_init
                0x00001c2c       0x34 zephyr/drivers/i2c/libdrivers__i2c.a(i2c_nrfx_twim.c.obj)
 .text.i2c_nrfx_twim_transfer
                0x00001c60       0xc0 zephyr/drivers/i2c/libdrivers__i2c.a(i2c_nrfx_twim.c.obj)
 .text.event_handler
                0x00001d20       0x38 zephyr/drivers/i2c/libdrivers__i2c.a(i2c_nrfx_twim.c.obj)
 .text.uarte_nrfx_configure
                0x00001d58      0x168 zephyr/drivers/serial/libdrivers__serial.a(uart_nrfx_uarte.c.obj)
 .text.uarte_instance_init.isra.0
                0x00001ec0       0x98 zephyr/drivers/serial/libdrivers__serial.a(uart_nrfx_uarte.c.obj)
 .text.uarte_0_init
                0x00001f58       0x20 zephyr/drivers/serial/libdrivers__serial.a(uart_nrfx_uarte.c.obj)
 .text.uarte_1_init
                0x00001f78       0x20 zephyr/drivers/serial/libdrivers__serial.a(uart_nrfx_uarte.c.obj)
 .text.check_ext_api_requests
                0x00001f98       0x9c modules/nrf/subsys/fw_info/lib..__nrf__subsys__fw_info.a(fw_info.c.obj)
 .text.nrf91_errata_6
                0x00002034       0x20 modules/nordic/lib..__modules__hal__nordic.a(system_nrf9160.c.obj)
 .text.nrf91_errata_14
                0x00002054       0x1c modules/nordic/lib..__modules__hal__nordic.a(system_nrf9160.c.obj)
 .text.SystemInit
                0x00002070      0x170 modules/nordic/lib..__modules__hal__nordic.a(system_nrf9160.c.obj)
                0x00002070                SystemInit
 .text.nrfx_twim_init
                0x000021e0       0x88 modules/nordic/lib..__modules__hal__nordic.a(nrfx_twim.c.obj)
                0x000021e0                nrfx_twim_init
 .text.nrfx_twim_enable
                0x00002268       0x20 modules/nordic/lib..__modules__hal__nordic.a(nrfx_twim.c.obj)
                0x00002268                nrfx_twim_enable
 .text.nrfx_twim_disable
                0x00002288       0x38 modules/nordic/lib..__modules__hal__nordic.a(nrfx_twim.c.obj)
                0x00002288                nrfx_twim_disable
 .text.nrfx_twim_xfer
                0x000022c0      0x2c4 modules/nordic/lib..__modules__hal__nordic.a(nrfx_twim.c.obj)
                0x000022c0                nrfx_twim_xfer
 .text.nrfx_twim_2_irq_handler
                0x00002584      0x170 modules/nordic/lib..__modules__hal__nordic.a(nrfx_twim.c.obj)
                0x00002584                nrfx_twim_2_irq_handler
 .text.z_sys_init_run_level
                0x000026f4       0x2c zephyr/kernel/libkernel.a(device.c.obj)
                0x000026f4                z_sys_init_run_level
 .text.z_impl_device_get_binding
                0x00002720       0x48 zephyr/kernel/libkernel.a(device.c.obj)
                0x00002720                z_impl_device_get_binding
 .text.idle     0x00002768       0x34 zephyr/kernel/libkernel.a(idle.c.obj)
                0x00002768                idle
 .text.z_bss_zero
                0x0000279c       0x14 zephyr/kernel/libkernel.a(init.c.obj)
                0x0000279c                z_bss_zero
 .text.z_data_copy
                0x000027b0       0x34 zephyr/kernel/libkernel.a(init.c.obj)
                0x000027b0                z_data_copy
 .text.bg_thread_main
                0x000027e4       0x48 zephyr/kernel/libkernel.a(init.c.obj)
 .text.z_cstart
                0x0000282c      0x10c zephyr/kernel/libkernel.a(init.c.obj)
                0x0000282c                z_cstart
 .text.init_mem_slab_module
                0x00002938       0x44 zephyr/kernel/libkernel.a(mem_slab.c.obj)
 .text.k_mem_slab_alloc
                0x0000297c       0x64 zephyr/kernel/libkernel.a(mem_slab.c.obj)
                0x0000297c                k_mem_slab_alloc
 .text.k_mem_slab_free
                0x000029e0       0x54 zephyr/kernel/libkernel.a(mem_slab.c.obj)
                0x000029e0                k_mem_slab_free
 .text.z_impl_k_mutex_lock
                0x00002a34       0xf0 zephyr/kernel/libkernel.a(mutex.c.obj)
                0x00002a34                z_impl_k_mutex_lock
 .text.z_impl_k_mutex_unlock
                0x00002b24       0x8c zephyr/kernel/libkernel.a(mutex.c.obj)
                0x00002b24                z_impl_k_mutex_unlock
 .text.z_reset_time_slice
                0x00002bb0       0x2c zephyr/kernel/libkernel.a(sched.c.obj)
                0x00002bb0                z_reset_time_slice
 .text.k_sched_time_slice_set
                0x00002bdc       0x58 zephyr/kernel/libkernel.a(sched.c.obj)
                0x00002bdc                k_sched_time_slice_set
 .text.k_sched_lock
                0x00002c34       0x28 zephyr/kernel/libkernel.a(sched.c.obj)
                0x00002c34                k_sched_lock
 .text.z_priq_dumb_remove
                0x00002c5c       0x2c zephyr/kernel/libkernel.a(sched.c.obj)
                0x00002c5c                z_priq_dumb_remove
 .text.update_cache
                0x00002c88       0x48 zephyr/kernel/libkernel.a(sched.c.obj)
 .text.k_sched_unlock
                0x00002cd0       0x38 zephyr/kernel/libkernel.a(sched.c.obj)
                0x00002cd0                k_sched_unlock
 .text.ready_thread
                0x00002d08       0x68 zephyr/kernel/libkernel.a(sched.c.obj)
 .text.z_sched_start
                0x00002d70       0x3c zephyr/kernel/libkernel.a(sched.c.obj)
                0x00002d70                z_sched_start
 .text.z_move_thread_to_end_of_prio_q
                0x00002dac       0x8c zephyr/kernel/libkernel.a(sched.c.obj)
                0x00002dac                z_move_thread_to_end_of_prio_q
 .text.z_time_slice
                0x00002e38       0x6c zephyr/kernel/libkernel.a(sched.c.obj)
                0x00002e38                z_time_slice
 .text.z_impl_k_thread_suspend
                0x00002ea4       0x68 zephyr/kernel/libkernel.a(sched.c.obj)
                0x00002ea4                z_impl_k_thread_suspend
 .text.z_thread_single_abort
                0x00002f0c       0xb8 zephyr/kernel/libkernel.a(sched.c.obj)
                0x00002f0c                z_thread_single_abort
 .text.unready_thread
                0x00002fc4       0x34 zephyr/kernel/libkernel.a(sched.c.obj)
 .text.z_tick_sleep.part.0
                0x00002ff8       0x5c zephyr/kernel/libkernel.a(sched.c.obj)
 .text.pend     0x00003054       0x4c zephyr/kernel/libkernel.a(sched.c.obj)
 .text.z_pend_curr
                0x000030a0       0x28 zephyr/kernel/libkernel.a(sched.c.obj)
                0x000030a0                z_pend_curr
 .text.z_set_prio
                0x000030c8       0x88 zephyr/kernel/libkernel.a(sched.c.obj)
                0x000030c8                z_set_prio
 .text.z_sched_init
                0x00003150       0x18 zephyr/kernel/libkernel.a(sched.c.obj)
                0x00003150                z_sched_init
 .text.z_impl_k_yield
                0x00003168       0x9c zephyr/kernel/libkernel.a(sched.c.obj)
                0x00003168                z_impl_k_yield
 .text.z_impl_k_sleep
                0x00003204       0x40 zephyr/kernel/libkernel.a(sched.c.obj)
                0x00003204                z_impl_k_sleep
 .text.z_impl_k_current_get
                0x00003244        0xc zephyr/kernel/libkernel.a(sched.c.obj)
                0x00003244                z_impl_k_current_get
 .text.z_impl_k_sem_give
                0x00003250       0x40 zephyr/kernel/libkernel.a(sem.c.obj)
                0x00003250                z_impl_k_sem_give
 .text.z_impl_k_sem_take
                0x00003290       0x54 zephyr/kernel/libkernel.a(sem.c.obj)
                0x00003290                z_impl_k_sem_take
 .text.z_setup_new_thread
                0x000032e4       0x4c zephyr/kernel/libkernel.a(thread.c.obj)
                0x000032e4                z_setup_new_thread
 .text.z_init_static_threads
                0x00003330       0xc4 zephyr/kernel/libkernel.a(thread.c.obj)
                0x00003330                z_init_static_threads
 .text.elapsed  0x000033f4       0x14 zephyr/kernel/libkernel.a(timeout.c.obj)
 .text.remove_timeout
                0x00003408       0x28 zephyr/kernel/libkernel.a(timeout.c.obj)
 .text.next_timeout
                0x00003430       0x38 zephyr/kernel/libkernel.a(timeout.c.obj)
 .text.z_add_timeout
                0x00003468       0xf4 zephyr/kernel/libkernel.a(timeout.c.obj)
                0x00003468                z_add_timeout
 .text.z_clock_announce
                0x0000355c       0xa8 zephyr/kernel/libkernel.a(timeout.c.obj)
                0x0000355c                z_clock_announce
 .text.z_tick_get
                0x00003604       0x34 zephyr/kernel/libkernel.a(timeout.c.obj)
                0x00003604                z_tick_get
 .text.statics_init
                0x00003638       0x24 zephyr/kernel/libkernel.a(kheap.c.obj)
 .text.CC_PalMemCopyPlat
                0x0000365c        0x4 modules/nrfxlib/nrf_security/src/mbedtls/cc310/libmbedcrypto_cc310.a(cc_pal_mem.c.obj)
                0x0000365c                CC_PalMemCopyPlat
 .text.CC_PalMemSetZeroPlat
                0x00003660        0x8 modules/nrfxlib/nrf_security/src/mbedtls/cc310/libmbedcrypto_cc310.a(cc_pal_mem.c.obj)
                0x00003660                CC_PalMemSetZeroPlat
 .text.CC_PalInit
                0x00003668       0x5c modules/nrfxlib/nrf_security/src/mbedtls/cc310/libmbedcrypto_cc310.a(cc_pal.c.obj)
                0x00003668                CC_PalInit
 .text.CC_PalTerminate
                0x000036c4       0x34 modules/nrfxlib/nrf_security/src/mbedtls/cc310/libmbedcrypto_cc310.a(cc_pal.c.obj)
                0x000036c4                CC_PalTerminate
 .text.CC_PalDmaInit
                0x000036f8        0x4 modules/nrfxlib/nrf_security/src/mbedtls/cc310/libmbedcrypto_cc310.a(cc_pal_dma.c.obj)
                0x000036f8                CC_PalDmaInit
 .text.CC_PalDmaTerminate
                0x000036fc        0x4 modules/nrfxlib/nrf_security/src/mbedtls/cc310/libmbedcrypto_cc310.a(cc_pal_dma.c.obj)
                0x000036fc                CC_PalDmaTerminate
 .text.CC_PalMutexCreate
                0x00003700       0x14 modules/nrfxlib/nrf_security/src/mbedtls/cc310/libmbedcrypto_cc310.a(cc_pal_mutex.c.obj)
                0x00003700                CC_PalMutexCreate
 .text.CC_PalMutexDestroy
                0x00003714       0x14 modules/nrfxlib/nrf_security/src/mbedtls/cc310/libmbedcrypto_cc310.a(cc_pal_mutex.c.obj)
                0x00003714                CC_PalMutexDestroy
 .text.CC_PalMutexLock
                0x00003728       0x10 modules/nrfxlib/nrf_security/src/mbedtls/cc310/libmbedcrypto_cc310.a(cc_pal_mutex.c.obj)
                0x00003728                CC_PalMutexLock
 .text.CC_PalMutexUnlock
                0x00003738       0x14 modules/nrfxlib/nrf_security/src/mbedtls/cc310/libmbedcrypto_cc310.a(cc_pal_mutex.c.obj)
                0x00003738                CC_PalMutexUnlock
 .text.CC_PalPowerSaveModeInit
                0x0000374c       0x3c modules/nrfxlib/nrf_security/src/mbedtls/cc310/libmbedcrypto_cc310.a(cc_pal_pm.c.obj)
                0x0000374c                CC_PalPowerSaveModeInit
 .text.CC_PalPowerSaveModeSelect
                0x00003788       0x84 modules/nrfxlib/nrf_security/src/mbedtls/cc310/libmbedcrypto_cc310.a(cc_pal_pm.c.obj)
                0x00003788                CC_PalPowerSaveModeSelect
 .text.CC_HalInit
                0x0000380c        0x4 modules/nrfxlib/nrf_security/src/mbedtls/cc310/libmbedcrypto_cc310.a(cc_hal.c.obj)
                0x0000380c                CC_HalInit
 .text.CC_HalTerminate
                0x00003810        0x4 modules/nrfxlib/nrf_security/src/mbedtls/cc310/libmbedcrypto_cc310.a(cc_hal.c.obj)
                0x00003810                CC_HalTerminate
 .text.CC_HalClearInterruptBit
                0x00003814       0x1c modules/nrfxlib/nrf_security/src/mbedtls/cc310/libmbedcrypto_cc310.a(cc_hal.c.obj)
                0x00003814                CC_HalClearInterruptBit
 .text.CC_HalMaskInterrupt
                0x00003830        0xc modules/nrfxlib/nrf_security/src/mbedtls/cc310/libmbedcrypto_cc310.a(cc_hal.c.obj)
                0x00003830                CC_HalMaskInterrupt
 .text.CC_HalWaitInterruptRND
                0x0000383c        0xc modules/nrfxlib/nrf_security/src/mbedtls/cc310/libmbedcrypto_cc310.a(cc_hal.c.obj)
                0x0000383c                CC_HalWaitInterruptRND
 .text.CC_PalWaitInterruptRND
                0x00003848       0x30 modules/nrfxlib/nrf_security/src/mbedtls/cc310/libmbedcrypto_cc310.a(cc_pal_interrupt_ctrl.c.obj)
                0x00003848                CC_PalWaitInterruptRND
 .text.mbedtls_platform_setup
                0x00003878        0x4 C:/Users/Alex/ncs/v1.3.0/nrfxlib/crypto/nrf_cc310_platform/lib/cortex-m33/hard-float/no-interrupts/libnrf_cc310_platform_0.9.2.a(platform_alt.c.obj)
                0x00003878                mbedtls_platform_setup
 .text.mbedtls_platform_zeroize
                0x0000387c       0x14 C:/Users/Alex/ncs/v1.3.0/nrfxlib/crypto/nrf_cc310_platform/lib/cortex-m33/hard-float/no-interrupts/libnrf_cc310_platform_0.9.2.a(mbedtls_common.c.obj)
                0x0000387c                mbedtls_platform_zeroize
 .text.mbedtls_hardware_poll
                0x00003890       0xb0 C:/Users/Alex/ncs/v1.3.0/nrfxlib/crypto/nrf_cc310_platform/lib/cortex-m33/hard-float/no-interrupts/libnrf_cc310_platform_0.9.2.a(trng_api.c.obj)
                0x00003890                mbedtls_hardware_poll
 .text.RNG_PLAT_SetUserRngParameters
                0x00003940       0x7c C:/Users/Alex/ncs/v1.3.0/nrfxlib/crypto/nrf_cc310_platform/lib/cortex-m33/hard-float/no-interrupts/libnrf_cc310_platform_0.9.2.a(cc_rng_plat.c.obj)
                0x00003940                RNG_PLAT_SetUserRngParameters
 .text.nrf_cc310_platform_init
                0x000039bc       0x44 C:/Users/Alex/ncs/v1.3.0/nrfxlib/crypto/nrf_cc310_platform/lib/cortex-m33/hard-float/no-interrupts/libnrf_cc310_platform_0.9.2.a(nrf_cc310_platform.c.obj)
                0x000039bc                nrf_cc310_platform_init
 .text.nrf_cc310_platform_init_no_rng
                0x00003a00       0x34 C:/Users/Alex/ncs/v1.3.0/nrfxlib/crypto/nrf_cc310_platform/lib/cortex-m33/hard-float/no-interrupts/libnrf_cc310_platform_0.9.2.a(nrf_cc310_platform.c.obj)
                0x00003a00                nrf_cc310_platform_init_no_rng
 .text.nrf_cc310_platform_abort
                0x00003a34       0x24 C:/Users/Alex/ncs/v1.3.0/nrfxlib/crypto/nrf_cc310_platform/lib/cortex-m33/hard-float/no-interrupts/libnrf_cc310_platform_0.9.2.a(nrf_cc310_platform_abort.c.obj)
 .text.CC_PalAbort
                0x00003a58        0xc C:/Users/Alex/ncs/v1.3.0/nrfxlib/crypto/nrf_cc310_platform/lib/cortex-m33/hard-float/no-interrupts/libnrf_cc310_platform_0.9.2.a(nrf_cc310_platform_abort.c.obj)
                0x00003a58                CC_PalAbort
 .text.nrf_cc310_platform_set_abort
                0x00003a64       0x10 C:/Users/Alex/ncs/v1.3.0/nrfxlib/crypto/nrf_cc310_platform/lib/cortex-m33/hard-float/no-interrupts/libnrf_cc310_platform_0.9.2.a(nrf_cc310_platform_abort.c.obj)
                0x00003a64                nrf_cc310_platform_set_abort
 .text.mutex_free
                0x00003a74        0x4 C:/Users/Alex/ncs/v1.3.0/nrfxlib/crypto/nrf_cc310_platform/lib/cortex-m33/hard-float/no-interrupts/libnrf_cc310_platform_0.9.2.a(nrf_cc310_platform_mutex.c.obj)
 .text.mutex_unlock
                0x00003a78       0x24 C:/Users/Alex/ncs/v1.3.0/nrfxlib/crypto/nrf_cc310_platform/lib/cortex-m33/hard-float/no-interrupts/libnrf_cc310_platform_0.9.2.a(nrf_cc310_platform_mutex.c.obj)
 .text.mutex_init
                0x00003a9c       0x1c C:/Users/Alex/ncs/v1.3.0/nrfxlib/crypto/nrf_cc310_platform/lib/cortex-m33/hard-float/no-interrupts/libnrf_cc310_platform_0.9.2.a(nrf_cc310_platform_mutex.c.obj)
 .text.mutex_lock
                0x00003ab8       0x1c C:/Users/Alex/ncs/v1.3.0/nrfxlib/crypto/nrf_cc310_platform/lib/cortex-m33/hard-float/no-interrupts/libnrf_cc310_platform_0.9.2.a(nrf_cc310_platform_mutex.c.obj)
 .text.nrf_cc310_platform_set_mutexes
                0x00003ad4       0x38 C:/Users/Alex/ncs/v1.3.0/nrfxlib/crypto/nrf_cc310_platform/lib/cortex-m33/hard-float/no-interrupts/libnrf_cc310_platform_0.9.2.a(nrf_cc310_platform_mutex.c.obj)
                0x00003ad4                nrf_cc310_platform_set_mutexes
 .text.CC_LibInitNoRng
                0x00003b0c       0x6c C:/Users/Alex/ncs/v1.3.0/nrfxlib/crypto/nrf_cc310_platform/lib/cortex-m33/hard-float/no-interrupts/libnrf_cc310_platform_0.9.2.a(cc_lib.c.obj)
                0x00003b0c                CC_LibInitNoRng
 .text.CC_LibInitRngModule
                0x00003b78       0xb8 C:/Users/Alex/ncs/v1.3.0/nrfxlib/crypto/nrf_cc310_platform/lib/cortex-m33/hard-float/no-interrupts/libnrf_cc310_platform_0.9.2.a(cc_lib.c.obj)
                0x00003b78                CC_LibInitRngModule
 .text.CC_LibInit
                0x00003c30       0x84 C:/Users/Alex/ncs/v1.3.0/nrfxlib/crypto/nrf_cc310_platform/lib/cortex-m33/hard-float/no-interrupts/libnrf_cc310_platform_0.9.2.a(cc_lib.c.obj)
                0x00003c30                CC_LibInit
 .text.CC_PalTrngParamGet
                0x00003cb4      0x10c C:/Users/Alex/ncs/v1.3.0/nrfxlib/crypto/nrf_cc310_platform/lib/cortex-m33/hard-float/no-interrupts/libnrf_cc310_platform_0.9.2.a(cc_pal_trng.c.obj)
                0x00003cb4                CC_PalTrngParamGet
 .text.LLF_RND_AdaptiveProportionTest
                0x00003dc0       0x7c C:/Users/Alex/ncs/v1.3.0/nrfxlib/crypto/nrf_cc310_platform/lib/cortex-m33/hard-float/no-interrupts/libnrf_cc310_platform_0.9.2.a(llf_rnd_trng90b.c.obj)
                0x00003dc0                LLF_RND_AdaptiveProportionTest
 .text.getTrngSource
                0x00003e3c      0x4b0 C:/Users/Alex/ncs/v1.3.0/nrfxlib/crypto/nrf_cc310_platform/lib/cortex-m33/hard-float/no-interrupts/libnrf_cc310_platform_0.9.2.a(llf_rnd_trng90b.c.obj)
 .text.LLF_RND_GetTrngSource
                0x000042ec       0x88 C:/Users/Alex/ncs/v1.3.0/nrfxlib/crypto/nrf_cc310_platform/lib/cortex-m33/hard-float/no-interrupts/libnrf_cc310_platform_0.9.2.a(llf_rnd_trng90b.c.obj)
                0x000042ec                LLF_RND_GetTrngSource
 .text.LLF_RND_RunTrngStartupTest
                0x00004374       0x1c C:/Users/Alex/ncs/v1.3.0/nrfxlib/crypto/nrf_cc310_platform/lib/cortex-m33/hard-float/no-interrupts/libnrf_cc310_platform_0.9.2.a(llf_rnd_trng90b.c.obj)
                0x00004374                LLF_RND_RunTrngStartupTest
 .text.LLF_RND_WaitRngInterrupt
                0x00004390       0x20 C:/Users/Alex/ncs/v1.3.0/nrfxlib/crypto/nrf_cc310_platform/lib/cortex-m33/hard-float/no-interrupts/libnrf_cc310_platform_0.9.2.a(llf_rnd.c.obj)
                0x00004390                LLF_RND_WaitRngInterrupt
 .text.LLF_RND_GetRoscSampleCnt
                0x000043b0       0x3c C:/Users/Alex/ncs/v1.3.0/nrfxlib/crypto/nrf_cc310_platform/lib/cortex-m33/hard-float/no-interrupts/libnrf_cc310_platform_0.9.2.a(llf_rnd.c.obj)
                0x000043b0                LLF_RND_GetRoscSampleCnt
 .text.LLF_RND_GetFastestRosc
                0x000043ec       0x20 C:/Users/Alex/ncs/v1.3.0/nrfxlib/crypto/nrf_cc310_platform/lib/cortex-m33/hard-float/no-interrupts/libnrf_cc310_platform_0.9.2.a(llf_rnd.c.obj)
                0x000043ec                LLF_RND_GetFastestRosc
 .text.LLF_RND_TurnOffTrng
                0x0000440c       0x1c C:/Users/Alex/ncs/v1.3.0/nrfxlib/crypto/nrf_cc310_platform/lib/cortex-m33/hard-float/no-interrupts/libnrf_cc310_platform_0.9.2.a(llf_rnd.c.obj)
                0x0000440c                LLF_RND_TurnOffTrng
 .text.main     0x00004428        0xe app/libapp.a(main.c.obj)
                0x00004428                main
 .text.arch_printk_char_out
                0x00004436        0x4 zephyr/libzephyr.a(printk.c.obj)
                0x00004436                arch_printk_char_out
 .text.print_err
                0x0000443a       0x1c zephyr/libzephyr.a(printk.c.obj)
 .text.printk   0x00004456       0x1a zephyr/libzephyr.a(printk.c.obj)
                0x00004456                printk
 .text.z_thread_entry
                0x00004470       0x14 zephyr/libzephyr.a(thread_entry.c.obj)
                0x00004470                z_thread_entry
 .text.chunk_field
                0x00004484       0x18 zephyr/libzephyr.a(heap.c.obj)
 .text.chunk_set
                0x0000449c       0x1a zephyr/libzephyr.a(heap.c.obj)
 .text.free_list_add
                0x000044b6       0x9a zephyr/libzephyr.a(heap.c.obj)
 .text.sys_heap_init
                0x00004550       0x88 zephyr/libzephyr.a(heap.c.obj)
                0x00004550                sys_heap_init
 .text._ConfigAbsSyms
                0x000045d8        0x2 zephyr/libzephyr.a(configs.c.obj)
                0x000045d8                _ConfigAbsSyms
 .text.z_platform_init
                0x000045da        0x4 zephyr/libzephyr.a(soc.c.obj)
                0x000045da                z_platform_init
 .text.get_status
                0x000045de       0x1c zephyr/libzephyr.a(nrf_power_clock.c.obj)
 .text.clock_stop
                0x000045fa       0x52 zephyr/libzephyr.a(nrf_power_clock.c.obj)
 .text.clock_async_start
                0x0000464c       0xc8 zephyr/libzephyr.a(nrf_power_clock.c.obj)
 .text.clock_start
                0x00004714        0x6 zephyr/libzephyr.a(nrf_power_clock.c.obj)
 .text.clk_init
                0x0000471a       0x34 zephyr/libzephyr.a(nrf_power_clock.c.obj)
 .text.z_clock_isr
                0x0000474e        0x2 zephyr/libzephyr.a(sys_clock_init.c.obj)
                0x0000474e                z_clock_isr
 .text.z_clock_idle_exit
                0x00004750        0x2 zephyr/libzephyr.a(sys_clock_init.c.obj)
                0x00004750                z_clock_idle_exit
 .text.adp536x_charger_current_set
                0x00004752        0xc zephyr/libzephyr.a(adp536x.c.obj)
                0x00004752                adp536x_charger_current_set
 .text.adp536x_vbus_current_set
                0x0000475e        0xc zephyr/libzephyr.a(adp536x.c.obj)
                0x0000475e                adp536x_vbus_current_set
 .text.adp536x_charging_enable
                0x0000476a        0xa zephyr/libzephyr.a(adp536x.c.obj)
                0x0000476a                adp536x_charging_enable
 .text.adp536x_oc_chg_current_set
                0x00004774        0xe zephyr/libzephyr.a(adp536x.c.obj)
                0x00004774                adp536x_oc_chg_current_set
 .text.adp536x_buck_1v8_set
                0x00004782        0xa zephyr/libzephyr.a(adp536x.c.obj)
                0x00004782                adp536x_buck_1v8_set
 .text.adp536x_buck_discharge_set
                0x0000478c        0xe zephyr/libzephyr.a(adp536x.c.obj)
                0x0000478c                adp536x_buck_discharge_set
 .text.adp536x_buckbst_3v3_set
                0x0000479a        0xa zephyr/libzephyr.a(adp536x.c.obj)
                0x0000479a                adp536x_buckbst_3v3_set
 .text.adp536x_buckbst_enable
                0x000047a4        0xa zephyr/libzephyr.a(adp536x.c.obj)
                0x000047a4                adp536x_buckbst_enable
 .text.spm_secure_services_init
                0x000047ae       0x14 zephyr/libzephyr.a(secure_services.c.obj)
                0x000047ae                spm_secure_services_init
 .text.spm_request_random_number
                0x000047c2       0x82 zephyr/libzephyr.a(secure_services.c.obj)
                0x000047c2                __acle_se_spm_request_random_number
 .text.abort_function
                0x00004844        0x2 zephyr/libzephyr.a(nrf_cc310_platform_abort_zephyr.c.obj)
 .text.z_irq_spurious
                0x00004846        0x8 zephyr/arch/arch/arm/core/aarch32/libarch__arm__core__aarch32.a(irq_manage.c.obj)
                0x00004846                z_irq_spurious
 .text.irq_target_state_set
                0x0000484e       0x52 zephyr/arch/arch/arm/core/aarch32/libarch__arm__core__aarch32.a(irq_manage.c.obj)
                0x0000484e                irq_target_state_set
 .text.z_arm_fatal_error
                0x000048a0        0x4 zephyr/arch/arch/arm/core/aarch32/libarch__arm__core__aarch32.a(fatal.c.obj)
                0x000048a0                z_arm_fatal_error
 .text.z_do_kernel_oops
                0x000048a4        0x8 zephyr/arch/arch/arm/core/aarch32/libarch__arm__core__aarch32.a(fatal.c.obj)
                0x000048a4                z_do_kernel_oops
 .text.z_arm_nmi
                0x000048ac        0xe zephyr/arch/arch/arm/core/aarch32/libarch__arm__core__aarch32.a(nmi.c.obj)
                0x000048ac                z_arm_nmi
 .text.mpu_configure_region
                0x000048ba       0x40 zephyr/arch/arch/arm/core/aarch32/cortex_m/mpu/libarch__arm__core__aarch32__cortex_m__mpu.a(arm_mpu.c.obj)
 .text.arm_cmse_mpu_region_get
                0x000048fa       0x14 zephyr/arch/arch/arm/core/aarch32/cortex_m/cmse/libarch__arm__core__aarch32__cortex_m__cmse.a(arm_core_cmse.c.obj)
                0x000048fa                arm_cmse_mpu_region_get
 .text.strcmp   0x0000490e       0x18 zephyr/lib/libc/minimal/liblib__libc__minimal.a(string.c.obj)
                0x0000490e                strcmp
 .text.memcmp   0x00004926       0x20 zephyr/lib/libc/minimal/liblib__libc__minimal.a(string.c.obj)
                0x00004926                memcmp
 .text.memmove  0x00004946       0x2e zephyr/lib/libc/minimal/liblib__libc__minimal.a(string.c.obj)
                0x00004946                memmove
 .text.memcpy   0x00004974       0x56 zephyr/lib/libc/minimal/liblib__libc__minimal.a(string.c.obj)
                0x00004974                memcpy
 .text.memset   0x000049ca       0x46 zephyr/lib/libc/minimal/liblib__libc__minimal.a(string.c.obj)
                0x000049ca                memset
 .text._stdout_hook_default
                0x00004a10        0x6 zephyr/lib/libc/minimal/liblib__libc__minimal.a(stdout_console.c.obj)
 .text.i2c_nrfx_twim_configure
                0x00004a16       0x32 zephyr/drivers/i2c/libdrivers__i2c.a(i2c_nrfx_twim.c.obj)
 .text.uarte_nrfx_config_get
                0x00004a48       0x10 zephyr/drivers/serial/libdrivers__serial.a(uart_nrfx_uarte.c.obj)
 .text.uarte_nrfx_err_check
                0x00004a58        0xe zephyr/drivers/serial/libdrivers__serial.a(uart_nrfx_uarte.c.obj)
 .text.uarte_nrfx_poll_in
                0x00004a66       0x22 zephyr/drivers/serial/libdrivers__serial.a(uart_nrfx_uarte.c.obj)
 .text.uarte_nrfx_poll_out
                0x00004a88       0x7e zephyr/drivers/serial/libdrivers__serial.a(uart_nrfx_uarte.c.obj)
 .text.k_sys_fatal_error_handler
                0x00004b06        0x8 modules/nrf/lib/fatal_error/lib..__nrf__lib__fatal_error.a(fatal_error.c.obj)
                0x00004b06                k_sys_fatal_error_handler
 .text.hw_cc310_init
                0x00004b0e       0x12 modules/nrf/drivers/hw_cc310/lib..__nrf__drivers__hw_cc310.a(hw_cc310.c.obj)
 .text.nrfx_isr
                0x00004b20        0x2 modules/nordic/lib..__modules__hal__nordic.a(nrfx_glue.c.obj)
                0x00004b20                nrfx_isr
 .text.nrfx_busy_wait
                0x00004b22        0x4 modules/nordic/lib..__modules__hal__nordic.a(nrfx_glue.c.obj)
                0x00004b22                nrfx_busy_wait
 .text.xfer_completeness_check
                0x00004b26       0x60 modules/nordic/lib..__modules__hal__nordic.a(nrfx_twim.c.obj)
 .text.z_fatal_error
                0x00004b86       0x38 zephyr/kernel/libkernel.a(fatal.c.obj)
                0x00004b86                z_fatal_error
 .text.z_sys_power_save_idle_exit
                0x00004bbe        0x4 zephyr/kernel/libkernel.a(idle.c.obj)
                0x00004bbe                z_sys_power_save_idle_exit
 .text.k_mem_slab_init
                0x00004bc2       0x36 zephyr/kernel/libkernel.a(mem_slab.c.obj)
                0x00004bc2                k_mem_slab_init
 .text.z_impl_k_mutex_init
                0x00004bf8        0xe zephyr/kernel/libkernel.a(mutex.c.obj)
                0x00004bf8                z_impl_k_mutex_init
 .text.z_reschedule
                0x00004c06       0x16 zephyr/kernel/libkernel.a(sched.c.obj)
                0x00004c06                z_reschedule
 .text.z_reschedule_irqlock
                0x00004c1c       0x18 zephyr/kernel/libkernel.a(sched.c.obj)
                0x00004c1c                z_reschedule_irqlock
 .text.z_reschedule_unlocked
                0x00004c34       0x14 zephyr/kernel/libkernel.a(sched.c.obj)
 .text.z_priq_dumb_best
                0x00004c48       0x14 zephyr/kernel/libkernel.a(sched.c.obj)
                0x00004c48                z_priq_dumb_best
 .text.z_ready_thread
                0x00004c5c       0x20 zephyr/kernel/libkernel.a(sched.c.obj)
                0x00004c5c                z_ready_thread
 .text.z_thread_timeout
                0x00004c7c       0x56 zephyr/kernel/libkernel.a(sched.c.obj)
                0x00004c7c                z_thread_timeout
 .text.z_remove_thread_from_ready_q
                0x00004cd2       0x20 zephyr/kernel/libkernel.a(sched.c.obj)
                0x00004cd2                z_remove_thread_from_ready_q
 .text.add_to_waitq_locked
                0x00004cf2       0x56 zephyr/kernel/libkernel.a(sched.c.obj)
 .text.z_unpend_first_thread
                0x00004d48       0x5a zephyr/kernel/libkernel.a(sched.c.obj)
                0x00004d48                z_unpend_first_thread
 .text.k_is_in_isr
                0x00004da2        0xc zephyr/kernel/libkernel.a(thread.c.obj)
                0x00004da2                k_is_in_isr
 .text.z_impl_k_busy_wait
                0x00004dae        0x4 zephyr/kernel/libkernel.a(thread.c.obj)
                0x00004dae                z_impl_k_busy_wait
 .text.z_abort_timeout
                0x00004db2       0x2c zephyr/kernel/libkernel.a(timeout.c.obj)
                0x00004db2                z_abort_timeout
 .text.z_get_next_timeout_expiry
                0x00004dde       0x20 zephyr/kernel/libkernel.a(timeout.c.obj)
                0x00004dde                z_get_next_timeout_expiry
 .text.z_set_timeout_expiry
                0x00004dfe       0x36 zephyr/kernel/libkernel.a(timeout.c.obj)
                0x00004dfe                z_set_timeout_expiry
 .text.z_tick_get_32
                0x00004e34        0x8 zephyr/kernel/libkernel.a(timeout.c.obj)
                0x00004e34                z_tick_get_32
 .text.k_heap_init
                0x00004e3c       0x12 zephyr/kernel/libkernel.a(kheap.c.obj)
                0x00004e3c                k_heap_init
 .text._OffsetAbsSyms
                0x00004e4e        0x2 zephyr/CMakeFiles/offsets.dir/arch/arm/core/offsets/offsets.c.obj
                0x00004e4e                _OffsetAbsSyms
 *(SORT_BY_ALIGNMENT(.gnu.linkonce.t.*))
 *(SORT_BY_ALIGNMENT(.glue_7t))
 .glue_7t       0x00004e50        0x0 linker stubs
 *(SORT_BY_ALIGNMENT(.glue_7))
 .glue_7        0x00004e50        0x0 linker stubs
 *(SORT_BY_ALIGNMENT(.vfp11_veneer))
 .vfp11_veneer  0x00004e50        0x0 linker stubs
 *(SORT_BY_ALIGNMENT(.v4_bx))
 .v4_bx         0x00004e50        0x0 linker stubs
                0x00004e50                _image_text_end = .

.ARM.exidx      0x00004e50        0x8
                0x00004e50                __exidx_start = .
 *(SORT_BY_ALIGNMENT(.ARM.exidx*) SORT_BY_ALIGNMENT(gnu.linkonce.armexidx.*))
 .ARM.exidx     0x00004e50        0x8 c:/users/alex/ncs/v1.3.0/toolchain/opt/bin/../lib/gcc/arm-none-eabi/9.2.1/thumb/v8-m.main+fp/hard\libgcc.a(_udivmoddi4.o)
                0x00004e58                __exidx_end = .
                0x00004e58                _image_rodata_start = .

initlevel       0x00004e58       0x68
                0x00004e58                __init_start = .
                0x00004e58                __init_PRE_KERNEL_1_start = .
 *(SORT_BY_NAME(SORT_BY_ALIGNMENT(.init_PRE_KERNEL_1[0-9])))
 .init_PRE_KERNEL_10
                0x00004e58        0x8 zephyr/libzephyr.a(soc.c.obj)
 *(SORT_BY_NAME(SORT_BY_ALIGNMENT(.init_PRE_KERNEL_1[1-9][0-9])))
 .init_PRE_KERNEL_130
                0x00004e60        0x8 zephyr/kernel/libkernel.a(mem_slab.c.obj)
 .init_PRE_KERNEL_130
                0x00004e68        0x8 zephyr/kernel/libkernel.a(kheap.c.obj)
 .init_PRE_KERNEL_140
                0x00004e70        0x8 zephyr/arch/arch/arm/core/aarch32/cortex_m/mpu/libarch__arm__core__aarch32__cortex_m__mpu.a(arm_mpu.c.obj)
 .init_PRE_KERNEL_150
                0x00004e78        0x8 zephyr/libzephyr.a(nrf_power_clock.c.obj)
 .init_PRE_KERNEL_150
                0x00004e80       0x10 zephyr/drivers/serial/libdrivers__serial.a(uart_nrfx_uarte.c.obj)
 .init_PRE_KERNEL_160
                0x00004e90        0x8 zephyr/libzephyr.a(uart_console.c.obj)
                0x00004e98                __init_PRE_KERNEL_2_start = .
 *(SORT_BY_NAME(SORT_BY_ALIGNMENT(.init_PRE_KERNEL_2[0-9])))
 .init_PRE_KERNEL_20
                0x00004e98        0x8 zephyr/libzephyr.a(sys_clock_init.c.obj)
 *(SORT_BY_NAME(SORT_BY_ALIGNMENT(.init_PRE_KERNEL_2[1-9][0-9])))
                0x00004ea0                __init_POST_KERNEL_start = .
 *(SORT_BY_NAME(SORT_BY_ALIGNMENT(.init_POST_KERNEL[0-9])))
 *(SORT_BY_NAME(SORT_BY_ALIGNMENT(.init_POST_KERNEL[1-9][0-9])))
 .init_POST_KERNEL40
                0x00004ea0        0x8 modules/nrf/drivers/hw_cc310/lib..__nrf__drivers__hw_cc310.a(hw_cc310.c.obj)
 .init_POST_KERNEL60
                0x00004ea8        0x8 zephyr/drivers/i2c/libdrivers__i2c.a(i2c_nrfx_twim.c.obj)
 .init_POST_KERNEL90
                0x00004eb0        0x8 modules/nrf/subsys/fw_info/lib..__nrf__subsys__fw_info.a(fw_info.c.obj)
                0x00004eb8                __init_APPLICATION_start = .
 *(SORT_BY_NAME(SORT_BY_ALIGNMENT(.init_APPLICATION[0-9])))
 *(SORT_BY_NAME(SORT_BY_ALIGNMENT(.init_APPLICATION[1-9][0-9])))
 .init_APPLICATION90
                0x00004eb8        0x8 zephyr/boards/boards/arm/thingy91_nrf9160/lib..__nrf__boards__arm__thingy91_nrf9160.a(board_secure.c.obj)
                0x00004ec0                __init_SMP_start = .
 *(SORT_BY_NAME(SORT_BY_ALIGNMENT(.init_SMP[0-9])))
 *(SORT_BY_NAME(SORT_BY_ALIGNMENT(.init_SMP[1-9][0-9])))
                0x00004ec0                __init_end = .

sw_isr_table    0x00004ec0      0x208
                0x00004ec0                . = ALIGN (0x0)
 *(SORT_BY_ALIGNMENT(.gnu.linkonce.sw_isr_table))
 .gnu.linkonce.sw_isr_table
                0x00004ec0      0x208 zephyr/CMakeFiles/zephyr_final.dir/isr_tables.c.obj
                0x00004ec0                _sw_isr_table

initlevel_error
                0x00004e58        0x0
 *(SORT_BY_NAME(SORT_BY_ALIGNMENT(.init_[_A-Z0-9]*)))
                0x00000001                ASSERT ((SIZEOF (initlevel_error) == 0x0), Undefined initialization levels used.)

app_shmem_regions
                0x000050c8        0x0
                0x000050c8                __app_shmem_regions_start = .
 *(SORT_BY_NAME(SORT_BY_ALIGNMENT(.app_regions.*)))
                0x000050c8                __app_shmem_regions_end = .

net_l2          0x000050c8        0x0
                0x000050c8                __net_l2_start = .
 *(SORT_BY_ALIGNMENT(.net_l2.init))
 *(SORT_BY_NAME(SORT_BY_ALIGNMENT(.net_l2.init*)))
                0x000050c8                __net_l2_end = .

_bt_channels_area
                0x000050c8        0x0
                0x000050c8                _bt_l2cap_fixed_chan_list_start = .
 *(SORT_BY_NAME(SORT_BY_ALIGNMENT(._bt_l2cap_fixed_chan.static.*)))
                0x000050c8                _bt_l2cap_fixed_chan_list_end = .

_bt_services_area
                0x000050c8        0x0
                0x000050c8                _bt_gatt_service_static_list_start = .
 *(SORT_BY_NAME(SORT_BY_ALIGNMENT(._bt_gatt_service_static.static.*)))
                0x000050c8                _bt_gatt_service_static_list_end = .

log_const_sections
                0x000050c8        0x0
                0x000050c8                __log_const_start = .
 *(SORT_BY_NAME(SORT_BY_ALIGNMENT(.log_const_*)))
                0x000050c8                __log_const_end = .

log_backends_sections
                0x000050c8        0x0
                0x000050c8                __log_backends_start = .
 *(SORT_BY_ALIGNMENT(._log_backend.*))
                0x000050c8                __log_backends_end = .

shell_sections  0x000050c8        0x0
                0x000050c8                _shell_list_start = .
 *(SORT_BY_NAME(SORT_BY_ALIGNMENT(._shell.static.*)))
                0x000050c8                _shell_list_end = .

shell_root_cmds_sections
                0x000050c8        0x0
                0x000050c8                __shell_root_cmds_start = .
 *(SORT_BY_NAME(SORT_BY_ALIGNMENT(.shell_root_cmd_*)))
                0x000050c8                __shell_root_cmds_end = .

font_entry_sections
                0x000050c8        0x0
                0x000050c8                __font_entry_start = .
 *(SORT_BY_NAME(SORT_BY_ALIGNMENT(._cfb_font.*)))
                0x000050c8                __font_entry_end = .

tracing_backends_sections
                0x000050c8        0x0
                0x000050c8                _tracing_backend_list_start = .
 *(SORT_BY_ALIGNMENT(._tracing_backend.*))
                0x000050c8                _tracing_backend_list_end = .

rodata          0x000050d0      0x6d0
 *(SORT_BY_ALIGNMENT(.rodata))
 .rodata        0x000050d0        0xc zephyr/libzephyr.a(secure_services.c.obj)
 .rodata        0x000050dc       0x20 zephyr/drivers/serial/libdrivers__serial.a(uart_nrfx_uarte.c.obj)
 .rodata        0x000050fc       0x18 modules/nrf/subsys/fw_info/lib..__nrf__subsys__fw_info.a(fw_info.c.obj)
 *(SORT_BY_ALIGNMENT(.rodata.*))
 *fill*         0x00005114        0xc 
 .rodata.delay_machine_code.10008
                0x00005120        0x6 zephyr/libzephyr.a(soc.c.obj)
 *fill*         0x00005126        0x2 
 .rodata.clock_control_api
                0x00005128       0x14 zephyr/libzephyr.a(nrf_power_clock.c.obj)
 .rodata.periph.10752
                0x0000513c       0xd0 zephyr/libzephyr.a(spm.c.obj)
 .rodata.fw_info_allowed_offsets
                0x0000520c       0x14 zephyr/libzephyr.a(secure_services.c.obj)
 .rodata.apis   0x00005220        0x8 zephyr/libzephyr.a(nrf_cc310_platform_abort_zephyr.c.obj)
 .rodata.mutex_apis
                0x00005228       0x10 zephyr/libzephyr.a(nrf_cc310_platform_mutex_zephyr.c.obj)
 .rodata.mutexes
                0x00005238       0x14 zephyr/libzephyr.a(nrf_cc310_platform_mutex_zephyr.c.obj)
 .rodata.mpu_config
                0x0000524c        0x8 zephyr/soc/arm/common/cortex_m/libsoc__arm__common__cortex_m.a(arm_mpu_regions.c.obj)
                0x0000524c                mpu_config
 .rodata.mpu_regions
                0x00005254       0x20 zephyr/soc/arm/common/cortex_m/libsoc__arm__common__cortex_m.a(arm_mpu_regions.c.obj)
 .rodata.i2c_nrfx_twim_driver_api
                0x00005274       0x14 zephyr/drivers/i2c/libdrivers__i2c.a(i2c_nrfx_twim.c.obj)
 .rodata.twim_2z_config
                0x00005288       0x18 zephyr/drivers/i2c/libdrivers__i2c.a(i2c_nrfx_twim.c.obj)
 .rodata.uart_nrfx_uarte_driver_api
                0x000052a0       0x14 zephyr/drivers/serial/libdrivers__serial.a(uart_nrfx_uarte.c.obj)
 .rodata.uarte_0z_config
                0x000052b4        0x8 zephyr/drivers/serial/libdrivers__serial.a(uart_nrfx_uarte.c.obj)
 .rodata.uarte_1z_config
                0x000052bc        0x8 zephyr/drivers/serial/libdrivers__serial.a(uart_nrfx_uarte.c.obj)
 .rodata.levels.10106
                0x000052c4       0x14 zephyr/kernel/libkernel.a(device.c.obj)
 .rodata._k_neg_eagain
                0x000052d8        0x4 zephyr/kernel/libkernel.a(errno.c.obj)
                0x000052d8                _k_neg_eagain
 .rodata.CC_PalPowerSaveModeInit.str1.4
                0x000052dc       0x20 modules/nrfxlib/nrf_security/src/mbedtls/cc310/libmbedcrypto_cc310.a(cc_pal_pm.c.obj)
 .rodata.CSWTCH.6
                0x000052fc       0x1c C:/Users/Alex/ncs/v1.3.0/nrfxlib/crypto/nrf_cc310_platform/lib/cortex-m33/hard-float/no-interrupts/libnrf_cc310_platform_0.9.2.a(nrf_cc310_platform.c.obj)
 .rodata.mutex_init.str1.4
                0x00005318       0x23 C:/Users/Alex/ncs/v1.3.0/nrfxlib/crypto/nrf_cc310_platform/lib/cortex-m33/hard-float/no-interrupts/libnrf_cc310_platform_0.9.2.a(nrf_cc310_platform_mutex.c.obj)
 *fill*         0x0000533b        0x1 
 .rodata.mutex_unlock.str1.4
                0x0000533c       0x1f C:/Users/Alex/ncs/v1.3.0/nrfxlib/crypto/nrf_cc310_platform/lib/cortex-m33/hard-float/no-interrupts/libnrf_cc310_platform_0.9.2.a(nrf_cc310_platform_mutex.c.obj)
 *fill*         0x0000535b        0x1 
 .rodata.CC_LibInitRngModule.str1.4
                0x0000535c       0x6d C:/Users/Alex/ncs/v1.3.0/nrfxlib/crypto/nrf_cc310_platform/lib/cortex-m33/hard-float/no-interrupts/libnrf_cc310_platform_0.9.2.a(cc_lib.c.obj)
 .rodata.LLF_RND_GetTrngSource.str1.4
                0x000053c9       0x6f C:/Users/Alex/ncs/v1.3.0/nrfxlib/crypto/nrf_cc310_platform/lib/cortex-m33/hard-float/no-interrupts/libnrf_cc310_platform_0.9.2.a(llf_rnd_trng90b.c.obj)
 *fill*         0x000053c9        0x1 
 .rodata.config
                0x000053ca        0x8 zephyr/libzephyr.a(nrf_power_clock.c.obj)
 .rodata.uart_console_init.str1.1
                0x000053d2        0x7 zephyr/libzephyr.a(uart_console.c.obj)
 .rodata.str1.1
                0x000053d9        0x7 zephyr/libzephyr.a(nrf_power_clock.c.obj)
                                  0x6 (size before relaxing)
 .rodata.str1.1
                0x000053d9        0xa zephyr/libzephyr.a(sys_clock_init.c.obj)
 .rodata.z_clock_driver_init.str1.1
                0x000053e3        0x6 zephyr/libzephyr.a(nrf_rtc_timer.c.obj)
 .rodata.config_regions.str1.1
                0x000053e3       0x32 zephyr/libzephyr.a(spm.c.obj)
                                 0x37 (size before relaxing)
 .rodata.spm_jump.str1.1
                0x00005415       0x75 zephyr/libzephyr.a(spm.c.obj)
 .rodata.spm_config.str1.1
                0x0000548a      0x104 zephyr/libzephyr.a(spm.c.obj)
                                0x10c (size before relaxing)
 .rodata.str1.1
                0x0000558e       0xfc zephyr/libzephyr.a(spm.c.obj)
 .rodata.mutex_free.str1.1
                0x0000568a       0x26 zephyr/libzephyr.a(nrf_cc310_platform_mutex_zephyr.c.obj)
 .rodata.mutex_init.str1.1
                0x000056b0       0x2d zephyr/libzephyr.a(nrf_cc310_platform_mutex_zephyr.c.obj)
 .rodata.str1.1
                0x000056dd        0xf zephyr/soc/arm/common/cortex_m/libsoc__arm__common__cortex_m.a(arm_mpu_regions.c.obj)
 .rodata.thingy91_board_init.str1.1
                0x000056ec        0x6 zephyr/boards/boards/arm/thingy91_nrf9160/lib..__nrf__boards__arm__thingy91_nrf9160.a(board_secure.c.obj)
 .rodata.str1.1
                0x000056f2        0x6 zephyr/drivers/i2c/libdrivers__i2c.a(i2c_nrfx_twim.c.obj)
 .rodata.str1.1
                0x000056f2        0x7 zephyr/drivers/serial/libdrivers__serial.a(uart_nrfx_uarte.c.obj)
                                  0xe (size before relaxing)
 .rodata.check_ext_api_requests.str1.1
                0x000056f9       0x5c modules/nrf/subsys/fw_info/lib..__nrf__subsys__fw_info.a(fw_info.c.obj)
 .rodata.str1.1
                0x00005755        0xb modules/nrf/drivers/hw_cc310/lib..__nrf__drivers__hw_cc310.a(hw_cc310.c.obj)
 .rodata.bg_thread_main.str1.1
                0x00005760       0x37 zephyr/kernel/libkernel.a(init.c.obj)
                                 0x38 (size before relaxing)
 .rodata.z_cstart.str1.1
                0x00005797        0x5 zephyr/kernel/libkernel.a(init.c.obj)
 *(SORT_BY_ALIGNMENT(.gnu.linkonce.r.*))
                0x0000579c                . = ALIGN (0x4)
                0x0000579c                _fw_info_images_start = .
 *(SORT_BY_ALIGNMENT(.fw_info_images))
 .fw_info_images
                0x0000579c        0x4 modules/nrf/subsys/fw_info/lib..__nrf__subsys__fw_info.a(fw_info.c.obj)
                0x0000579c                self_image
                0x00000001                _fw_info_images_size = ABSOLUTE (((. - _fw_info_images_start) / 0x4))
                0x000057a0                _ext_apis_start = .
 *(SORT_BY_ALIGNMENT(.ext_apis))
                0x00000000                _ext_apis_size = ABSOLUTE ((. - _ext_apis_start))
                0x000057a0                _ext_apis_req_start = .
 *(SORT_BY_ALIGNMENT(.ext_apis_req))
                0x00000000                _ext_apis_req_size = ABSOLUTE ((. - _ext_apis_req_start))
                0x000057a0                . = ALIGN (0x4)
                0x000057a0                _image_rodata_end = .
                0x000057a0                . = ALIGN (_region_min_align)
                0x000057a0                _image_rom_end = .
                0x20000000                . = 0x20000000
                0x20000000                . = ALIGN (_region_min_align)
                0x20000000                _image_ram_start = .

.ramfunc        0x20000000        0x0 load address 0x000057a0
                0x20000000                . = ALIGN (_region_min_align)
                0x20000000                _ramfunc_ram_start = .
 *(SORT_BY_ALIGNMENT(.ramfunc))
 *(SORT_BY_ALIGNMENT(.ramfunc.*))
                0x20000000                . = ALIGN (_region_min_align)
                0x20000000                _ramfunc_ram_end = .
                0x00000000                _ramfunc_ram_size = (_ramfunc_ram_end - _ramfunc_ram_start)
                0x000057a0                _ramfunc_rom_start = LOADADDR (.ramfunc)

datas           0x20000000       0xbc load address 0x000057a0
                0x20000000                __data_ram_start = .
 *(SORT_BY_ALIGNMENT(.data))
 *(SORT_BY_ALIGNMENT(.data.*))
 .data._char_out
                0x20000000        0x4 zephyr/libzephyr.a(printk.c.obj)
                0x20000000                _char_out
 .data.asym_mutex
                0x20000004        0x8 zephyr/libzephyr.a(nrf_cc310_platform_mutex_zephyr.c.obj)
                0x20000004                asym_mutex
 .data.power_mutex
                0x2000000c        0x8 zephyr/libzephyr.a(nrf_cc310_platform_mutex_zephyr.c.obj)
                0x2000000c                power_mutex
 .data.rng_mutex
                0x20000014        0x8 zephyr/libzephyr.a(nrf_cc310_platform_mutex_zephyr.c.obj)
                0x20000014                rng_mutex
 .data.sym_mutex
                0x2000001c        0x8 zephyr/libzephyr.a(nrf_cc310_platform_mutex_zephyr.c.obj)
                0x2000001c                sym_mutex
 .data._stdout_hook
                0x20000024        0x4 zephyr/lib/libc/minimal/liblib__libc__minimal.a(stdout_console.c.obj)
 .data.twim_2_data
                0x20000028       0x28 zephyr/drivers/i2c/libdrivers__i2c.a(i2c_nrfx_twim.c.obj)
 .data.uarte_0_data
                0x20000050       0x10 zephyr/drivers/serial/libdrivers__serial.a(uart_nrfx_uarte.c.obj)
 .data.uarte_1_data
                0x20000060       0x10 zephyr/drivers/serial/libdrivers__serial.a(uart_nrfx_uarte.c.obj)
 .data.SystemCoreClock
                0x20000070        0x4 modules/nordic/lib..__modules__hal__nordic.a(system_nrf9160.c.obj)
                0x20000070                SystemCoreClock
 .data.timeout_list
                0x20000074        0x8 zephyr/kernel/libkernel.a(timeout.c.obj)
 .data.CCAsymCryptoMutex
                0x2000007c        0x4 modules/nrfxlib/nrf_security/src/mbedtls/cc310/libmbedcrypto_cc310.a(cc_pal.c.obj)
                0x2000007c                CCAsymCryptoMutex
 .data.CCPowerMutex
                0x20000080        0x4 modules/nrfxlib/nrf_security/src/mbedtls/cc310/libmbedcrypto_cc310.a(cc_pal.c.obj)
                0x20000080                CCPowerMutex
 .data.CCRndCryptoMutex
                0x20000084        0x4 modules/nrfxlib/nrf_security/src/mbedtls/cc310/libmbedcrypto_cc310.a(cc_pal.c.obj)
                0x20000084                CCRndCryptoMutex
 .data.CCSymCryptoMutex
                0x20000088        0x4 modules/nrfxlib/nrf_security/src/mbedtls/cc310/libmbedcrypto_cc310.a(cc_pal.c.obj)
                0x20000088                CCSymCryptoMutex
 .data.pCCRndCryptoMutex
                0x2000008c        0x4 modules/nrfxlib/nrf_security/src/mbedtls/cc310/libmbedcrypto_cc310.a(cc_pal.c.obj)
                0x2000008c                pCCRndCryptoMutex
 .data.platform_abort_apis
                0x20000090        0x8 C:/Users/Alex/ncs/v1.3.0/nrfxlib/crypto/nrf_cc310_platform/lib/cortex-m33/hard-float/no-interrupts/libnrf_cc310_platform_0.9.2.a(nrf_cc310_platform_abort.c.obj)
                0x20000090                platform_abort_apis
 .data.platform_mutex_apis
                0x20000098       0x10 C:/Users/Alex/ncs/v1.3.0/nrfxlib/crypto/nrf_cc310_platform/lib/cortex-m33/hard-float/no-interrupts/libnrf_cc310_platform_0.9.2.a(nrf_cc310_platform_mutex.c.obj)
                0x20000098                platform_mutex_apis
 .data.platform_mutexes
                0x200000a8       0x14 C:/Users/Alex/ncs/v1.3.0/nrfxlib/crypto/nrf_cc310_platform/lib/cortex-m33/hard-float/no-interrupts/libnrf_cc310_platform_0.9.2.a(nrf_cc310_platform_mutex.c.obj)
                0x200000a8                platform_mutexes
 *(SORT_BY_ALIGNMENT(.kernel.*))
                0x000057a0                __data_rom_start = LOADADDR (datas)

devices         0x200000bc       0x60 load address 0x0000585c
                0x200000bc                __device_start = .
                0x200000bc                __device_PRE_KERNEL_1_start = .
 *(SORT_BY_NAME(SORT_BY_ALIGNMENT(.device_PRE_KERNEL_1[0-9])))
 *(SORT_BY_NAME(SORT_BY_ALIGNMENT(.device_PRE_KERNEL_1[1-9][0-9])))
 .device_PRE_KERNEL_150
                0x200000bc       0x10 zephyr/libzephyr.a(nrf_power_clock.c.obj)
 .device_PRE_KERNEL_150
                0x200000cc       0x20 zephyr/drivers/serial/libdrivers__serial.a(uart_nrfx_uarte.c.obj)
                0x200000ec                __device_PRE_KERNEL_2_start = .
 *(SORT_BY_NAME(SORT_BY_ALIGNMENT(.device_PRE_KERNEL_2[0-9])))
 .device_PRE_KERNEL_20
                0x200000ec       0x10 zephyr/libzephyr.a(sys_clock_init.c.obj)
 *(SORT_BY_NAME(SORT_BY_ALIGNMENT(.device_PRE_KERNEL_2[1-9][0-9])))
                0x200000fc                __device_POST_KERNEL_start = .
 *(SORT_BY_NAME(SORT_BY_ALIGNMENT(.device_POST_KERNEL[0-9])))
 *(SORT_BY_NAME(SORT_BY_ALIGNMENT(.device_POST_KERNEL[1-9][0-9])))
 .device_POST_KERNEL40
                0x200000fc       0x10 modules/nrf/drivers/hw_cc310/lib..__nrf__drivers__hw_cc310.a(hw_cc310.c.obj)
 .device_POST_KERNEL60
                0x2000010c       0x10 zephyr/drivers/i2c/libdrivers__i2c.a(i2c_nrfx_twim.c.obj)
                0x2000011c                __device_APPLICATION_start = .
 *(SORT_BY_NAME(SORT_BY_ALIGNMENT(.device_APPLICATION[0-9])))
 *(SORT_BY_NAME(SORT_BY_ALIGNMENT(.device_APPLICATION[1-9][0-9])))
                0x2000011c                __device_SMP_start = .
 *(SORT_BY_NAME(SORT_BY_ALIGNMENT(.device_SMP[0-9])))
 *(SORT_BY_NAME(SORT_BY_ALIGNMENT(.device_SMP[1-9][0-9])))
                0x2000011c                __device_end = .

initshell       0x2000011c        0x0 load address 0x000058bc
                0x2000011c                __shell_module_start = .
 *(SORT_BY_ALIGNMENT(.shell_module_*))
                0x2000011c                __shell_module_end = .
                0x2000011c                __shell_cmd_start = .
 *(SORT_BY_ALIGNMENT(.shell_cmd_*))
                0x2000011c                __shell_cmd_end = .

log_dynamic_sections
                0x2000011c        0x0 load address 0x000058bc
                0x2000011c                __log_dynamic_start = .
 *(SORT_BY_NAME(SORT_BY_ALIGNMENT(.log_dynamic_*)))
                0x2000011c                __log_dynamic_end = .

_static_thread_area
                0x2000011c        0x0 load address 0x000058bc
                0x2000011c                __static_thread_data_list_start = .
 *(SORT_BY_NAME(SORT_BY_ALIGNMENT(.__static_thread_data.static.*)))
                0x2000011c                __static_thread_data_list_end = .

_k_timer_area   0x2000011c        0x0 load address 0x000058bc
                0x2000011c                _k_timer_list_start = .
 *(SORT_BY_ALIGNMENT(._k_timer.static.*))
                0x2000011c                _k_timer_list_end = .

_k_mem_slab_area
                0x2000011c        0x0 load address 0x000058bc
                0x2000011c                _k_mem_slab_list_start = .
 *(SORT_BY_ALIGNMENT(._k_mem_slab.static.*))
                0x2000011c                _k_mem_slab_list_end = .

_k_mem_pool_area
                0x2000011c        0x0 load address 0x000058bc
                0x2000011c                _k_mem_pool_list_start = .
 *(SORT_BY_ALIGNMENT(._k_mem_pool.static.*))
                0x2000011c                _k_mem_pool_list_end = .

_k_heap_area    0x2000011c        0x0 load address 0x000058bc
                0x2000011c                _k_heap_list_start = .
 *(SORT_BY_ALIGNMENT(._k_heap.static.*))
                0x2000011c                _k_heap_list_end = .

_k_sem_area     0x2000011c        0x0 load address 0x000058bc
                0x2000011c                _k_sem_list_start = .
 *(SORT_BY_ALIGNMENT(._k_sem.static.*))
 *(SORT_BY_ALIGNMENT(._sys_sem.static.*))
                0x2000011c                _k_sem_list_end = .

_k_mutex_area   0x2000011c       0x64 load address 0x000058bc
                0x2000011c                _k_mutex_list_start = .
 *(SORT_BY_ALIGNMENT(._k_mutex.static.*))
 ._k_mutex.static.fdtable_lock
                0x2000011c       0x14 zephyr/libzephyr.a(fdtable.c.obj)
 ._k_mutex.static.asym_mutex_int
                0x20000130       0x14 zephyr/libzephyr.a(nrf_cc310_platform_mutex_zephyr.c.obj)
                0x20000130                asym_mutex_int
 ._k_mutex.static.power_mutex_int
                0x20000144       0x14 zephyr/libzephyr.a(nrf_cc310_platform_mutex_zephyr.c.obj)
                0x20000144                power_mutex_int
 ._k_mutex.static.rng_mutex_int
                0x20000158       0x14 zephyr/libzephyr.a(nrf_cc310_platform_mutex_zephyr.c.obj)
                0x20000158                rng_mutex_int
 ._k_mutex.static.sym_mutex_int
                0x2000016c       0x14 zephyr/libzephyr.a(nrf_cc310_platform_mutex_zephyr.c.obj)
                0x2000016c                sym_mutex_int
                0x20000180                _k_mutex_list_end = .

_k_queue_area   0x20000180        0x0 load address 0x00005920
                0x20000180                _k_queue_list_start = .
 *(SORT_BY_ALIGNMENT(._k_queue.static.*))
 *(SORT_BY_ALIGNMENT(._k_fifo.static.*))
 *(SORT_BY_ALIGNMENT(._k_lifo.static.*))
                0x20000180                _k_queue_list_end = .

_k_stack_area   0x20000180        0x0 load address 0x00005920
                0x20000180                _k_stack_list_start = .
 *(SORT_BY_ALIGNMENT(._k_stack.static.*))
                0x20000180                _k_stack_list_end = .

_k_msgq_area    0x20000180        0x0 load address 0x00005920
                0x20000180                _k_msgq_list_start = .
 *(SORT_BY_ALIGNMENT(._k_msgq.static.*))
                0x20000180                _k_msgq_list_end = .

_k_mbox_area    0x20000180        0x0 load address 0x00005920
                0x20000180                _k_mbox_list_start = .
 *(SORT_BY_ALIGNMENT(._k_mbox.static.*))
                0x20000180                _k_mbox_list_end = .

_k_pipe_area    0x20000180        0x0 load address 0x00005920
                0x20000180                _k_pipe_list_start = .
 *(SORT_BY_ALIGNMENT(._k_pipe.static.*))
                0x20000180                _k_pipe_list_end = .

_net_buf_pool_area
                0x20000180        0x0 load address 0x00005920
                0x20000180                _net_buf_pool_list = .
 *(SORT_BY_NAME(SORT_BY_ALIGNMENT(._net_buf_pool.static.*)))

net_if          0x20000180        0x0 load address 0x00005920
                0x20000180                __net_if_start = .
 *(SORT_BY_ALIGNMENT(.net_if.*))
 *(SORT_BY_NAME(SORT_BY_ALIGNMENT(.net_if.*)))
                0x20000180                __net_if_end = .

net_if_dev      0x20000180        0x0 load address 0x00005920
                0x20000180                __net_if_dev_start = .
 *(SORT_BY_ALIGNMENT(.net_if_dev.*))
 *(SORT_BY_NAME(SORT_BY_ALIGNMENT(.net_if_dev.*)))
                0x20000180                __net_if_dev_end = .

net_l2_data     0x20000180        0x0 load address 0x00005920
                0x20000180                __net_l2_data_start = .
 *(SORT_BY_ALIGNMENT(.net_l2.data))
 *(SORT_BY_NAME(SORT_BY_ALIGNMENT(.net_l2.data*)))
                0x20000180                __net_l2_data_end = .
                0x20000180                __data_ram_end = .

bss             0x20000180      0x6d6
                0x20000180                . = ALIGN (0x4)
                0x20000180                __bss_start = .
                0x20000180                __kernel_ram_start = .
 *(SORT_BY_ALIGNMENT(.bss))
 *(SORT_BY_ALIGNMENT(.bss.*))
 .bss.curr_tick
                0x20000180        0x8 zephyr/kernel/libkernel.a(timeout.c.obj)
 .bss.uart_console_dev
                0x20000188        0x4 zephyr/libzephyr.a(uart_console.c.obj)
 .bss.data      0x2000018c       0x18 zephyr/libzephyr.a(nrf_power_clock.c.obj)
 .bss.last_count
                0x200001a4        0x4 zephyr/libzephyr.a(nrf_rtc_timer.c.obj)
 .bss.i2c_dev   0x200001a8        0x4 zephyr/libzephyr.a(adp536x.c.obj)
 .bss.mutex_slab
                0x200001ac       0x1c zephyr/libzephyr.a(nrf_cc310_platform_mutex_zephyr.c.obj)
                0x200001ac                mutex_slab
 .bss.mutex_slab_buffer
                0x200001c8      0x500 zephyr/libzephyr.a(nrf_cc310_platform_mutex_zephyr.c.obj)
                0x200001c8                mutex_slab_buffer
 .bss.dyn_reg_info
                0x200006c8       0x14 zephyr/arch/arch/arm/core/aarch32/cortex_m/mpu/libarch__arm__core__aarch32__cortex_m__mpu.a(arm_mpu.c.obj)
 .bss.m_cb      0x200006dc       0x34 modules/nordic/lib..__modules__hal__nordic.a(nrfx_twim.c.obj)
 .bss.z_idle_threads
                0x20000710       0x74 zephyr/kernel/libkernel.a(init.c.obj)
                0x20000710                z_idle_threads
 .bss.z_main_thread
                0x20000784       0x74 zephyr/kernel/libkernel.a(init.c.obj)
                0x20000784                z_main_thread
 .bss._kernel   0x200007f8       0x30 zephyr/kernel/libkernel.a(sched.c.obj)
                0x200007f8                _kernel
 .bss.pending_current
                0x20000828        0x4 zephyr/kernel/libkernel.a(sched.c.obj)
 .bss.slice_max_prio
                0x2000082c        0x4 zephyr/kernel/libkernel.a(sched.c.obj)
 .bss.slice_time
                0x20000830        0x4 zephyr/kernel/libkernel.a(sched.c.obj)
 .bss.announce_remaining
                0x20000834        0x4 zephyr/kernel/libkernel.a(timeout.c.obj)
 .bss.use_count
                0x20000838        0x4 modules/nrfxlib/nrf_security/src/mbedtls/cc310/libmbedcrypto_cc310.a(cc_pal_pm.c.obj)
 .bss.nrf_cc310_platform_initialized
                0x2000083c        0x4 C:/Users/Alex/ncs/v1.3.0/nrfxlib/crypto/nrf_cc310_platform/lib/cortex-m33/hard-float/no-interrupts/libnrf_cc310_platform_0.9.2.a(nrf_cc310_platform.c.obj)
 .bss.nrf_cc310_platform_rng_initialized
                0x20000840        0x4 C:/Users/Alex/ncs/v1.3.0/nrfxlib/crypto/nrf_cc310_platform/lib/cortex-m33/hard-float/no-interrupts/libnrf_cc310_platform_0.9.2.a(nrf_cc310_platform.c.obj)
 .bss.asym_mutex
                0x20000844        0x4 C:/Users/Alex/ncs/v1.3.0/nrfxlib/crypto/nrf_cc310_platform/lib/cortex-m33/hard-float/no-interrupts/libnrf_cc310_platform_0.9.2.a(nrf_cc310_platform_mutex.c.obj)
 .bss.power_mutex
                0x20000848        0x4 C:/Users/Alex/ncs/v1.3.0/nrfxlib/crypto/nrf_cc310_platform/lib/cortex-m33/hard-float/no-interrupts/libnrf_cc310_platform_0.9.2.a(nrf_cc310_platform_mutex.c.obj)
 .bss.rng_mutex
                0x2000084c        0x4 C:/Users/Alex/ncs/v1.3.0/nrfxlib/crypto/nrf_cc310_platform/lib/cortex-m33/hard-float/no-interrupts/libnrf_cc310_platform_0.9.2.a(nrf_cc310_platform_mutex.c.obj)
 .bss.sym_mutex
                0x20000850        0x4 C:/Users/Alex/ncs/v1.3.0/nrfxlib/crypto/nrf_cc310_platform/lib/cortex-m33/hard-float/no-interrupts/libnrf_cc310_platform_0.9.2.a(nrf_cc310_platform_mutex.c.obj)
 .bss.static_regions_num
                0x20000854        0x1 zephyr/arch/arch/arm/core/aarch32/cortex_m/mpu/libarch__arm__core__aarch32__cortex_m__mpu.a(arm_mpu.c.obj)
 .bss.z_sys_post_kernel
                0x20000855        0x1 zephyr/kernel/libkernel.a(init.c.obj)
                0x20000855                z_sys_post_kernel
 .bss.lock      0x20000856        0x0 zephyr/kernel/libkernel.a(mem_slab.c.obj)
 .bss.lock      0x20000856        0x0 zephyr/kernel/libkernel.a(mutex.c.obj)
 .bss.sched_spinlock
                0x20000856        0x0 zephyr/kernel/libkernel.a(sched.c.obj)
 .bss.lock      0x20000856        0x0 zephyr/kernel/libkernel.a(sem.c.obj)
 *(SORT_BY_ALIGNMENT(COMMON))
 *(SORT_BY_ALIGNMENT(.kernel_bss.*))
                0x20000858                __bss_end = ALIGN (0x4)

noinit          0x20000858      0xd40
 *(SORT_BY_ALIGNMENT(.noinit))
 *(SORT_BY_ALIGNMENT(.noinit.*))
 .noinit."WEST_TOPDIR/zephyr/kernel/init.c".2
                0x20000858      0x400 zephyr/kernel/libkernel.a(init.c.obj)
                0x20000858                z_main_stack
 .noinit."WEST_TOPDIR/zephyr/kernel/init.c".3
                0x20000c58      0x140 zephyr/kernel/libkernel.a(init.c.obj)
 .noinit."WEST_TOPDIR/zephyr/kernel/init.c".4
                0x20000d98      0x800 zephyr/kernel/libkernel.a(init.c.obj)
                0x20000d98                z_interrupt_stacks
 *(SORT_BY_ALIGNMENT(.kernel_noinit.*))
                0x20001598                _image_ram_end = .
                0x20001598                _end = .
                0x20010000                __kernel_ram_end = 0x20010000
                0x0000fe80                __kernel_ram_size = (__kernel_ram_end - __kernel_ram_start)
                0x00000001                ASSERT (((((_image_rom_start + _flash_used) - 0x1) / 0x8000) < 0x1), SPM and app are sharing an SPU region. Cannot partition flash correctly into secure and non-secure. Adjust partitions sizes so they are placed in separate regions.)

.gnu.sgstubs    0x00005920     0x26e0
                0x00007fe0                . = (ALIGN (0x8000) - (0x1 << LOG2CEIL (__sg_size)))
 *fill*         0x00005920     0x26c0 
                0x00007fe0                __sg_start = .
 *fill*         0x00007fe0        0x0 
 .gnu.sgstubs.__stub
                0x00007fe0       0x18 linker stubs
                0x00007fe0                spm_request_read
                0x00007fe8                spm_firmware_info
                0x00007ff0                spm_request_random_number
                0x00008000                __sg_end = .
                0x00000020                __sg_size = (__sg_end - __sg_start)
                0x00008000                . = ALIGN (0x8000)
                0x00000020                __nsc_size = (. - __sg_start)
                0x00000001                ASSERT (((__sg_size == 0x0) || ((((0x1 << LOG2CEIL ((0x8000 - (__sg_start % 0x8000)))) == (0x8000 - (__sg_start % 0x8000))) && ((0x8000 - (__sg_start % 0x8000)) >= 0x20)) && ((0x8000 - (__sg_start % 0x8000)) <= 0x1000))), The Non-Secure Callable region size must be a power of 2 between 32 and 4096 bytes.)

.stab
 *(SORT_BY_ALIGNMENT(.stab))

.stabstr
 *(SORT_BY_ALIGNMENT(.stabstr))

.stab.excl
 *(SORT_BY_ALIGNMENT(.stab.excl))

.stab.exclstr
 *(SORT_BY_ALIGNMENT(.stab.exclstr))

.stab.index
 *(SORT_BY_ALIGNMENT(.stab.index))

.stab.indexstr
 *(SORT_BY_ALIGNMENT(.stab.indexstr))

.gnu.build.attributes
 *(SORT_BY_ALIGNMENT(.gnu.build.attributes) SORT_BY_ALIGNMENT(.gnu.build.attributes.*))

.comment        0x00000000       0xf8
 *(SORT_BY_ALIGNMENT(.comment))
 .comment       0x00000000       0x79 zephyr/CMakeFiles/zephyr_final.dir/isr_tables.c.obj
                                 0x7a (size before relaxing)
 .comment       0x00000079       0x7a app/libapp.a(main.c.obj)
 .comment       0x00000079       0x7a zephyr/libzephyr.a(fdtable.c.obj)
 .comment       0x00000079       0x7a zephyr/libzephyr.a(printk.c.obj)
 .comment       0x00000079       0x7a zephyr/libzephyr.a(thread_entry.c.obj)
 .comment       0x00000079       0x7a zephyr/libzephyr.a(heap.c.obj)
 .comment       0x00000079       0x7a zephyr/libzephyr.a(configs.c.obj)
 .comment       0x00000079       0x7a zephyr/libzephyr.a(soc.c.obj)
 .comment       0x00000079       0x7a zephyr/libzephyr.a(uart_console.c.obj)
 .comment       0x00000079       0x7a zephyr/libzephyr.a(nrf_power_clock.c.obj)
 .comment       0x00000079       0x7a zephyr/libzephyr.a(sys_clock_init.c.obj)
 .comment       0x00000079       0x7a zephyr/libzephyr.a(nrf_rtc_timer.c.obj)
 .comment       0x00000079       0x7a zephyr/libzephyr.a(adp536x.c.obj)
 .comment       0x00000079       0x7a zephyr/libzephyr.a(spm.c.obj)
 .comment       0x00000079       0x7a zephyr/libzephyr.a(secure_services.c.obj)
 .comment       0x00000079       0x7a zephyr/libzephyr.a(nrf_cc310_platform_abort_zephyr.c.obj)
 .comment       0x00000079       0x7a zephyr/libzephyr.a(nrf_cc310_platform_mutex_zephyr.c.obj)
 .comment       0x00000079       0x7a zephyr/arch/common/libarch__common.a(isr_tables.c.obj)
 .comment       0x00000079       0x7a zephyr/arch/arch/arm/core/aarch32/libarch__arm__core__aarch32.a(swap.c.obj)
 .comment       0x00000079       0x7a zephyr/arch/arch/arm/core/aarch32/libarch__arm__core__aarch32.a(irq_manage.c.obj)
 .comment       0x00000079       0x7a zephyr/arch/arch/arm/core/aarch32/libarch__arm__core__aarch32.a(thread.c.obj)
 .comment       0x00000079       0x7a zephyr/arch/arch/arm/core/aarch32/libarch__arm__core__aarch32.a(fatal.c.obj)
 .comment       0x00000079       0x7a zephyr/arch/arch/arm/core/aarch32/libarch__arm__core__aarch32.a(nmi.c.obj)
 .comment       0x00000079       0x7a zephyr/arch/arch/arm/core/aarch32/libarch__arm__core__aarch32.a(prep_c.c.obj)
 .comment       0x00000079       0x7a zephyr/arch/arch/arm/core/aarch32/cortex_m/libarch__arm__core__aarch32__cortex_m.a(fault.c.obj)
 .comment       0x00000079       0x7a zephyr/arch/arch/arm/core/aarch32/cortex_m/libarch__arm__core__aarch32__cortex_m.a(scb.c.obj)
 .comment       0x00000079       0x7a zephyr/arch/arch/arm/core/aarch32/cortex_m/libarch__arm__core__aarch32__cortex_m.a(irq_init.c.obj)
 .comment       0x00000079       0x7a zephyr/arch/arch/arm/core/aarch32/cortex_m/libarch__arm__core__aarch32__cortex_m.a(thread_abort.c.obj)
 .comment       0x00000079       0x7a zephyr/arch/arch/arm/core/aarch32/cortex_m/mpu/libarch__arm__core__aarch32__cortex_m__mpu.a(arm_core_mpu.c.obj)
 .comment       0x00000079       0x7a zephyr/arch/arch/arm/core/aarch32/cortex_m/mpu/libarch__arm__core__aarch32__cortex_m__mpu.a(arm_mpu.c.obj)
 .comment       0x00000079       0x7a zephyr/arch/arch/arm/core/aarch32/cortex_m/cmse/libarch__arm__core__aarch32__cortex_m__cmse.a(arm_core_cmse.c.obj)
 .comment       0x00000079       0x7a zephyr/arch/arch/arm/core/aarch32/cortex_m/tz/libarch__arm__core__aarch32__cortex_m__tz.a(arm_core_tz.c.obj)
 .comment       0x00000079       0x7a zephyr/lib/libc/minimal/liblib__libc__minimal.a(string.c.obj)
 .comment       0x00000079       0x7a zephyr/lib/libc/minimal/liblib__libc__minimal.a(stdout_console.c.obj)
 .comment       0x00000079       0x7a zephyr/soc/arm/common/cortex_m/libsoc__arm__common__cortex_m.a(arm_mpu_regions.c.obj)
 .comment       0x00000079       0x7a zephyr/boards/boards/arm/thingy91_nrf9160/lib..__nrf__boards__arm__thingy91_nrf9160.a(board_secure.c.obj)
 .comment       0x00000079       0x7a zephyr/drivers/i2c/libdrivers__i2c.a(i2c_nrfx_twim.c.obj)
 .comment       0x00000079       0x7a zephyr/drivers/serial/libdrivers__serial.a(uart_nrfx_uarte.c.obj)
 .comment       0x00000079       0x7a modules/nrf/lib/fatal_error/lib..__nrf__lib__fatal_error.a(fatal_error.c.obj)
 .comment       0x00000079       0x7a modules/nrf/subsys/fw_info/lib..__nrf__subsys__fw_info.a(fw_info.c.obj)
 .comment       0x00000079       0x7a modules/nrf/drivers/hw_cc310/lib..__nrf__drivers__hw_cc310.a(hw_cc310.c.obj)
 .comment       0x00000079       0x7a modules/nordic/lib..__modules__hal__nordic.a(system_nrf9160.c.obj)
 .comment       0x00000079       0x7a modules/nordic/lib..__modules__hal__nordic.a(nrfx_glue.c.obj)
 .comment       0x00000079       0x7a modules/nordic/lib..__modules__hal__nordic.a(nrfx_twim.c.obj)
 .comment       0x00000079       0x7a zephyr/kernel/libkernel.a(device.c.obj)
 .comment       0x00000079       0x7a zephyr/kernel/libkernel.a(errno.c.obj)
 .comment       0x00000079       0x7a zephyr/kernel/libkernel.a(fatal.c.obj)
 .comment       0x00000079       0x7a zephyr/kernel/libkernel.a(idle.c.obj)
 .comment       0x00000079       0x7a zephyr/kernel/libkernel.a(init.c.obj)
 .comment       0x00000079       0x7a zephyr/kernel/libkernel.a(mem_slab.c.obj)
 .comment       0x00000079       0x7a zephyr/kernel/libkernel.a(mutex.c.obj)
 .comment       0x00000079       0x7a zephyr/kernel/libkernel.a(sched.c.obj)
 .comment       0x00000079       0x7a zephyr/kernel/libkernel.a(sem.c.obj)
 .comment       0x00000079       0x7a zephyr/kernel/libkernel.a(thread.c.obj)
 .comment       0x00000079       0x7a zephyr/kernel/libkernel.a(timeout.c.obj)
 .comment       0x00000079       0x7a zephyr/kernel/libkernel.a(kheap.c.obj)
 .comment       0x00000079       0x7a zephyr/CMakeFiles/offsets.dir/arch/arm/core/offsets/offsets.c.obj
 .comment       0x00000079       0x7f modules/nrfxlib/nrf_security/src/mbedtls/cc310/libmbedcrypto_cc310.a(cc_pal_mem.c.obj)
                                 0x80 (size before relaxing)
 .comment       0x000000f8       0x80 modules/nrfxlib/nrf_security/src/mbedtls/cc310/libmbedcrypto_cc310.a(cc_pal.c.obj)
 .comment       0x000000f8       0x80 modules/nrfxlib/nrf_security/src/mbedtls/cc310/libmbedcrypto_cc310.a(cc_pal_dma.c.obj)
 .comment       0x000000f8       0x80 modules/nrfxlib/nrf_security/src/mbedtls/cc310/libmbedcrypto_cc310.a(cc_pal_mutex.c.obj)
 .comment       0x000000f8       0x80 modules/nrfxlib/nrf_security/src/mbedtls/cc310/libmbedcrypto_cc310.a(cc_pal_pm.c.obj)
 .comment       0x000000f8       0x80 modules/nrfxlib/nrf_security/src/mbedtls/cc310/libmbedcrypto_cc310.a(cc_hal.c.obj)
 .comment       0x000000f8       0x80 modules/nrfxlib/nrf_security/src/mbedtls/cc310/libmbedcrypto_cc310.a(cc_pal_interrupt_ctrl.c.obj)
 .comment       0x000000f8       0x80 C:/Users/Alex/ncs/v1.3.0/nrfxlib/crypto/nrf_cc310_platform/lib/cortex-m33/hard-float/no-interrupts/libnrf_cc310_platform_0.9.2.a(platform_alt.c.obj)
 .comment       0x000000f8       0x80 C:/Users/Alex/ncs/v1.3.0/nrfxlib/crypto/nrf_cc310_platform/lib/cortex-m33/hard-float/no-interrupts/libnrf_cc310_platform_0.9.2.a(cc_rng_plat.c.obj)
 .comment       0x000000f8       0x80 C:/Users/Alex/ncs/v1.3.0/nrfxlib/crypto/nrf_cc310_platform/lib/cortex-m33/hard-float/no-interrupts/libnrf_cc310_platform_0.9.2.a(nrf_cc310_platform.c.obj)
 .comment       0x000000f8       0x80 C:/Users/Alex/ncs/v1.3.0/nrfxlib/crypto/nrf_cc310_platform/lib/cortex-m33/hard-float/no-interrupts/libnrf_cc310_platform_0.9.2.a(nrf_cc310_platform_abort.c.obj)
 .comment       0x000000f8       0x80 C:/Users/Alex/ncs/v1.3.0/nrfxlib/crypto/nrf_cc310_platform/lib/cortex-m33/hard-float/no-interrupts/libnrf_cc310_platform_0.9.2.a(nrf_cc310_platform_mutex.c.obj)
 .comment       0x000000f8       0x80 C:/Users/Alex/ncs/v1.3.0/nrfxlib/crypto/nrf_cc310_platform/lib/cortex-m33/hard-float/no-interrupts/libnrf_cc310_platform_0.9.2.a(cc_lib.c.obj)
 .comment       0x000000f8       0x80 C:/Users/Alex/ncs/v1.3.0/nrfxlib/crypto/nrf_cc310_platform/lib/cortex-m33/hard-float/no-interrupts/libnrf_cc310_platform_0.9.2.a(cc_pal_trng.c.obj)
 .comment       0x000000f8       0x80 C:/Users/Alex/ncs/v1.3.0/nrfxlib/crypto/nrf_cc310_platform/lib/cortex-m33/hard-float/no-interrupts/libnrf_cc310_platform_0.9.2.a(llf_rnd_trng90b.c.obj)
 .comment       0x000000f8       0x80 C:/Users/Alex/ncs/v1.3.0/nrfxlib/crypto/nrf_cc310_platform/lib/cortex-m33/hard-float/no-interrupts/libnrf_cc310_platform_0.9.2.a(llf_rnd.c.obj)

.debug
 *(SORT_BY_ALIGNMENT(.debug))

.line
 *(SORT_BY_ALIGNMENT(.line))

.debug_srcinfo
 *(SORT_BY_ALIGNMENT(.debug_srcinfo))

.debug_sfnames
 *(SORT_BY_ALIGNMENT(.debug_sfnames))

.debug_aranges  0x00000000     0x1058
 *(SORT_BY_ALIGNMENT(.debug_aranges))
 .debug_aranges
                0x00000000       0x28 zephyr/arch/arch/arm/core/aarch32/libarch__arm__core__aarch32.a(swap_helper.S.obj)
 .debug_aranges
                0x00000028       0x30 zephyr/arch/arch/arm/core/aarch32/libarch__arm__core__aarch32.a(cpu_idle.S.obj)
 .debug_aranges
                0x00000058       0x20 zephyr/arch/arch/arm/core/aarch32/libarch__arm__core__aarch32.a(nmi_on_reset.S.obj)
 .debug_aranges
                0x00000078       0x20 zephyr/arch/arch/arm/core/aarch32/libarch__arm__core__aarch32.a(isr_wrapper.S.obj)
 .debug_aranges
                0x00000098       0x20 zephyr/arch/arch/arm/core/aarch32/cortex_m/libarch__arm__core__aarch32__cortex_m.a(reset.S.obj)
 .debug_aranges
                0x000000b8       0x20 zephyr/arch/arch/arm/core/aarch32/cortex_m/libarch__arm__core__aarch32__cortex_m.a(fault_s.S.obj)
 .debug_aranges
                0x000000d8       0x20 zephyr/arch/arch/arm/core/aarch32/cortex_m/libarch__arm__core__aarch32__cortex_m.a(exc_exit.S.obj)
 .debug_aranges
                0x000000f8       0x18 zephyr/CMakeFiles/zephyr_final.dir/isr_tables.c.obj
 .debug_aranges
                0x00000110       0x20 app/libapp.a(main.c.obj)
 .debug_aranges
                0x00000130       0x50 zephyr/libzephyr.a(fdtable.c.obj)
 .debug_aranges
                0x00000180       0x80 zephyr/libzephyr.a(printk.c.obj)
 .debug_aranges
                0x00000200       0x20 zephyr/libzephyr.a(thread_entry.c.obj)
 .debug_aranges
                0x00000220       0x60 zephyr/libzephyr.a(heap.c.obj)
 .debug_aranges
                0x00000280       0x20 zephyr/libzephyr.a(configs.c.obj)
 .debug_aranges
                0x000002a0       0x30 zephyr/libzephyr.a(soc.c.obj)
 .debug_aranges
                0x000002d0       0x28 zephyr/libzephyr.a(uart_console.c.obj)
 .debug_aranges
                0x000002f8       0x50 zephyr/libzephyr.a(nrf_power_clock.c.obj)
 .debug_aranges
                0x00000348       0x40 zephyr/libzephyr.a(sys_clock_init.c.obj)
 .debug_aranges
                0x00000388       0x48 zephyr/libzephyr.a(nrf_rtc_timer.c.obj)
 .debug_aranges
                0x000003d0       0xa8 zephyr/libzephyr.a(adp536x.c.obj)
 .debug_aranges
                0x00000478       0x38 zephyr/libzephyr.a(spm.c.obj)
 .debug_aranges
                0x000004b0       0x38 zephyr/libzephyr.a(secure_services.c.obj)
 .debug_aranges
                0x000004e8       0x28 zephyr/libzephyr.a(nrf_cc310_platform_abort_zephyr.c.obj)
 .debug_aranges
                0x00000510       0x40 zephyr/libzephyr.a(nrf_cc310_platform_mutex_zephyr.c.obj)
 .debug_aranges
                0x00000550       0x18 zephyr/arch/common/libarch__common.a(isr_tables.c.obj)
 .debug_aranges
                0x00000568       0x20 zephyr/arch/arch/arm/core/aarch32/libarch__arm__core__aarch32.a(swap.c.obj)
 .debug_aranges
                0x00000588       0x58 zephyr/arch/arch/arm/core/aarch32/libarch__arm__core__aarch32.a(irq_manage.c.obj)
 .debug_aranges
                0x000005e0       0x28 zephyr/arch/arch/arm/core/aarch32/libarch__arm__core__aarch32.a(thread.c.obj)
 .debug_aranges
                0x00000608       0x30 zephyr/arch/arch/arm/core/aarch32/libarch__arm__core__aarch32.a(fatal.c.obj)
 .debug_aranges
                0x00000638       0x20 zephyr/arch/arch/arm/core/aarch32/libarch__arm__core__aarch32.a(nmi.c.obj)
 .debug_aranges
                0x00000658       0x20 zephyr/arch/arch/arm/core/aarch32/libarch__arm__core__aarch32.a(prep_c.c.obj)
 .debug_aranges
                0x00000678       0x48 zephyr/arch/arch/arm/core/aarch32/cortex_m/libarch__arm__core__aarch32__cortex_m.a(fault.c.obj)
 .debug_aranges
                0x000006c0       0x20 zephyr/arch/arch/arm/core/aarch32/cortex_m/libarch__arm__core__aarch32__cortex_m.a(scb.c.obj)
 .debug_aranges
                0x000006e0       0x20 zephyr/arch/arch/arm/core/aarch32/cortex_m/libarch__arm__core__aarch32__cortex_m.a(irq_init.c.obj)
 .debug_aranges