Archive member included to satisfy reference by file (symbol)

app/libapp.a(main.c.obj)      (--whole-archive)
zephyr/libzephyr.a(crc32_sw.c.obj)
                              (--whole-archive)
zephyr/libzephyr.a(crc16_sw.c.obj)
                              (--whole-archive)
zephyr/libzephyr.a(crc8_sw.c.obj)
                              (--whole-archive)
zephyr/libzephyr.a(crc7_sw.c.obj)
                              (--whole-archive)
zephyr/libzephyr.a(dec.c.obj)
                              (--whole-archive)
zephyr/libzephyr.a(fdtable.c.obj)
                              (--whole-archive)
zephyr/libzephyr.a(hex.c.obj)
                              (--whole-archive)
zephyr/libzephyr.a(mempool.c.obj)
                              (--whole-archive)
zephyr/libzephyr.a(notify.c.obj)
                              (--whole-archive)
zephyr/libzephyr.a(printk.c.obj)
                              (--whole-archive)
zephyr/libzephyr.a(onoff.c.obj)
                              (--whole-archive)
zephyr/libzephyr.a(rb.c.obj)  (--whole-archive)
zephyr/libzephyr.a(sem.c.obj)
                              (--whole-archive)
zephyr/libzephyr.a(thread_entry.c.obj)
                              (--whole-archive)
zephyr/libzephyr.a(timeutil.c.obj)
                              (--whole-archive)
zephyr/libzephyr.a(work_q.c.obj)
                              (--whole-archive)
zephyr/libzephyr.a(heap.c.obj)
                              (--whole-archive)
zephyr/libzephyr.a(heap-validate.c.obj)
                              (--whole-archive)
zephyr/libzephyr.a(configs.c.obj)
                              (--whole-archive)
zephyr/libzephyr.a(soc.c.obj)
                              (--whole-archive)
zephyr/libzephyr.a(power.c.obj)
                              (--whole-archive)
zephyr/libzephyr.a(validate_base_addresses.c.obj)
                              (--whole-archive)
zephyr/libzephyr.a(validate_enabled_instances.c.obj)
                              (--whole-archive)
zephyr/libzephyr.a(addr_utils.c.obj)
                              (--whole-archive)
zephyr/libzephyr.a(coap.c.obj)
                              (--whole-archive)
zephyr/libzephyr.a(coap_link_format.c.obj)
                              (--whole-archive)
zephyr/libzephyr.a(getaddrinfo.c.obj)
                              (--whole-archive)
zephyr/libzephyr.a(sockets.c.obj)
                              (--whole-archive)
zephyr/libzephyr.a(socket_offload.c.obj)
                              (--whole-archive)
zephyr/libzephyr.a(power.c.obj)
                              (--whole-archive)
zephyr/libzephyr.a(policy_residency.c.obj)
                              (--whole-archive)
zephyr/libzephyr.a(uart_console.c.obj)
                              (--whole-archive)
zephyr/libzephyr.a(nrf_power_clock.c.obj)
                              (--whole-archive)
zephyr/libzephyr.a(sys_clock_init.c.obj)
                              (--whole-archive)
zephyr/libzephyr.a(nrf_rtc_timer.c.obj)
                              (--whole-archive)
zephyr/libzephyr.a(adp536x.c.obj)
                              (--whole-archive)
zephyr/libzephyr.a(secure_services_ns.c.obj)
                              (--whole-archive)
zephyr/arch/common/libarch__common.a(isr_tables.c.obj)
                              (--whole-archive)
zephyr/arch/common/libarch__common.a(sw_isr_common.c.obj)
                              (--whole-archive)
zephyr/arch/arch/arm/core/aarch32/libarch__arm__core__aarch32.a(swap.c.obj)
                              (--whole-archive)
zephyr/arch/arch/arm/core/aarch32/libarch__arm__core__aarch32.a(irq_manage.c.obj)
                              (--whole-archive)
zephyr/arch/arch/arm/core/aarch32/libarch__arm__core__aarch32.a(thread.c.obj)
                              (--whole-archive)
zephyr/arch/arch/arm/core/aarch32/libarch__arm__core__aarch32.a(fatal.c.obj)
                              (--whole-archive)
zephyr/arch/arch/arm/core/aarch32/libarch__arm__core__aarch32.a(nmi.c.obj)
                              (--whole-archive)
zephyr/arch/arch/arm/core/aarch32/libarch__arm__core__aarch32.a(prep_c.c.obj)
                              (--whole-archive)
zephyr/arch/arch/arm/core/aarch32/libarch__arm__core__aarch32.a(swap_helper.S.obj)
                              (--whole-archive)
zephyr/arch/arch/arm/core/aarch32/libarch__arm__core__aarch32.a(cpu_idle.S.obj)
                              (--whole-archive)
zephyr/arch/arch/arm/core/aarch32/libarch__arm__core__aarch32.a(nmi_on_reset.S.obj)
                              (--whole-archive)
zephyr/arch/arch/arm/core/aarch32/libarch__arm__core__aarch32.a(isr_wrapper.S.obj)
                              (--whole-archive)
zephyr/arch/arch/arm/core/aarch32/cortex_m/libarch__arm__core__aarch32__cortex_m.a(vector_table.S.obj)
                              (--whole-archive)
[...]
Memory Configuration

Name             Origin             Length             Attributes
FLASH            0x0000c000         0x000f4000         xr
SRAM             0x20020000         0x00020000         xw
IDT_LIST         0x20040000         0x00000800         xw
*default*        0x00000000         0xffffffff

Linker script and memory map

LOAD zephyr/CMakeFiles/zephyr_prebuilt.dir/misc/empty_file.c.obj
                0x00000020                _region_min_align = 0x20

.rel.plt        0x0000c000        0x0
 *(SORT_BY_ALIGNMENT(.rel.plt))
                [!provide]                PROVIDE (__rel_iplt_start = .)
 *(SORT_BY_ALIGNMENT(.rel.iplt))
 .rel.iplt      0x0000c000        0x0 app/libapp.a(main.c.obj)
                [!provide]                PROVIDE (__rel_iplt_end = .)

.rela.plt       0x00000000        0x0
 *(SORT_BY_ALIGNMENT(.rela.plt))
                [!provide]                PROVIDE (__rela_iplt_start = .)
 *(SORT_BY_ALIGNMENT(.rela.iplt))
                [!provide]                PROVIDE (__rela_iplt_end = .)

.rel.dyn
 *(SORT_BY_ALIGNMENT(.rel.*))

.rela.dyn
 *(SORT_BY_ALIGNMENT(.rela.*))

/DISCARD/
 *(SORT_BY_ALIGNMENT(.plt))
 *(SORT_BY_ALIGNMENT(.iplt))
 *(SORT_BY_ALIGNMENT(.got.plt))
 *(SORT_BY_ALIGNMENT(.igot.plt))
 *(SORT_BY_ALIGNMENT(.got))
 *(SORT_BY_ALIGNMENT(.igot))
 *(SORT_BY_ALIGNMENT(.note.GNU-stack))
                0x0000c000                _image_rom_start = 0xc000

rom_start       0x0000c000      0x23c
                0x00000000                . = 0x0
                0x00000000                . = ALIGN (0x4)
                0x0000c000                _vector_start = .
 *(SORT_BY_ALIGNMENT(.exc_vector_table))
 *(SORT_BY_ALIGNMENT(.exc_vector_table.*))
 .exc_vector_table._vector_table_section
                0x0000c000       0x40 zephyr/arch/arch/arm/core/aarch32/cortex_m/libarch__arm__core__aarch32__cortex_m.a(vector_table.S.obj)
                0x0000c000                _vector_table
 *(SORT_BY_ALIGNMENT(.gnu.linkonce.irq_vector_table))
 .gnu.linkonce.irq_vector_table
                0x0000c040      0x104 zephyr/arch/common/libarch__common.a(isr_tables.c.obj)
                0x0000c040                _irq_vector_table
 *(SORT_BY_ALIGNMENT(.vectors))
                0x0000c144                _vector_end = .
 *(SORT_BY_ALIGNMENT(.openocd_dbg))
 *(SORT_BY_ALIGNMENT(.openocd_dbg.*))
                0x00000200                . = 0x200
 *fill*         0x0000c144       0xbc 
                0x0000c200                _fw_info_start = .
 *(SORT_BY_NAME(SORT_BY_ALIGNMENT(.firmware_info*)))
 .firmware_info
                0x0000c200       0x3c modules/nrf/subsys/fw_info/lib..__nrf__subsys__fw_info.a(fw_info.c.obj)
                0x0000c200                m_firmware_info
                0x0000003c                _fw_info_size = ABSOLUTE ((. - _fw_info_start))

text            0x0000c240    0x1169a
                0x0000c240                _image_text_start = .
 *(SORT_BY_ALIGNMENT(.text))
 .text          0x0000c240      0x254 c:/users/alex/ncs/v1.3.0/toolchain/opt/bin/../lib/gcc/arm-none-eabi/9.2.1/thumb/v8-m.main+fp/hard\libgcc.a(_arm_muldf3.o)
                0x0000c240                __muldf3
                0x0000c240                __aeabi_dmul
 .text          0x0000c494      0x378 c:/users/alex/ncs/v1.3.0/toolchain/opt/bin/../lib/gcc/arm-none-eabi/9.2.1/thumb/v8-m.main+fp/hard\libgcc.a(_arm_addsubdf3.o)
                0x0000c494                __aeabi_drsub
                0x0000c49c                __aeabi_dsub
                0x0000c49c                __subdf3
                0x0000c4a0                __aeabi_dadd
                0x0000c4a0                __adddf3
                0x0000c718                __floatunsidf
                0x0000c718                __aeabi_ui2d
                0x0000c738                __floatsidf
                0x0000c738                __aeabi_i2d
                0x0000c75c                __aeabi_f2d
                0x0000c75c                __extendsfdf2
                0x0000c7a0                __floatundidf
                0x0000c7a0                __aeabi_ul2d
                0x0000c7b0                __floatdidf
                0x0000c7b0                __aeabi_l2d
 .text          0x0000c80c       0xa0 c:/users/alex/ncs/v1.3.0/toolchain/opt/bin/../lib/gcc/arm-none-eabi/9.2.1/thumb/v8-m.main+fp/hard\libgcc.a(_arm_truncdfsf2.o)
                0x0000c80c                __truncdfsf2
                0x0000c80c                __aeabi_d2f
 .text          0x0000c8ac       0x30 c:/users/alex/ncs/v1.3.0/toolchain/opt/bin/../lib/gcc/arm-none-eabi/9.2.1/thumb/v8-m.main+fp/hard\libgcc.a(_aeabi_uldivmod.o)
                0x0000c8ac                __aeabi_uldivmod
 .text          0x0000c8dc      0x2c0 c:/users/alex/ncs/v1.3.0/toolchain/opt/bin/../lib/gcc/arm-none-eabi/9.2.1/thumb/v8-m.main+fp/hard\libgcc.a(_udivmoddi4.o)
                0x0000c8dc                __udivmoddi4
 .text          0x0000cb9c        0x4 c:/users/alex/ncs/v1.3.0/toolchain/opt/bin/../lib/gcc/arm-none-eabi/9.2.1/thumb/v8-m.main+fp/hard\libgcc.a(_dvmd_tls.o)
                0x0000cb9c                __aeabi_idiv0
                0x0000cb9c                __aeabi_ldiv0
 *(SORT_BY_ALIGNMENT(.text.*))
 .text.at_handler
                0x0000cba0      0x32c modules/nrf/lib/lte_link_control/lib..__nrf__lib__lte_link_control.a(lte_lc.c.obj)
 .text.bsd_recoverable_error_handler
                0x0000cecc        0xc app/libapp.a(main.c.obj)
                0x0000cecc                bsd_recoverable_error_handler
 .text.main     0x0000ced8      0x39c app/libapp.a(main.c.obj)
                0x0000ced8                main
 .text._check_fd
                0x0000d274       0x28 zephyr/libzephyr.a(fdtable.c.obj)
 .text.z_get_fd_obj
                0x0000d29c       0x34 zephyr/libzephyr.a(fdtable.c.obj)
                0x0000d29c                z_get_fd_obj
 .text.z_get_fd_obj_and_vtable
                0x0000d2d0       0x28 zephyr/libzephyr.a(fdtable.c.obj)
                0x0000d2d0                z_get_fd_obj_and_vtable
 .text.z_reserve_fd
                0x0000d2f8       0x48 zephyr/libzephyr.a(fdtable.c.obj)
                0x0000d2f8                z_reserve_fd
 .text.z_finalize_fd
                0x0000d340       0x14 zephyr/libzephyr.a(fdtable.c.obj)
                0x0000d340                z_finalize_fd
 .text.z_free_fd
                0x0000d354       0x10 zephyr/libzephyr.a(fdtable.c.obj)
                0x0000d354                z_free_fd
 .text.char_out
                0x0000d364       0x10 zephyr/libzephyr.a(printk.c.obj)
 .text._printk_dec_ulong
                0x0000d374       0xa8 zephyr/libzephyr.a(printk.c.obj)
 .text.__printk_hook_install
                0x0000d41c        0xc zephyr/libzephyr.a(printk.c.obj)
                0x0000d41c                __printk_hook_install
 .text.z_vprintk
                0x0000d428      0x328 zephyr/libzephyr.a(printk.c.obj)
                0x0000d428                z_vprintk
 .text.vprintk  0x0000d750       0x1c zephyr/libzephyr.a(printk.c.obj)
                0x0000d750                vprintk
 .text.vsnprintk
                0x0000d76c       0x28 zephyr/libzephyr.a(printk.c.obj)
                0x0000d76c                vsnprintk
 .text.nordicsemi_nrf91_init
                0x0000d794       0x28 zephyr/libzephyr.a(soc.c.obj)
 .text.arch_busy_wait
                0x0000d7bc       0x14 zephyr/libzephyr.a(soc.c.obj)
                0x0000d7bc                arch_busy_wait
 .text.net_coap_init
                0x0000d7d0       0x10 zephyr/libzephyr.a(coap.c.obj)
                0x0000d7d0                net_coap_init
 .text.coap_next_id
                0x0000d7e0       0x10 zephyr/libzephyr.a(coap.c.obj)
                0x0000d7e0                coap_next_id
 .text.z_impl_zsock_socket
                0x0000d7f0       0x4c zephyr/libzephyr.a(sockets.c.obj)
                0x0000d7f0                z_impl_zsock_socket
 .text.z_impl_zsock_poll
                0x0000d83c      0x1c0 zephyr/libzephyr.a(sockets.c.obj)
                0x0000d83c                z_impl_zsock_poll
 .text.socket_offload_dns_register
                0x0000d9fc        0xc zephyr/libzephyr.a(socket_offload.c.obj)
                0x0000d9fc                socket_offload_dns_register
 .text.socket_offload_getaddrinfo
                0x0000da08       0x14 zephyr/libzephyr.a(socket_offload.c.obj)
                0x0000da08                socket_offload_getaddrinfo
 .text.socket_offload_freeaddrinfo
                0x0000da1c        0xc zephyr/libzephyr.a(socket_offload.c.obj)
                0x0000da1c                socket_offload_freeaddrinfo
 .text.uart_console_init
                0x0000da28       0x28 zephyr/libzephyr.a(uart_console.c.obj)
 .text.console_out
                0x0000da50       0x28 zephyr/libzephyr.a(uart_console.c.obj)
 .text.clock_async_start
                0x0000da78       0xd0 zephyr/libzephyr.a(nrf_power_clock.c.obj)
 .text.clk_init
                0x0000db48       0x38 zephyr/libzephyr.a(nrf_power_clock.c.obj)
 .text.clkstarted_handle.constprop.0
                0x0000db80       0x50 zephyr/libzephyr.a(nrf_power_clock.c.obj)
 .text.nrf_power_clock_isr
                0x0000dbd0       0x54 zephyr/libzephyr.a(nrf_power_clock.c.obj)
                0x0000dbd0                nrf_power_clock_isr
 .text.handle_next_tick_case
                0x0000dc24       0x28 zephyr/libzephyr.a(nrf_rtc_timer.c.obj)
 .text.rtc1_nrf_isr
                0x0000dc4c       0x24 zephyr/libzephyr.a(nrf_rtc_timer.c.obj)
                0x0000dc4c                rtc1_nrf_isr
 .text.z_clock_driver_init
                0x0000dc70       0x68 zephyr/libzephyr.a(nrf_rtc_timer.c.obj)
                0x0000dc70                z_clock_driver_init
 .text.z_clock_set_timeout
                0x0000dcd8       0xc8 zephyr/libzephyr.a(nrf_rtc_timer.c.obj)
                0x0000dcd8                z_clock_set_timeout
 .text.z_clock_elapsed
                0x0000dda0       0x34 zephyr/libzephyr.a(nrf_rtc_timer.c.obj)
                0x0000dda0                z_clock_elapsed
 .text.z_timer_cycle_get_32
                0x0000ddd4       0x34 zephyr/libzephyr.a(nrf_rtc_timer.c.obj)
                0x0000ddd4                z_timer_cycle_get_32
 .text.arch_swap
                0x0000de08       0x34 zephyr/arch/arch/arm/core/aarch32/libarch__arm__core__aarch32.a(swap.c.obj)
                0x0000de08                arch_swap
 .text.arch_irq_enable
                0x0000de3c       0x20 zephyr/arch/arch/arm/core/aarch32/libarch__arm__core__aarch32.a(irq_manage.c.obj)
                0x0000de3c                arch_irq_enable
 .text.z_arm_irq_priority_set
                0x0000de5c       0x2c zephyr/arch/arch/arm/core/aarch32/libarch__arm__core__aarch32.a(irq_manage.c.obj)
                0x0000de5c                z_arm_irq_priority_set
 .text._arch_isr_direct_pm
                0x0000de88       0x1c zephyr/arch/arch/arm/core/aarch32/libarch__arm__core__aarch32.a(irq_manage.c.obj)
                0x0000de88                _arch_isr_direct_pm
 .text.arch_new_thread
                0x0000dea4       0x38 zephyr/arch/arch/arm/core/aarch32/libarch__arm__core__aarch32.a(thread.c.obj)
                0x0000dea4                arch_new_thread
 .text.arch_switch_to_main_thread
                0x0000dedc       0x4c zephyr/arch/arch/arm/core/aarch32/libarch__arm__core__aarch32.a(thread.c.obj)
                0x0000dedc                arch_switch_to_main_thread
 .text.z_arm_prep_c
                0x0000df28       0x5c zephyr/arch/arch/arm/core/aarch32/libarch__arm__core__aarch32.a(prep_c.c.obj)
                0x0000df28                z_arm_prep_c
 .text.z_arm_pendsv
                0x0000df84       0xa4 zephyr/arch/arch/arm/core/aarch32/libarch__arm__core__aarch32.a(swap_helper.S.obj)
                0x0000df84                z_arm_pendsv
 .text.z_arm_svc
                0x0000e028       0x20 zephyr/arch/arch/arm/core/aarch32/libarch__arm__core__aarch32.a(swap_helper.S.obj)
                0x0000e028                z_arm_svc
 .text.z_arm_cpu_idle_init
                0x0000e048        0xc zephyr/arch/arch/arm/core/aarch32/libarch__arm__core__aarch32.a(cpu_idle.S.obj)
                0x0000e048                z_arm_cpu_idle_init
 .text.arch_cpu_idle
                0x0000e054       0x1c zephyr/arch/arch/arm/core/aarch32/libarch__arm__core__aarch32.a(cpu_idle.S.obj)
                0x0000e054                arch_cpu_idle
 .text.z_SysNmiOnReset
                0x0000e070        0x8 zephyr/arch/arch/arm/core/aarch32/libarch__arm__core__aarch32.a(nmi_on_reset.S.obj)
                0x0000e070                z_SysNmiOnReset
 .text._isr_wrapper
                0x0000e078       0x40 zephyr/arch/arch/arm/core/aarch32/libarch__arm__core__aarch32.a(isr_wrapper.S.obj)
                0x0000e078                _isr_wrapper
 .text._reset_section
                0x0000e0b8       0x30 zephyr/arch/arch/arm/core/aarch32/cortex_m/libarch__arm__core__aarch32__cortex_m.a(reset.S.obj)
                0x0000e0b8                __start
                0x0000e0b8                z_arm_reset
 .text.__fault  0x0000e0e8       0x14 zephyr/arch/arch/arm/core/aarch32/cortex_m/libarch__arm__core__aarch32__cortex_m.a(fault_s.S.obj)
                0x0000e0e8                z_arm_usage_fault
                0x0000e0e8                z_arm_mpu_fault
                0x0000e0e8                z_arm_exc_spurious
                0x0000e0e8                z_arm_debug_monitor
                0x0000e0e8                z_arm_hard_fault
                0x0000e0e8                z_arm_bus_fault
 .text._HandlerModeExit
                0x0000e0fc       0x1c zephyr/arch/arch/arm/core/aarch32/cortex_m/libarch__arm__core__aarch32__cortex_m.a(exc_exit.S.obj)
                0x0000e0fc                z_arm_int_exit
                0x0000e0fc                z_arm_exc_exit
 .text.mem_manage_fault.isra.0
                0x0000e118       0x38 zephyr/arch/arch/arm/core/aarch32/cortex_m/libarch__arm__core__aarch32__cortex_m.a(fault.c.obj)
 .text.bus_fault.isra.0
                0x0000e150       0x3c zephyr/arch/arch/arm/core/aarch32/cortex_m/libarch__arm__core__aarch32__cortex_m.a(fault.c.obj)
 .text.usage_fault.isra.0
                0x0000e18c       0x24 zephyr/arch/arch/arm/core/aarch32/cortex_m/libarch__arm__core__aarch32__cortex_m.a(fault.c.obj)
 .text.z_arm_fault
                0x0000e1b0       0xf8 zephyr/arch/arch/arm/core/aarch32/cortex_m/libarch__arm__core__aarch32__cortex_m.a(fault.c.obj)
                0x0000e1b0                z_arm_fault
 .text.z_arm_fault_init
                0x0000e2a8       0x10 zephyr/arch/arch/arm/core/aarch32/cortex_m/libarch__arm__core__aarch32__cortex_m.a(fault.c.obj)
                0x0000e2a8                z_arm_fault_init
 .text.sys_arch_reboot
                0x0000e2b8       0x24 zephyr/arch/arch/arm/core/aarch32/cortex_m/libarch__arm__core__aarch32__cortex_m.a(scb.c.obj)
                0x0000e2b8                sys_arch_reboot
 .text.z_arm_interrupt_init
                0x0000e2dc       0x18 zephyr/arch/arch/arm/core/aarch32/cortex_m/libarch__arm__core__aarch32__cortex_m.a(irq_init.c.obj)
                0x0000e2dc                z_arm_interrupt_init
 .text.z_impl_k_thread_abort
                0x0000e2f4       0x4c zephyr/arch/arch/arm/core/aarch32/cortex_m/libarch__arm__core__aarch32__cortex_m.a(thread_abort.c.obj)
                0x0000e2f4                z_impl_k_thread_abort
 .text.z_arm_configure_static_mpu_regions
                0x0000e340       0x54 zephyr/arch/arch/arm/core/aarch32/cortex_m/mpu/libarch__arm__core__aarch32__cortex_m__mpu.a(arm_core_mpu.c.obj)
                0x0000e340                z_arm_configure_static_mpu_regions
 .text.region_init
                0x0000e394       0x30 zephyr/arch/arch/arm/core/aarch32/cortex_m/mpu/libarch__arm__core__aarch32__cortex_m__mpu.a(arm_mpu.c.obj)
 .text.mpu_configure_regions_and_partition.constprop.0
                0x0000e3c4      0x13c zephyr/arch/arch/arm/core/aarch32/cortex_m/mpu/libarch__arm__core__aarch32__cortex_m__mpu.a(arm_mpu.c.obj)
 .text.arm_core_mpu_enable
                0x0000e500       0x14 zephyr/arch/arch/arm/core/aarch32/cortex_m/mpu/libarch__arm__core__aarch32__cortex_m__mpu.a(arm_mpu.c.obj)
                0x0000e500                arm_core_mpu_enable
 .text.arm_core_mpu_disable
                0x0000e514       0x10 zephyr/arch/arch/arm/core/aarch32/cortex_m/mpu/libarch__arm__core__aarch32__cortex_m__mpu.a(arm_mpu.c.obj)
                0x0000e514                arm_core_mpu_disable
 .text.arm_mpu_init
                0x0000e524       0x4c zephyr/arch/arch/arm/core/aarch32/cortex_m/mpu/libarch__arm__core__aarch32__cortex_m__mpu.a(arm_mpu.c.obj)
 .text.arm_core_mpu_configure_static_mpu_regions
                0x0000e570       0x14 zephyr/arch/arch/arm/core/aarch32/cortex_m/mpu/libarch__arm__core__aarch32__cortex_m__mpu.a(arm_mpu.c.obj)
                0x0000e570                arm_core_mpu_configure_static_mpu_regions
 .text.arm_core_mpu_mark_areas_for_dynamic_regions
                0x0000e584       0xac zephyr/arch/arch/arm/core/aarch32/cortex_m/mpu/libarch__arm__core__aarch32__cortex_m__mpu.a(arm_mpu.c.obj)
                0x0000e584                arm_core_mpu_mark_areas_for_dynamic_regions
 .text.z_prf    0x0000e630      0x9e0 zephyr/lib/libc/minimal/liblib__libc__minimal.a(prf.c.obj)
                0x0000e630                z_prf
 .text.__stdout_hook_install
                0x0000f010        0xc zephyr/lib/libc/minimal/liblib__libc__minimal.a(stdout_console.c.obj)
                0x0000f010                __stdout_hook_install
 .text.z_impl_zephyr_fputc
                0x0000f01c       0x14 zephyr/lib/libc/minimal/liblib__libc__minimal.a(stdout_console.c.obj)
                0x0000f01c                z_impl_zephyr_fputc
 .text.snprintf
                0x0000f030       0x30 zephyr/lib/libc/minimal/liblib__libc__minimal.a(sprintf.c.obj)
                0x0000f030                snprintf
 .text.sprintf  0x0000f060       0x30 zephyr/lib/libc/minimal/liblib__libc__minimal.a(sprintf.c.obj)
                0x0000f060                sprintf
 .text.printf   0x0000f090       0x24 zephyr/lib/libc/minimal/liblib__libc__minimal.a(fprintf.c.obj)
                0x0000f090                printf
 .text.thingy91_board_init
                0x0000f0b4       0xc8 zephyr/boards/boards/arm/thingy91_nrf9160ns/lib..__nrf__boards__arm__thingy91_nrf9160.a(board_nonsecure.c.obj)
 .text.net_if_init
                0x0000f17c       0x28 zephyr/subsys/net/ip/libsubsys__net__ip.a(net_if.c.obj)
                0x0000f17c                net_if_init
 .text.net_if_post_init
                0x0000f1a4       0x2c zephyr/subsys/net/ip/libsubsys__net__ip.a(net_if.c.obj)
                0x0000f1a4                net_if_post_init
 .text.z_impl_net_addr_ntop
                0x0000f1d0      0x1cc zephyr/subsys/net/ip/libsubsys__net__ip.a(utils.c.obj)
                0x0000f1d0                z_impl_net_addr_ntop
 .text.sys_rand32_get
                0x0000f39c       0x34 zephyr/subsys/random/libsubsys__random.a(rand32_entropy_device.c.obj)
                0x0000f39c                sys_rand32_get
 .text.gpio_nrfx_init
                0x0000f3d0       0x30 zephyr/drivers/gpio/libdrivers__gpio.a(gpio_nrfx.c.obj)
 .text.gpio_nrfx_config
                0x0000f400       0xb8 zephyr/drivers/gpio/libdrivers__gpio.a(gpio_nrfx.c.obj)
 .text.gpiote_pin_int_cfg
                0x0000f4b8      0x140 zephyr/drivers/gpio/libdrivers__gpio.a(gpio_nrfx.c.obj)
 .text.gpio_nrfx_pin_interrupt_configure
                0x0000f5f8       0x90 zephyr/drivers/gpio/libdrivers__gpio.a(gpio_nrfx.c.obj)
 .text.gpiote_event_handler
                0x0000f688      0x150 zephyr/drivers/gpio/libdrivers__gpio.a(gpio_nrfx.c.obj)
 .text.twim_2_init
                0x0000f7d8       0x34 zephyr/drivers/i2c/libdrivers__i2c.a(i2c_nrfx_twim.c.obj)
 .text.i2c_nrfx_twim_transfer
                0x0000f80c       0xc0 zephyr/drivers/i2c/libdrivers__i2c.a(i2c_nrfx_twim.c.obj)
 .text.event_handler
                0x0000f8cc       0x38 zephyr/drivers/i2c/libdrivers__i2c.a(i2c_nrfx_twim.c.obj)
 .text.spi_3_init
                0x0000f904       0x3c zephyr/drivers/spi/libdrivers__spi.a(spi_nrfx_spim.c.obj)
 .text.transfer_next_chunk
                0x0000f940       0x84 zephyr/drivers/spi/libdrivers__spi.a(spi_nrfx_spim.c.obj)
 .text.spi_nrfx_transceive
                0x0000f9c4      0x1c8 zephyr/drivers/spi/libdrivers__spi.a(spi_nrfx_spim.c.obj)
 .text.uarte_nrfx_configure
                0x0000fb8c      0x168 zephyr/drivers/serial/libdrivers__serial.a(uart_nrfx_uarte.c.obj)
 .text.uarte_instance_init.constprop.0
                0x0000fcf4       0xac zephyr/drivers/serial/libdrivers__serial.a(uart_nrfx_uarte.c.obj)
 .text.uarte_1_init
                0x0000fda0       0x30 zephyr/drivers/serial/libdrivers__serial.a(uart_nrfx_uarte.c.obj)
 .text.uarte_0_init
                0x0000fdd0       0x30 zephyr/drivers/serial/libdrivers__serial.a(uart_nrfx_uarte.c.obj)
 .text._bsdlib_init
                0x0000fe00       0x30 modules/nrf/lib/bsdlib/lib..__nrf__lib__bsdlib.a(bsdlib.c.obj)
 .text.thread_monitor_entry_get
                0x0000fe30       0x40 modules/nrf/lib/bsdlib/lib..__nrf__lib__bsdlib.a(bsd_os.c.obj)
 .text.rpc_proxy_irq_handler
                0x0000fe70       0x50 modules/nrf/lib/bsdlib/lib..__nrf__lib__bsdlib.a(bsd_os.c.obj)
                0x0000fe70                rpc_proxy_irq_handler
 .text.bsd_os_timedwait
                0x0000fec0      0x16c modules/nrf/lib/bsdlib/lib..__nrf__lib__bsdlib.a(bsd_os.c.obj)
                0x0000fec0                bsd_os_timedwait
 .text.bsd_os_errno_set
                0x0001002c      0x2b8 modules/nrf/lib/bsdlib/lib..__nrf__lib__bsdlib.a(bsd_os.c.obj)
                0x0001002c                bsd_os_errno_set
 .text.bsd_os_application_irq_set
                0x000102e4       0x10 modules/nrf/lib/bsdlib/lib..__nrf__lib__bsdlib.a(bsd_os.c.obj)
                0x000102e4                bsd_os_application_irq_set
 .text.bsd_os_application_irq_clear
                0x000102f4       0x10 modules/nrf/lib/bsdlib/lib..__nrf__lib__bsdlib.a(bsd_os.c.obj)
                0x000102f4                bsd_os_application_irq_clear
 .text.bsd_os_trace_irq_set
                0x00010304       0x10 modules/nrf/lib/bsdlib/lib..__nrf__lib__bsdlib.a(bsd_os.c.obj)
                0x00010304                bsd_os_trace_irq_set
 .text.bsd_os_trace_irq_clear
                0x00010314       0x10 modules/nrf/lib/bsdlib/lib..__nrf__lib__bsdlib.a(bsd_os.c.obj)
                0x00010314                bsd_os_trace_irq_clear
 .text.bsd_os_init
                0x00010324       0x2c modules/nrf/lib/bsdlib/lib..__nrf__lib__bsdlib.a(bsd_os.c.obj)
                0x00010324                bsd_os_init
 .text.z_to_nrf_optname
                0x00010350       0xd4 modules/nrf/lib/bsdlib/lib..__nrf__lib__bsdlib.a(nrf91_sockets.c.obj)
 .text.nrf91_socket_offload_ioctl
                0x00010424      0x148 modules/nrf/lib/bsdlib/lib..__nrf__lib__bsdlib.a(nrf91_sockets.c.obj)
 .text.nrf91_socket_iface_init
                0x0001056c       0x18 modules/nrf/lib/bsdlib/lib..__nrf__lib__bsdlib.a(nrf91_sockets.c.obj)
 .text.nrf91_socket_create
                0x00010584       0x74 modules/nrf/lib/bsdlib/lib..__nrf__lib__bsdlib.a(nrf91_sockets.c.obj)
 .text.nrf91_socket_offload_sendmsg
                0x000105f8       0xd8 modules/nrf/lib/bsdlib/lib..__nrf__lib__bsdlib.a(nrf91_sockets.c.obj)
 .text.nrf91_socket_offload_accept
                0x000106d0       0xac modules/nrf/lib/bsdlib/lib..__nrf__lib__bsdlib.a(nrf91_sockets.c.obj)
 .text.callback_worker
                0x0001077c       0x20 modules/nrf/lib/at_cmd/lib..__nrf__lib__at_cmd.a(at_cmd.c.obj)
 .text.at_write
                0x0001079c       0x5c modules/nrf/lib/at_cmd/lib..__nrf__lib__at_cmd.a(at_cmd.c.obj)
 .text.open_socket
                0x000107f8       0x28 modules/nrf/lib/at_cmd/lib..__nrf__lib__at_cmd.a(at_cmd.c.obj)
 .text.at_cmd_driver_init
                0x00010820       0x54 modules/nrf/lib/at_cmd/lib..__nrf__lib__at_cmd.a(at_cmd.c.obj)
 .text.socket_thread_fn
                0x00010874      0x1e4 modules/nrf/lib/at_cmd/lib..__nrf__lib__at_cmd.a(at_cmd.c.obj)
 .text.at_cmd_write
                0x00010a58       0x44 modules/nrf/lib/at_cmd/lib..__nrf__lib__at_cmd.a(at_cmd.c.obj)
                0x00010a58                at_cmd_write
 .text.at_cmd_set_notification_handler
                0x00010a9c       0x2c modules/nrf/lib/at_cmd/lib..__nrf__lib__at_cmd.a(at_cmd.c.obj)
                0x00010a9c                at_cmd_set_notification_handler
 .text.find_node
                0x00010ac8       0x44 modules/nrf/lib/at_notif/lib..__nrf__lib__at_notif.a(at_notif.c.obj)
 .text.module_init
                0x00010b0c       0x28 modules/nrf/lib/at_notif/lib..__nrf__lib__at_notif.a(at_notif.c.obj)
 .text.k_mutex_unlock.constprop.0
                0x00010b34        0xc modules/nrf/lib/at_notif/lib..__nrf__lib__at_notif.a(at_notif.c.obj)
 .text.notif_dispatch
                0x00010b40       0x4c modules/nrf/lib/at_notif/lib..__nrf__lib__at_notif.a(at_notif.c.obj)
 .text.at_notif_register_handler
                0x00010b8c       0x74 modules/nrf/lib/at_notif/lib..__nrf__lib__at_notif.a(at_notif.c.obj)
                0x00010b8c                at_notif_register_handler
 .text.write_uart_string
                0x00010c00       0x1c modules/nrf/lib/at_host/lib..__nrf__lib__at_host.a(at_host.c.obj)
 .text.cmd_send
                0x00010c1c       0x84 modules/nrf/lib/at_host/lib..__nrf__lib__at_host.a(at_host.c.obj)
 .text.isr      0x00010ca0      0x118 modules/nrf/lib/at_host/lib..__nrf__lib__at_host.a(at_host.c.obj)
 .text.at_host_init
                0x00010db8       0xe4 modules/nrf/lib/at_host/lib..__nrf__lib__at_host.a(at_host.c.obj)
 .text.at_parse_process_element
                0x00010e9c      0x1c0 modules/nrf/lib/at_cmd_parser/lib..__nrf__lib__at_cmd_parser.a(at_cmd_parser.c.obj)
 .text.at_parse_detect_type
                0x0001105c       0xc0 modules/nrf/lib/at_cmd_parser/lib..__nrf__lib__at_cmd_parser.a(at_cmd_parser.c.obj)
 .text.at_parser_max_params_from_str
                0x0001111c      0x118 modules/nrf/lib/at_cmd_parser/lib..__nrf__lib__at_cmd_parser.a(at_cmd_parser.c.obj)
                0x0001111c                at_parser_max_params_from_str
 .text.parse_psm_cfg
                0x00011234       0xcc modules/nrf/lib/lte_link_control/lib..__nrf__lib__lte_link_control.a(lte_lc.c.obj)
 .text.lte_lc_offline
                0x00011300       0x1c modules/nrf/lib/lte_link_control/lib..__nrf__lib__lte_link_control.a(lte_lc.c.obj)
                0x00011300                lte_lc_offline
 .text.lte_lc_normal
                0x0001131c       0x1c modules/nrf/lib/lte_link_control/lib..__nrf__lib__lte_link_control.a(lte_lc.c.obj)
                0x0001131c                lte_lc_normal
 .text.lte_lc_system_mode_set
                0x00011338       0x48 modules/nrf/lib/lte_link_control/lib..__nrf__lib__lte_link_control.a(lte_lc.c.obj)
                0x00011338                lte_lc_system_mode_set
 .text.w_lte_lc_init
                0x00011380       0x74 modules/nrf/lib/lte_link_control/lib..__nrf__lib__lte_link_control.a(lte_lc.c.obj)
 .text.w_lte_lc_connect
                0x000113f4       0x64 modules/nrf/lib/lte_link_control/lib..__nrf__lib__lte_link_control.a(lte_lc.c.obj)
 .text.lte_lc_system_mode_get
                0x00011458       0xf8 modules/nrf/lib/lte_link_control/lib..__nrf__lib__lte_link_control.a(lte_lc.c.obj)
                0x00011458                lte_lc_system_mode_get
 .text.check_ext_api_requests
                0x00011550       0x9c modules/nrf/subsys/fw_info/lib..__nrf__subsys__fw_info.a(fw_info.c.obj)
 .text.packet_free_cb
                0x000115ec       0x18 C:/Users/Alex/ncs/v1.3.0/nrfxlib/bsdlib/lib/cortex-m33/hard-float/libbsd_nrf9160_xxaa.a(logobj_interface.c.o)
 .text.logobj_event_handler
                0x00011604       0xfc C:/Users/Alex/ncs/v1.3.0/nrfxlib/bsdlib/lib/cortex-m33/hard-float/libbsd_nrf9160_xxaa.a(logobj_interface.c.o)
                0x00011604                logobj_event_handler
 .text.logobj_interface_init
                0x00011700       0x3c C:/Users/Alex/ncs/v1.3.0/nrfxlib/bsdlib/lib/cortex-m33/hard-float/libbsd_nrf9160_xxaa.a(logobj_interface.c.o)
                0x00011700                logobj_interface_init
 .text.logobj_interface_open
                0x0001173c      0x188 C:/Users/Alex/ncs/v1.3.0/nrfxlib/bsdlib/lib/cortex-m33/hard-float/libbsd_nrf9160_xxaa.a(logobj_interface.c.o)
                0x0001173c                logobj_interface_open
 .text.logobj_interface_read
                0x000118c4       0xfc C:/Users/Alex/ncs/v1.3.0/nrfxlib/bsdlib/lib/cortex-m33/hard-float/libbsd_nrf9160_xxaa.a(logobj_interface.c.o)
                0x000118c4                logobj_interface_read
 .text.logobj_interface_write
                0x000119c0      0x114 C:/Users/Alex/ncs/v1.3.0/nrfxlib/bsdlib/lib/cortex-m33/hard-float/libbsd_nrf9160_xxaa.a(logobj_interface.c.o)
                0x000119c0                logobj_interface_write
 .text.logobj_interface_setopt
                0x00011ad4      0x1c0 C:/Users/Alex/ncs/v1.3.0/nrfxlib/bsdlib/lib/cortex-m33/hard-float/libbsd_nrf9160_xxaa.a(logobj_interface.c.o)
                0x00011ad4                logobj_interface_setopt
 .text.logobj_interface_getopt
                0x00011c94       0xa4 C:/Users/Alex/ncs/v1.3.0/nrfxlib/bsdlib/lib/cortex-m33/hard-float/libbsd_nrf9160_xxaa.a(logobj_interface.c.o)
                0x00011c94                logobj_interface_getopt
 .text.logobj_interface_close
                0x00011d38       0x2c C:/Users/Alex/ncs/v1.3.0/nrfxlib/bsdlib/lib/cortex-m33/hard-float/libbsd_nrf9160_xxaa.a(logobj_interface.c.o)
                0x00011d38                logobj_interface_close
 .text.rpc_transport_send
                0x00011d64        0x4 C:/Users/Alex/ncs/v1.3.0/nrfxlib/bsdlib/lib/cortex-m33/hard-float/libbsd_nrf9160_xxaa.a(rpc_transport.c.o)
                0x00011d64                rpc_transport_send
 .text.rpc_transport_rpc_alloc
                0x00011d68        0x4 C:/Users/Alex/ncs/v1.3.0/nrfxlib/bsdlib/lib/cortex-m33/hard-float/libbsd_nrf9160_xxaa.a(rpc_transport.c.o)
                0x00011d68                rpc_transport_rpc_alloc
 .text.rpc_transport_data_alloc
                0x00011d6c        0x4 C:/Users/Alex/ncs/v1.3.0/nrfxlib/bsdlib/lib/cortex-m33/hard-float/libbsd_nrf9160_xxaa.a(rpc_transport.c.o)
                0x00011d6c                rpc_transport_data_alloc
 .text.rpc_transport_rpc_free
                0x00011d70        0x4 C:/Users/Alex/ncs/v1.3.0/nrfxlib/bsdlib/lib/cortex-m33/hard-float/libbsd_nrf9160_xxaa.a(rpc_transport.c.o)
                0x00011d70                rpc_transport_rpc_free
 .text.rpc_transport_data_free
                0x00011d74        0x4 C:/Users/Alex/ncs/v1.3.0/nrfxlib/bsdlib/lib/cortex-m33/hard-float/libbsd_nrf9160_xxaa.a(rpc_transport.c.o)
                0x00011d74                rpc_transport_data_free
 .text.ipc_trace_init
                0x00011d78        0xc C:/Users/Alex/ncs/v1.3.0/nrfxlib/bsdlib/lib/cortex-m33/hard-float/libbsd_nrf9160_xxaa.a(ipc_trace.c.o)
                0x00011d78                ipc_trace_init
 .text.bsd_os_trace_irq_handler
                0x00011d84      0x1cc C:/Users/Alex/ncs/v1.3.0/nrfxlib/bsdlib/lib/cortex-m33/hard-float/libbsd_nrf9160_xxaa.a(ipc_trace.c.o)
                0x00011d84                bsd_os_trace_irq_handler
 .text.ipc_trace_handle
                0x00011f50      0x2e4 C:/Users/Alex/ncs/v1.3.0/nrfxlib/bsdlib/lib/cortex-m33/hard-float/libbsd_nrf9160_xxaa.a(ipc_trace.c.o)
                0x00011f50                ipc_trace_handle
 .text.rpc_trace_coredump_in_progress
                0x00012234        0xc C:/Users/Alex/ncs/v1.3.0/nrfxlib/bsdlib/lib/cortex-m33/hard-float/libbsd_nrf9160_xxaa.a(ipc_trace.c.o)
                0x00012234                rpc_trace_coredump_in_progress
 .text.rpc_transport_ipc_data_free
                0x00012240       0x44 C:/Users/Alex/ncs/v1.3.0/nrfxlib/bsdlib/lib/cortex-m33/hard-float/libbsd_nrf9160_xxaa.a(rpc_transport_ipc.c.o)
                0x00012240                rpc_transport_ipc_data_free
 .text.rpc_transport_ipc_init
                0x00012284       0x68 C:/Users/Alex/ncs/v1.3.0/nrfxlib/bsdlib/lib/cortex-m33/hard-float/libbsd_nrf9160_xxaa.a(rpc_transport_ipc.c.o)
                0x00012284                rpc_transport_ipc_init
 .text.bsd_os_application_irq_handler
                0x000122ec       0xec C:/Users/Alex/ncs/v1.3.0/nrfxlib/bsdlib/lib/cortex-m33/hard-float/libbsd_nrf9160_xxaa.a(rpc_transport_ipc_rx.c.o)
                0x000122ec                bsd_os_application_irq_handler
 .text.IPC_IRQHandler
                0x000123d8      0x2d4 C:/Users/Alex/ncs/v1.3.0/nrfxlib/bsdlib/lib/cortex-m33/hard-float/libbsd_nrf9160_xxaa.a(rpc_transport_ipc_rx.c.o)
                0x000123d8                IPC_IRQHandler
 .text.rpc_transport_ipc_rx_init
                0x000126ac      0x224 C:/Users/Alex/ncs/v1.3.0/nrfxlib/bsdlib/lib/cortex-m33/hard-float/libbsd_nrf9160_xxaa.a(rpc_transport_ipc_rx.c.o)
                0x000126ac                rpc_transport_ipc_rx_init
 .text.rpc_transport_ipc_msg_free
                0x000128d0       0x64 C:/Users/Alex/ncs/v1.3.0/nrfxlib/bsdlib/lib/cortex-m33/hard-float/libbsd_nrf9160_xxaa.a(rpc_transport_ipc_rx.c.o)
                0x000128d0                rpc_transport_ipc_msg_free
 .text.rpc_transport_ipc_tx_init
                0x00012934      0x1d4 C:/Users/Alex/ncs/v1.3.0/nrfxlib/bsdlib/lib/cortex-m33/hard-float/libbsd_nrf9160_xxaa.a(rpc_transport_ipc_tx.c.o)
                0x00012934                rpc_transport_ipc_tx_init
 .text.rpc_transport_ipc_send
                0x00012b08      0x104 C:/Users/Alex/ncs/v1.3.0/nrfxlib/bsdlib/lib/cortex-m33/hard-float/libbsd_nrf9160_xxaa.a(rpc_transport_ipc_tx.c.o)
                0x00012b08                rpc_transport_ipc_send
 .text.rpc_transport_ipc_tx_rpc_data_alloc
                0x00012c0c       0x70 C:/Users/Alex/ncs/v1.3.0/nrfxlib/bsdlib/lib/cortex-m33/hard-float/libbsd_nrf9160_xxaa.a(rpc_transport_ipc_tx.c.o)
                0x00012c0c                rpc_transport_ipc_tx_rpc_data_alloc
 .text.rpc_transport_ipc_tx_rpc_ctrl_alloc
                0x00012c7c       0x60 C:/Users/Alex/ncs/v1.3.0/nrfxlib/bsdlib/lib/cortex-m33/hard-float/libbsd_nrf9160_xxaa.a(rpc_transport_ipc_tx.c.o)
                0x00012c7c                rpc_transport_ipc_tx_rpc_ctrl_alloc
 .text.rpc_transport_ipc_tx_data_alloc
                0x00012cdc       0x14 C:/Users/Alex/ncs/v1.3.0/nrfxlib/bsdlib/lib/cortex-m33/hard-float/libbsd_nrf9160_xxaa.a(rpc_transport_ipc_tx.c.o)
                0x00012cdc                rpc_transport_ipc_tx_data_alloc
 .text.rpc_transport_ipc_tx_suspend
                0x00012cf0        0xc C:/Users/Alex/ncs/v1.3.0/nrfxlib/bsdlib/lib/cortex-m33/hard-float/libbsd_nrf9160_xxaa.a(rpc_transport_ipc_tx.c.o)
                0x00012cf0                rpc_transport_ipc_tx_suspend
 .text.secure_client_socket
                0x00012cfc      0x130 C:/Users/Alex/ncs/v1.3.0/nrfxlib/bsdlib/lib/cortex-m33/hard-float/libbsd_nrf9160_xxaa.a(tls_interface.c.o)
 .text.tls_interface_init
                0x00012e2c        0x4 C:/Users/Alex/ncs/v1.3.0/nrfxlib/bsdlib/lib/cortex-m33/hard-float/libbsd_nrf9160_xxaa.a(tls_interface.c.o)
                0x00012e2c                tls_interface_init
 .text.tls_interface_open
                0x00012e30       0x84 C:/Users/Alex/ncs/v1.3.0/nrfxlib/bsdlib/lib/cortex-m33/hard-float/libbsd_nrf9160_xxaa.a(tls_interface.c.o)
                0x00012e30                tls_interface_open
 .text.tls_interface_close
                0x00012eb4       0x3c C:/Users/Alex/ncs/v1.3.0/nrfxlib/bsdlib/lib/cortex-m33/hard-float/libbsd_nrf9160_xxaa.a(tls_interface.c.o)
                0x00012eb4                tls_interface_close
 .text.tls_interface_sendto
                0x00012ef0       0xb0 C:/Users/Alex/ncs/v1.3.0/nrfxlib/bsdlib/lib/cortex-m33/hard-float/libbsd_nrf9160_xxaa.a(tls_interface.c.o)
                0x00012ef0                tls_interface_sendto
 .text.tls_interface_recvfrom
                0x00012fa0       0x94 C:/Users/Alex/ncs/v1.3.0/nrfxlib/bsdlib/lib/cortex-m33/hard-float/libbsd_nrf9160_xxaa.a(tls_interface.c.o)
                0x00012fa0                tls_interface_recvfrom
 .text.tls_interface_bind
                0x00013034       0xf4 C:/Users/Alex/ncs/v1.3.0/nrfxlib/bsdlib/lib/cortex-m33/hard-float/libbsd_nrf9160_xxaa.a(tls_interface.c.o)
                0x00013034                tls_interface_bind
 .text.tls_interface_connect
                0x00013128       0x60 C:/Users/Alex/ncs/v1.3.0/nrfxlib/bsdlib/lib/cortex-m33/hard-float/libbsd_nrf9160_xxaa.a(tls_interface.c.o)
                0x00013128                tls_interface_connect
 .text.tls_interface_listen
                0x00013188      0x118 C:/Users/Alex/ncs/v1.3.0/nrfxlib/bsdlib/lib/cortex-m33/hard-float/libbsd_nrf9160_xxaa.a(tls_interface.c.o)
                0x00013188                tls_interface_listen
 .text.tls_interface_accept
                0x000132a0       0xb0 C:/Users/Alex/ncs/v1.3.0/nrfxlib/bsdlib/lib/cortex-m33/hard-float/libbsd_nrf9160_xxaa.a(tls_interface.c.o)
                0x000132a0                tls_interface_accept
 .text.tls_interface_setopt
                0x00013350      0x148 C:/Users/Alex/ncs/v1.3.0/nrfxlib/bsdlib/lib/cortex-m33/hard-float/libbsd_nrf9160_xxaa.a(tls_interface.c.o)
                0x00013350                tls_interface_setopt
 .text.tls_interface_getopt
                0x00013498       0xd4 C:/Users/Alex/ncs/v1.3.0/nrfxlib/bsdlib/lib/cortex-m33/hard-float/libbsd_nrf9160_xxaa.a(tls_interface.c.o)
                0x00013498                tls_interface_getopt
 .text.tls_rpc_ip_event_handler
                0x0001356c      0x10c C:/Users/Alex/ncs/v1.3.0/nrfxlib/bsdlib/lib/cortex-m33/hard-float/libbsd_nrf9160_xxaa.a(tls_interface.c.o)
                0x0001356c                tls_rpc_ip_event_handler
 .text.ip_client_event_handler
                0x00013678        0xc C:/Users/Alex/ncs/v1.3.0/nrfxlib/bsdlib/lib/cortex-m33/hard-float/libbsd_nrf9160_xxaa.a(rpc_ip_client.c.o)
 .text.rpc_ip_client_init
                0x00013684        0xc C:/Users/Alex/ncs/v1.3.0/nrfxlib/bsdlib/lib/cortex-m33/hard-float/libbsd_nrf9160_xxaa.a(rpc_ip_client.c.o)
                0x00013684                rpc_ip_client_init
 .text.rpc_ip_client_request_alloc
                0x00013690       0x28 C:/Users/Alex/ncs/v1.3.0/nrfxlib/bsdlib/lib/cortex-m33/hard-float/libbsd_nrf9160_xxaa.a(rpc_ip_client.c.o)
                0x00013690                rpc_ip_client_request_alloc
 .text.rpc_ip_client_request_send
                0x000136b8       0x2c C:/Users/Alex/ncs/v1.3.0/nrfxlib/bsdlib/lib/cortex-m33/hard-float/libbsd_nrf9160_xxaa.a(rpc_ip_client.c.o)
                0x000136b8                rpc_ip_client_request_send
 .text.rpc_ip_client_message_free
                0x000136e4       0x10 C:/Users/Alex/ncs/v1.3.0/nrfxlib/bsdlib/lib/cortex-m33/hard-float/libbsd_nrf9160_xxaa.a(rpc_ip_client.c.o)
                0x000136e4                rpc_ip_client_message_free
 .text.rpc_ip_client_data_free
                0x000136f4       0x10 C:/Users/Alex/ncs/v1.3.0/nrfxlib/bsdlib/lib/cortex-m33/hard-float/libbsd_nrf9160_xxaa.a(rpc_ip_client.c.o)
                0x000136f4                rpc_ip_client_data_free
 .text.ip_recvd_packet_free_cb
                0x00013704       0x18 C:/Users/Alex/ncs/v1.3.0/nrfxlib/bsdlib/lib/cortex-m33/hard-float/libbsd_nrf9160_xxaa.a(ip_interface.c.o)
 .text.rpc_error_to_nrf_bsd_error
                0x0001371c       0x14 C:/Users/Alex/ncs/v1.3.0/nrfxlib/bsdlib/lib/cortex-m33/hard-float/libbsd_nrf9160_xxaa.a(ip_interface.c.o)
                0x0001371c                rpc_error_to_nrf_bsd_error
 .text.ip_interface_request_create
                0x00013730       0x40 C:/Users/Alex/ncs/v1.3.0/nrfxlib/bsdlib/lib/cortex-m33/hard-float/libbsd_nrf9160_xxaa.a(ip_interface.c.o)
                0x00013730                ip_interface_request_create
 .text.ip_interface_request_send
                0x00013770       0x28 C:/Users/Alex/ncs/v1.3.0/nrfxlib/bsdlib/lib/cortex-m33/hard-float/libbsd_nrf9160_xxaa.a(ip_interface.c.o)
                0x00013770                ip_interface_request_send
 .text.ip_interface_wait
                0x00013798       0x28 C:/Users/Alex/ncs/v1.3.0/nrfxlib/bsdlib/lib/cortex-m33/hard-float/libbsd_nrf9160_xxaa.a(ip_interface.c.o)
                0x00013798                ip_interface_wait
 .text.ip_interface_init
                0x000137c0       0x3c C:/Users/Alex/ncs/v1.3.0/nrfxlib/bsdlib/lib/cortex-m33/hard-float/libbsd_nrf9160_xxaa.a(ip_interface.c.o)
                0x000137c0                ip_interface_init
 .text.ip_interface_open
                0x000137fc      0x18c C:/Users/Alex/ncs/v1.3.0/nrfxlib/bsdlib/lib/cortex-m33/hard-float/libbsd_nrf9160_xxaa.a(ip_interface.c.o)
                0x000137fc                ip_interface_open
 .text.ip_interface_close
                0x00013988       0xe4 C:/Users/Alex/ncs/v1.3.0/nrfxlib/bsdlib/lib/cortex-m33/hard-float/libbsd_nrf9160_xxaa.a(ip_interface.c.o)
                0x00013988                ip_interface_close
 .text.ip_interface_sendto
                0x00013a6c      0x2cc C:/Users/Alex/ncs/v1.3.0/nrfxlib/bsdlib/lib/cortex-m33/hard-float/libbsd_nrf9160_xxaa.a(ip_interface.c.o)
                0x00013a6c                ip_interface_sendto
 .text.ip_interface_recvfrom
                0x00013d38      0x250 C:/Users/Alex/ncs/v1.3.0/nrfxlib/bsdlib/lib/cortex-m33/hard-float/libbsd_nrf9160_xxaa.a(ip_interface.c.o)
                0x00013d38                ip_interface_recvfrom
 .text.ip_interface_connect
                0x00013f88      0x184 C:/Users/Alex/ncs/v1.3.0/nrfxlib/bsdlib/lib/cortex-m33/hard-float/libbsd_nrf9160_xxaa.a(ip_interface.c.o)
                0x00013f88                ip_interface_connect
 .text.ip_interface_bind
                0x0001410c      0x144 C:/Users/Alex/ncs/v1.3.0/nrfxlib/bsdlib/lib/cortex-m33/hard-float/libbsd_nrf9160_xxaa.a(ip_interface.c.o)
                0x0001410c                ip_interface_bind
 .text.ip_interface_listen
                0x00014250       0xf0 C:/Users/Alex/ncs/v1.3.0/nrfxlib/bsdlib/lib/cortex-m33/hard-float/libbsd_nrf9160_xxaa.a(ip_interface.c.o)
                0x00014250                ip_interface_listen
 .text.ip_interface_accept
                0x00014340      0x284 C:/Users/Alex/ncs/v1.3.0/nrfxlib/bsdlib/lib/cortex-m33/hard-float/libbsd_nrf9160_xxaa.a(ip_interface.c.o)
                0x00014340                ip_interface_accept
 .text.ip_interface_setopt
                0x000145c4      0x178 C:/Users/Alex/ncs/v1.3.0/nrfxlib/bsdlib/lib/cortex-m33/hard-float/libbsd_nrf9160_xxaa.a(ip_interface.c.o)
                0x000145c4                ip_interface_setopt
 .text.ip_interface_getopt
                0x0001473c        0x4 C:/Users/Alex/ncs/v1.3.0/nrfxlib/bsdlib/lib/cortex-m33/hard-float/libbsd_nrf9160_xxaa.a(ip_interface.c.o)
                0x0001473c                ip_interface_getopt
 .text.ip_interface_getaddrinfo
                0x00014740      0x1ec C:/Users/Alex/ncs/v1.3.0/nrfxlib/bsdlib/lib/cortex-m33/hard-float/libbsd_nrf9160_xxaa.a(ip_interface.c.o)
                0x00014740                ip_interface_getaddrinfo
 .text.ip_interface_freeaddrinfo
                0x0001492c       0x38 C:/Users/Alex/ncs/v1.3.0/nrfxlib/bsdlib/lib/cortex-m33/hard-float/libbsd_nrf9160_xxaa.a(ip_interface.c.o)
                0x0001492c                ip_interface_freeaddrinfo
 .text.rpc_ip_event_handler
                0x00014964      0x50c C:/Users/Alex/ncs/v1.3.0/nrfxlib/bsdlib/lib/cortex-m33/hard-float/libbsd_nrf9160_xxaa.a(ip_interface.c.o)
                0x00014964                rpc_ip_event_handler
 .text.rpc_handle_ctrl_message
                0x00014e70       0x30 C:/Users/Alex/ncs/v1.3.0/nrfxlib/bsdlib/lib/cortex-m33/hard-float/libbsd_nrf9160_xxaa.a(rpc_framework.c.o)
                0x00014e70                rpc_handle_ctrl_message
 .text.rpc_handle_data_message
                0x00014ea0       0x94 C:/Users/Alex/ncs/v1.3.0/nrfxlib/bsdlib/lib/cortex-m33/hard-float/libbsd_nrf9160_xxaa.a(rpc_framework.c.o)
                0x00014ea0                rpc_handle_data_message
 .text.rpc_framework_init
                0x00014f34       0x14 C:/Users/Alex/ncs/v1.3.0/nrfxlib/bsdlib/lib/cortex-m33/hard-float/libbsd_nrf9160_xxaa.a(rpc_framework.c.o)
                0x00014f34                rpc_framework_init
 .text.rpc_client_register
                0x00014f48       0xd4 C:/Users/Alex/ncs/v1.3.0/nrfxlib/bsdlib/lib/cortex-m33/hard-float/libbsd_nrf9160_xxaa.a(rpc_framework.c.o)
                0x00014f48                rpc_client_register
 .text.rpc_message_send
                0x0001501c       0x20 C:/Users/Alex/ncs/v1.3.0/nrfxlib/bsdlib/lib/cortex-m33/hard-float/libbsd_nrf9160_xxaa.a(rpc_framework.c.o)
                0x0001501c                rpc_message_send
 .text.rpc_message_alloc
                0x0001503c       0x58 C:/Users/Alex/ncs/v1.3.0/nrfxlib/bsdlib/lib/cortex-m33/hard-float/libbsd_nrf9160_xxaa.a(rpc_framework.c.o)
                0x0001503c                rpc_message_alloc
 .text.rpc_message_free
                0x00015094       0x18 C:/Users/Alex/ncs/v1.3.0/nrfxlib/bsdlib/lib/cortex-m33/hard-float/libbsd_nrf9160_xxaa.a(rpc_framework.c.o)
                0x00015094                rpc_message_free
 .text.rpc_message_data_free
                0x000150ac       0x18 C:/Users/Alex/ncs/v1.3.0/nrfxlib/bsdlib/lib/cortex-m33/hard-float/libbsd_nrf9160_xxaa.a(rpc_framework.c.o)
                0x000150ac                rpc_message_data_free
 .text.packet_free_cb
                0x000150c4       0x1c C:/Users/Alex/ncs/v1.3.0/nrfxlib/bsdlib/lib/cortex-m33/hard-float/libbsd_nrf9160_xxaa.a(gnss_interface.c.o)
 .text.rpc_gnss_event_handler
                0x000150e0      0x1a4 C:/Users/Alex/ncs/v1.3.0/nrfxlib/bsdlib/lib/cortex-m33/hard-float/libbsd_nrf9160_xxaa.a(gnss_interface.c.o)
                0x000150e0                rpc_gnss_event_handler
 .text.gnss_interface_write
                0x00015284      0x1ec C:/Users/Alex/ncs/v1.3.0/nrfxlib/bsdlib/lib/cortex-m33/hard-float/libbsd_nrf9160_xxaa.a(gnss_interface.c.o)
                0x00015284                gnss_interface_write
 .text.gnss_interface_read
                0x00015470      0x418 C:/Users/Alex/ncs/v1.3.0/nrfxlib/bsdlib/lib/cortex-m33/hard-float/libbsd_nrf9160_xxaa.a(gnss_interface.c.o)
                0x00015470                gnss_interface_read
 .text.gnss_interface_setopt
                0x00015888      0x2e8 C:/Users/Alex/ncs/v1.3.0/nrfxlib/bsdlib/lib/cortex-m33/hard-float/libbsd_nrf9160_xxaa.a(gnss_interface.c.o)
                0x00015888                gnss_interface_setopt
 .text.gnss_interface_getopt
                0x00015b70      0x220 C:/Users/Alex/ncs/v1.3.0/nrfxlib/bsdlib/lib/cortex-m33/hard-float/libbsd_nrf9160_xxaa.a(gnss_interface.c.o)
                0x00015b70                gnss_interface_getopt
 .text.gnss_interface_init
                0x00015d90       0x3c C:/Users/Alex/ncs/v1.3.0/nrfxlib/bsdlib/lib/cortex-m33/hard-float/libbsd_nrf9160_xxaa.a(gnss_interface.c.o)
                0x00015d90                gnss_interface_init
 .text.gnss_interface_open
                0x00015dcc       0x74 C:/Users/Alex/ncs/v1.3.0/nrfxlib/bsdlib/lib/cortex-m33/hard-float/libbsd_nrf9160_xxaa.a(gnss_interface.c.o)
                0x00015dcc                gnss_interface_open
 .text.gnss_interface_close
                0x00015e40       0x64 C:/Users/Alex/ncs/v1.3.0/nrfxlib/bsdlib/lib/cortex-m33/hard-float/libbsd_nrf9160_xxaa.a(gnss_interface.c.o)
                0x00015e40                gnss_interface_close
 .text.rpc_logobj_client_evt_handler
                0x00015ea4       0x10 C:/Users/Alex/ncs/v1.3.0/nrfxlib/bsdlib/lib/cortex-m33/hard-float/libbsd_nrf9160_xxaa.a(rpc_logobj_client.c.o)
 .text.rpc_logobj_client_init
                0x00015eb4        0xc C:/Users/Alex/ncs/v1.3.0/nrfxlib/bsdlib/lib/cortex-m33/hard-float/libbsd_nrf9160_xxaa.a(rpc_logobj_client.c.o)
                0x00015eb4                rpc_logobj_client_init
 .text.rpc_logobj_client_request_alloc
                0x00015ec0       0x30 C:/Users/Alex/ncs/v1.3.0/nrfxlib/bsdlib/lib/cortex-m33/hard-float/libbsd_nrf9160_xxaa.a(rpc_logobj_client.c.o)
                0x00015ec0                rpc_logobj_client_request_alloc
 .text.rpc_logobj_client_request_send
                0x00015ef0       0x2c C:/Users/Alex/ncs/v1.3.0/nrfxlib/bsdlib/lib/cortex-m33/hard-float/libbsd_nrf9160_xxaa.a(rpc_logobj_client.c.o)
                0x00015ef0                rpc_logobj_client_request_send
 .text.rpc_logobj_client_message_free
                0x00015f1c       0x10 C:/Users/Alex/ncs/v1.3.0/nrfxlib/bsdlib/lib/cortex-m33/hard-float/libbsd_nrf9160_xxaa.a(rpc_logobj_client.c.o)
                0x00015f1c                rpc_logobj_client_message_free
 .text.rpc_logobj_client_data_free
                0x00015f2c       0x10 C:/Users/Alex/ncs/v1.3.0/nrfxlib/bsdlib/lib/cortex-m33/hard-float/libbsd_nrf9160_xxaa.a(rpc_logobj_client.c.o)
                0x00015f2c                rpc_logobj_client_data_free
 .text.dfu_client_event_handler
                0x00015f3c        0xc C:/Users/Alex/ncs/v1.3.0/nrfxlib/bsdlib/lib/cortex-m33/hard-float/libbsd_nrf9160_xxaa.a(rpc_dfu_client.c.o)
 .text.rpc_dfu_client_init
                0x00015f48        0xc C:/Users/Alex/ncs/v1.3.0/nrfxlib/bsdlib/lib/cortex-m33/hard-float/libbsd_nrf9160_xxaa.a(rpc_dfu_client.c.o)
                0x00015f48                rpc_dfu_client_init
 .text.rpc_dfu_client_request_alloc
                0x00015f54       0x28 C:/Users/Alex/ncs/v1.3.0/nrfxlib/bsdlib/lib/cortex-m33/hard-float/libbsd_nrf9160_xxaa.a(rpc_dfu_client.c.o)
                0x00015f54                rpc_dfu_client_request_alloc
 .text.rpc_dfu_client_request_send
                0x00015f7c       0x28 C:/Users/Alex/ncs/v1.3.0/nrfxlib/bsdlib/lib/cortex-m33/hard-float/libbsd_nrf9160_xxaa.a(rpc_dfu_client.c.o)
                0x00015f7c                rpc_dfu_client_request_send
 .text.rpc_dfu_client_message_free
                0x00015fa4       0x10 C:/Users/Alex/ncs/v1.3.0/nrfxlib/bsdlib/lib/cortex-m33/hard-float/libbsd_nrf9160_xxaa.a(rpc_dfu_client.c.o)
                0x00015fa4                rpc_dfu_client_message_free
 .text.rpc_dfu_client_data_free
                0x00015fb4       0x10 C:/Users/Alex/ncs/v1.3.0/nrfxlib/bsdlib/lib/cortex-m33/hard-float/libbsd_nrf9160_xxaa.a(rpc_dfu_client.c.o)
                0x00015fb4                rpc_dfu_client_data_free
 .text.packet_free_cb
                0x00015fc4        0x8 C:/Users/Alex/ncs/v1.3.0/nrfxlib/bsdlib/lib/cortex-m33/hard-float/libbsd_nrf9160_xxaa.a(at_interface.c.o)
 .text.at_interface_write
                0x00015fcc       0xf0 C:/Users/Alex/ncs/v1.3.0/nrfxlib/bsdlib/lib/cortex-m33/hard-float/libbsd_nrf9160_xxaa.a(at_interface.c.o)
                0x00015fcc                at_interface_write
 .text.at_interface_init
                0x000160bc       0x14 C:/Users/Alex/ncs/v1.3.0/nrfxlib/bsdlib/lib/cortex-m33/hard-float/libbsd_nrf9160_xxaa.a(at_interface.c.o)
                0x000160bc                at_interface_init
 .text.at_interface_open
                0x000160d0       0xc8 C:/Users/Alex/ncs/v1.3.0/nrfxlib/bsdlib/lib/cortex-m33/hard-float/libbsd_nrf9160_xxaa.a(at_interface.c.o)
                0x000160d0                at_interface_open
 .text.at_interface_close
                0x00016198       0xa0 C:/Users/Alex/ncs/v1.3.0/nrfxlib/bsdlib/lib/cortex-m33/hard-float/libbsd_nrf9160_xxaa.a(at_interface.c.o)
                0x00016198                at_interface_close
 .text.at_interface_read
                0x00016238       0xac C:/Users/Alex/ncs/v1.3.0/nrfxlib/bsdlib/lib/cortex-m33/hard-float/libbsd_nrf9160_xxaa.a(at_interface.c.o)
                0x00016238                at_interface_read
 .text.at_interface_getopt
                0x000162e4        0x4 C:/Users/Alex/ncs/v1.3.0/nrfxlib/bsdlib/lib/cortex-m33/hard-float/libbsd_nrf9160_xxaa.a(at_interface.c.o)
                0x000162e4                at_interface_getopt
 .text.at_interface_setopt
                0x000162e8        0x4 C:/Users/Alex/ncs/v1.3.0/nrfxlib/bsdlib/lib/cortex-m33/hard-float/libbsd_nrf9160_xxaa.a(at_interface.c.o)
                0x000162e8                at_interface_setopt
 .text.rpc_at_event_handler
                0x000162ec       0xa4 C:/Users/Alex/ncs/v1.3.0/nrfxlib/bsdlib/lib/cortex-m33/hard-float/libbsd_nrf9160_xxaa.a(at_interface.c.o)
                0x000162ec                rpc_at_event_handler
 .text.ok_rsp_parser
                0x00016390        0x4 C:/Users/Alex/ncs/v1.3.0/nrfxlib/bsdlib/lib/cortex-m33/hard-float/libbsd_nrf9160_xxaa.a(pdn_interface.c.o)
 .text.pdn_state_get_parser
                0x00016394       0x6c C:/Users/Alex/ncs/v1.3.0/nrfxlib/bsdlib/lib/cortex-m33/hard-float/libbsd_nrf9160_xxaa.a(pdn_interface.c.o)
 .text.pdn_id_get_parser
                0x00016400       0x58 C:/Users/Alex/ncs/v1.3.0/nrfxlib/bsdlib/lib/cortex-m33/hard-float/libbsd_nrf9160_xxaa.a(pdn_interface.c.o)
 .text.context_create_parser
                0x00016458       0x58 C:/Users/Alex/ncs/v1.3.0/nrfxlib/bsdlib/lib/cortex-m33/hard-float/libbsd_nrf9160_xxaa.a(pdn_interface.c.o)
 .text.pdn_interface_init
                0x000164b0       0x40 C:/Users/Alex/ncs/v1.3.0/nrfxlib/bsdlib/lib/cortex-m33/hard-float/libbsd_nrf9160_xxaa.a(pdn_interface.c.o)
                0x000164b0                pdn_interface_init
 .text.pdn_interface_open
                0x000164f0      0x1bc C:/Users/Alex/ncs/v1.3.0/nrfxlib/bsdlib/lib/cortex-m33/hard-float/libbsd_nrf9160_xxaa.a(pdn_interface.c.o)
                0x000164f0                pdn_interface_open
 .text.pdn_interface_connect
                0x000166ac      0x300 C:/Users/Alex/ncs/v1.3.0/nrfxlib/bsdlib/lib/cortex-m33/hard-float/libbsd_nrf9160_xxaa.a(pdn_interface.c.o)
                0x000166ac                pdn_interface_connect
 .text.pdn_interface_close
                0x000169ac      0x1d8 C:/Users/Alex/ncs/v1.3.0/nrfxlib/bsdlib/lib/cortex-m33/hard-float/libbsd_nrf9160_xxaa.a(pdn_interface.c.o)
                0x000169ac                pdn_interface_close
 .text.pdn_interface_setopt
                0x00016b84       0xa8 C:/Users/Alex/ncs/v1.3.0/nrfxlib/bsdlib/lib/cortex-m33/hard-float/libbsd_nrf9160_xxaa.a(pdn_interface.c.o)
                0x00016b84                pdn_interface_setopt
 .text.pdn_interface_getopt
                0x00016c2c      0x194 C:/Users/Alex/ncs/v1.3.0/nrfxlib/bsdlib/lib/cortex-m33/hard-float/libbsd_nrf9160_xxaa.a(pdn_interface.c.o)
                0x00016c2c                pdn_interface_getopt
 .text.pdn_interface_pdn_id_get
                0x00016dc0      0x7b4 C:/Users/Alex/ncs/v1.3.0/nrfxlib/bsdlib/lib/cortex-m33/hard-float/libbsd_nrf9160_xxaa.a(pdn_interface.c.o)
                0x00016dc0                pdn_interface_pdn_id_get
 .text.bsd_platform_error_handler
                0x00017574        0x8 C:/Users/Alex/ncs/v1.3.0/nrfxlib/bsdlib/lib/cortex-m33/hard-float/libbsd_nrf9160_xxaa.a(bsd.c.o)
                0x00017574                bsd_platform_error_handler
 .text.bsd_init
                0x0001757c       0x28 C:/Users/Alex/ncs/v1.3.0/nrfxlib/bsdlib/lib/cortex-m33/hard-float/libbsd_nrf9160_xxaa.a(bsd.c.o)
                0x0001757c                bsd_init
 .text.unimplemented_method
                0x000175a4       0x18 C:/Users/Alex/ncs/v1.3.0/nrfxlib/bsdlib/lib/cortex-m33/hard-float/libbsd_nrf9160_xxaa.a(bsd_platform.c.o)
 .text.rpc_transport_ipc_fault_handler
                0x000175bc        0x4 C:/Users/Alex/ncs/v1.3.0/nrfxlib/bsdlib/lib/cortex-m33/hard-float/libbsd_nrf9160_xxaa.a(bsd_platform.c.o)
                0x000175bc                rpc_transport_ipc_fault_handler
 .text.bsd_platform_init
                0x000175c0      0x108 C:/Users/Alex/ncs/v1.3.0/nrfxlib/bsdlib/lib/cortex-m33/hard-float/libbsd_nrf9160_xxaa.a(bsd_platform.c.o)
                0x000175c0                bsd_platform_init
 .text.bsd_platform_af_method_table_get
                0x000176c8       0xb0 C:/Users/Alex/ncs/v1.3.0/nrfxlib/bsdlib/lib/cortex-m33/hard-float/libbsd_nrf9160_xxaa.a(bsd_platform.c.o)
                0x000176c8                bsd_platform_af_method_table_get
 .text.bsd_platform_fd_method_table_get
                0x00017778       0xec C:/Users/Alex/ncs/v1.3.0/nrfxlib/bsdlib/lib/cortex-m33/hard-float/libbsd_nrf9160_xxaa.a(bsd_platform.c.o)
                0x00017778                bsd_platform_fd_method_table_get
 .text.bsd_platform_getaddrinfo
                0x00017864        0x4 C:/Users/Alex/ncs/v1.3.0/nrfxlib/bsdlib/lib/cortex-m33/hard-float/libbsd_nrf9160_xxaa.a(bsd_platform_util.c.o)
                0x00017864                bsd_platform_getaddrinfo
 .text.bsd_platform_freeaddrinfo
                0x00017868        0x4 C:/Users/Alex/ncs/v1.3.0/nrfxlib/bsdlib/lib/cortex-m33/hard-float/libbsd_nrf9160_xxaa.a(bsd_platform_util.c.o)
                0x00017868                bsd_platform_freeaddrinfo
 .text.bsd_platform_poll
                0x0001786c       0xb4 C:/Users/Alex/ncs/v1.3.0/nrfxlib/bsdlib/lib/cortex-m33/hard-float/libbsd_nrf9160_xxaa.a(bsd_platform_util.c.o)
                0x0001786c                bsd_platform_poll
 .text.bsd_platform_fcntl
                0x00017920       0x20 C:/Users/Alex/ncs/v1.3.0/nrfxlib/bsdlib/lib/cortex-m33/hard-float/libbsd_nrf9160_xxaa.a(bsd_platform_util.c.o)
                0x00017920                bsd_platform_fcntl
 .text.linked_list_init
                0x00017940       0x14 C:/Users/Alex/ncs/v1.3.0/nrfxlib/bsdlib/lib/cortex-m33/hard-float/libbsd_nrf9160_xxaa.a(linked_list.c.o)
                0x00017940                linked_list_init
 .text.linked_list_push
                0x00017954       0x2c C:/Users/Alex/ncs/v1.3.0/nrfxlib/bsdlib/lib/cortex-m33/hard-float/libbsd_nrf9160_xxaa.a(linked_list.c.o)
                0x00017954                linked_list_push
 .text.linked_list_pop
                0x00017980       0x14 C:/Users/Alex/ncs/v1.3.0/nrfxlib/bsdlib/lib/cortex-m33/hard-float/libbsd_nrf9160_xxaa.a(linked_list.c.o)
                0x00017980                linked_list_pop
 .text.linked_list_peek
                0x00017994        0xc C:/Users/Alex/ncs/v1.3.0/nrfxlib/bsdlib/lib/cortex-m33/hard-float/libbsd_nrf9160_xxaa.a(linked_list.c.o)
                0x00017994                linked_list_peek
 .text.linked_list_size_get
                0x000179a0        0x4 C:/Users/Alex/ncs/v1.3.0/nrfxlib/bsdlib/lib/cortex-m33/hard-float/libbsd_nrf9160_xxaa.a(linked_list.c.o)
                0x000179a0                linked_list_size_get
 .text.linked_list_get_next
                0x000179a4        0x4 C:/Users/Alex/ncs/v1.3.0/nrfxlib/bsdlib/lib/cortex-m33/hard-float/libbsd_nrf9160_xxaa.a(linked_list.c.o)
                0x000179a4                linked_list_get_next
 .text.nrf_socket
                0x000179a8       0x24 C:/Users/Alex/ncs/v1.3.0/nrfxlib/bsdlib/lib/cortex-m33/hard-float/libbsd_nrf9160_xxaa.a(socket.c.o)
                0x000179a8                nrf_socket
 .text.nrf_close
                0x000179cc       0x1c C:/Users/Alex/ncs/v1.3.0/nrfxlib/bsdlib/lib/cortex-m33/hard-float/libbsd_nrf9160_xxaa.a(socket.c.o)
                0x000179cc                nrf_close
 .text.nrf_sendto
                0x000179e8       0x38 C:/Users/Alex/ncs/v1.3.0/nrfxlib/bsdlib/lib/cortex-m33/hard-float/libbsd_nrf9160_xxaa.a(socket.c.o)
                0x000179e8                nrf_sendto
 .text.nrf_recvfrom
                0x00017a20       0x38 C:/Users/Alex/ncs/v1.3.0/nrfxlib/bsdlib/lib/cortex-m33/hard-float/libbsd_nrf9160_xxaa.a(socket.c.o)
                0x00017a20                nrf_recvfrom
 .text.nrf_connect
                0x00017a58       0x24 C:/Users/Alex/ncs/v1.3.0/nrfxlib/bsdlib/lib/cortex-m33/hard-float/libbsd_nrf9160_xxaa.a(socket.c.o)
                0x00017a58                nrf_connect
 .text.nrf_listen
                0x00017a7c       0x20 C:/Users/Alex/ncs/v1.3.0/nrfxlib/bsdlib/lib/cortex-m33/hard-float/libbsd_nrf9160_xxaa.a(socket.c.o)
                0x00017a7c                nrf_listen
 .text.nrf_accept
                0x00017a9c       0x2c C:/Users/Alex/ncs/v1.3.0/nrfxlib/bsdlib/lib/cortex-m33/hard-float/libbsd_nrf9160_xxaa.a(socket.c.o)
                0x00017a9c                nrf_accept
 .text.nrf_bind
                0x00017ac8       0x24 C:/Users/Alex/ncs/v1.3.0/nrfxlib/bsdlib/lib/cortex-m33/hard-float/libbsd_nrf9160_xxaa.a(socket.c.o)
                0x00017ac8                nrf_bind
 .text.nrf_setsockopt
                0x00017aec       0x38 C:/Users/Alex/ncs/v1.3.0/nrfxlib/bsdlib/lib/cortex-m33/hard-float/libbsd_nrf9160_xxaa.a(socket.c.o)
                0x00017aec                nrf_setsockopt
 .text.nrf_getsockopt
                0x00017b24       0x38 C:/Users/Alex/ncs/v1.3.0/nrfxlib/bsdlib/lib/cortex-m33/hard-float/libbsd_nrf9160_xxaa.a(socket.c.o)
                0x00017b24                nrf_getsockopt
 .text.nrf_getaddrinfo
                0x00017b5c        0x4 C:/Users/Alex/ncs/v1.3.0/nrfxlib/bsdlib/lib/cortex-m33/hard-float/libbsd_nrf9160_xxaa.a(socket.c.o)
                0x00017b5c                nrf_getaddrinfo
 .text.nrf_freeaddrinfo
                0x00017b60        0x4 C:/Users/Alex/ncs/v1.3.0/nrfxlib/bsdlib/lib/cortex-m33/hard-float/libbsd_nrf9160_xxaa.a(socket.c.o)
                0x00017b60                nrf_freeaddrinfo
 .text.nrf_poll
                0x00017b64        0x4 C:/Users/Alex/ncs/v1.3.0/nrfxlib/bsdlib/lib/cortex-m33/hard-float/libbsd_nrf9160_xxaa.a(socket.c.o)
                0x00017b64                nrf_poll
 .text.nrf_fcntl
                0x00017b68        0x4 C:/Users/Alex/ncs/v1.3.0/nrfxlib/bsdlib/lib/cortex-m33/hard-float/libbsd_nrf9160_xxaa.a(socket.c.o)
                0x00017b68                nrf_fcntl
 .text.rpc_gnss_serialize_utc
                0x00017b6c       0x44 C:/Users/Alex/ncs/v1.3.0/nrfxlib/bsdlib/lib/cortex-m33/hard-float/libbsd_nrf9160_xxaa.a(rpc_gnss_agps_serializer.c.o)
                0x00017b6c                rpc_gnss_serialize_utc
 .text.rpc_gnss_serialize_ephe
                0x00017bb0       0xa4 C:/Users/Alex/ncs/v1.3.0/nrfxlib/bsdlib/lib/cortex-m33/hard-float/libbsd_nrf9160_xxaa.a(rpc_gnss_agps_serializer.c.o)
                0x00017bb0                rpc_gnss_serialize_ephe
 .text.rpc_gnss_serialize_alm
                0x00017c54       0x64 C:/Users/Alex/ncs/v1.3.0/nrfxlib/bsdlib/lib/cortex-m33/hard-float/libbsd_nrf9160_xxaa.a(rpc_gnss_agps_serializer.c.o)
                0x00017c54                rpc_gnss_serialize_alm
 .text.rpc_gnss_serialize_klob
                0x00017cb8       0x48 C:/Users/Alex/ncs/v1.3.0/nrfxlib/bsdlib/lib/cortex-m33/hard-float/libbsd_nrf9160_xxaa.a(rpc_gnss_agps_serializer.c.o)
                0x00017cb8                rpc_gnss_serialize_klob
 .text.rpc_gnss_serialize_nequick
                0x00017d00       0x34 C:/Users/Alex/ncs/v1.3.0/nrfxlib/bsdlib/lib/cortex-m33/hard-float/libbsd_nrf9160_xxaa.a(rpc_gnss_agps_serializer.c.o)
                0x00017d00                rpc_gnss_serialize_nequick
 .text.rpc_gnss_serialize_time_and_sv_tow
                0x00017d34       0x50 C:/Users/Alex/ncs/v1.3.0/nrfxlib/bsdlib/lib/cortex-m33/hard-float/libbsd_nrf9160_xxaa.a(rpc_gnss_agps_serializer.c.o)
                0x00017d34                rpc_gnss_serialize_time_and_sv_tow
 .text.rpc_gnss_serialize_location
                0x00017d84       0x40 C:/Users/Alex/ncs/v1.3.0/nrfxlib/bsdlib/lib/cortex-m33/hard-float/libbsd_nrf9160_xxaa.a(rpc_gnss_agps_serializer.c.o)
                0x00017d84                rpc_gnss_serialize_location
 .text.rpc_gnss_serialize_integrity
                0x00017dc4       0x1c C:/Users/Alex/ncs/v1.3.0/nrfxlib/bsdlib/lib/cortex-m33/hard-float/libbsd_nrf9160_xxaa.a(rpc_gnss_agps_serializer.c.o)
                0x00017dc4                rpc_gnss_serialize_integrity
 .text.gnss_client_event_handler
                0x00017de0        0xc C:/Users/Alex/ncs/v1.3.0/nrfxlib/bsdlib/lib/cortex-m33/hard-float/libbsd_nrf9160_xxaa.a(rpc_gnss_client.c.o)
 .text.rpc_gnss_client_init
                0x00017dec        0xc C:/Users/Alex/ncs/v1.3.0/nrfxlib/bsdlib/lib/cortex-m33/hard-float/libbsd_nrf9160_xxaa.a(rpc_gnss_client.c.o)
                0x00017dec                rpc_gnss_client_init
 .text.rpc_gnss_client_request_alloc
                0x00017df8       0x28 C:/Users/Alex/ncs/v1.3.0/nrfxlib/bsdlib/lib/cortex-m33/hard-float/libbsd_nrf9160_xxaa.a(rpc_gnss_client.c.o)
                0x00017df8                rpc_gnss_client_request_alloc
 .text.rpc_gnss_client_request_send
                0x00017e20       0x2c C:/Users/Alex/ncs/v1.3.0/nrfxlib/bsdlib/lib/cortex-m33/hard-float/libbsd_nrf9160_xxaa.a(rpc_gnss_client.c.o)
                0x00017e20                rpc_gnss_client_request_send
 .text.rpc_gnss_client_message_free
                0x00017e4c       0x10 C:/Users/Alex/ncs/v1.3.0/nrfxlib/bsdlib/lib/cortex-m33/hard-float/libbsd_nrf9160_xxaa.a(rpc_gnss_client.c.o)
                0x00017e4c                rpc_gnss_client_message_free
 .text.rpc_gnss_client_data_free
                0x00017e5c       0x10 C:/Users/Alex/ncs/v1.3.0/nrfxlib/bsdlib/lib/cortex-m33/hard-float/libbsd_nrf9160_xxaa.a(rpc_gnss_client.c.o)
                0x00017e5c                rpc_gnss_client_data_free
 .text.datagram_handler_init
                0x00017e6c       0x1c C:/Users/Alex/ncs/v1.3.0/nrfxlib/bsdlib/lib/cortex-m33/hard-float/libbsd_nrf9160_xxaa.a(datagram_handler.c.o)
                0x00017e6c                datagram_handler_init
 .text.datagram_handler_put
                0x00017e88       0x40 C:/Users/Alex/ncs/v1.3.0/nrfxlib/bsdlib/lib/cortex-m33/hard-float/libbsd_nrf9160_xxaa.a(datagram_handler.c.o)
                0x00017e88                datagram_handler_put
 .text.datagram_handler_get
                0x00017ec8       0x94 C:/Users/Alex/ncs/v1.3.0/nrfxlib/bsdlib/lib/cortex-m33/hard-float/libbsd_nrf9160_xxaa.a(datagram_handler.c.o)
                0x00017ec8                datagram_handler_get
 .text.datagram_handler_available
                0x00017f5c       0x14 C:/Users/Alex/ncs/v1.3.0/nrfxlib/bsdlib/lib/cortex-m33/hard-float/libbsd_nrf9160_xxaa.a(datagram_handler.c.o)
                0x00017f5c                datagram_handler_available
 .text.datagram_handler_flush
                0x00017f70       0x48 C:/Users/Alex/ncs/v1.3.0/nrfxlib/bsdlib/lib/cortex-m33/hard-float/libbsd_nrf9160_xxaa.a(datagram_handler.c.o)
                0x00017f70                datagram_handler_flush
 .text.datagram_handler_free
                0x00017fb8       0x4c C:/Users/Alex/ncs/v1.3.0/nrfxlib/bsdlib/lib/cortex-m33/hard-float/libbsd_nrf9160_xxaa.a(datagram_handler.c.o)
                0x00017fb8                datagram_handler_free
 .text.null_handler_init
                0x00018004        0x4 C:/Users/Alex/ncs/v1.3.0/nrfxlib/bsdlib/lib/cortex-m33/hard-float/libbsd_nrf9160_xxaa.a(null_handler.c.o)
                0x00018004                null_handler_init
 .text.null_handler_put
                0x00018008       0x10 C:/Users/Alex/ncs/v1.3.0/nrfxlib/bsdlib/lib/cortex-m33/hard-float/libbsd_nrf9160_xxaa.a(null_handler.c.o)
                0x00018008                null_handler_put
 .text.null_handler_get
                0x00018018        0x8 C:/Users/Alex/ncs/v1.3.0/nrfxlib/bsdlib/lib/cortex-m33/hard-float/libbsd_nrf9160_xxaa.a(null_handler.c.o)
                0x00018018                null_handler_get
 .text.null_handler_available
                0x00018020        0x8 C:/Users/Alex/ncs/v1.3.0/nrfxlib/bsdlib/lib/cortex-m33/hard-float/libbsd_nrf9160_xxaa.a(null_handler.c.o)
                0x00018020                null_handler_available
 .text.null_handler_flush
                0x00018028        0x4 C:/Users/Alex/ncs/v1.3.0/nrfxlib/bsdlib/lib/cortex-m33/hard-float/libbsd_nrf9160_xxaa.a(null_handler.c.o)
                0x00018028                null_handler_flush
 .text.null_handler_free
                0x0001802c        0x4 C:/Users/Alex/ncs/v1.3.0/nrfxlib/bsdlib/lib/cortex-m33/hard-float/libbsd_nrf9160_xxaa.a(null_handler.c.o)
                0x0001802c                null_handler_free
 .text.packet_handler_create
                0x00018030       0x40 C:/Users/Alex/ncs/v1.3.0/nrfxlib/bsdlib/lib/cortex-m33/hard-float/libbsd_nrf9160_xxaa.a(packet_handler_factory.c.o)
                0x00018030                packet_handler_create
 .text.packet_handler_delete
                0x00018070       0x1c C:/Users/Alex/ncs/v1.3.0/nrfxlib/bsdlib/lib/cortex-m33/hard-float/libbsd_nrf9160_xxaa.a(packet_handler_factory.c.o)
                0x00018070                packet_handler_delete
 .text.stream_handler_init
                0x0001808c       0x20 C:/Users/Alex/ncs/v1.3.0/nrfxlib/bsdlib/lib/cortex-m33/hard-float/libbsd_nrf9160_xxaa.a(stream_handler.c.o)
                0x0001808c                stream_handler_init
 .text.stream_handler_put
                0x000180ac       0x40 C:/Users/Alex/ncs/v1.3.0/nrfxlib/bsdlib/lib/cortex-m33/hard-float/libbsd_nrf9160_xxaa.a(stream_handler.c.o)
                0x000180ac                stream_handler_put
 .text.stream_handler_get
                0x000180ec      0x100 C:/Users/Alex/ncs/v1.3.0/nrfxlib/bsdlib/lib/cortex-m33/hard-float/libbsd_nrf9160_xxaa.a(stream_handler.c.o)
                0x000180ec                stream_handler_get
 .text.stream_handler_available
                0x000181ec       0x28 C:/Users/Alex/ncs/v1.3.0/nrfxlib/bsdlib/lib/cortex-m33/hard-float/libbsd_nrf9160_xxaa.a(stream_handler.c.o)
                0x000181ec                stream_handler_available
 .text.stream_handler_flush
                0x00018214       0x48 C:/Users/Alex/ncs/v1.3.0/nrfxlib/bsdlib/lib/cortex-m33/hard-float/libbsd_nrf9160_xxaa.a(stream_handler.c.o)
                0x00018214                stream_handler_flush
 .text.stream_handler_free
                0x0001825c       0x4c C:/Users/Alex/ncs/v1.3.0/nrfxlib/bsdlib/lib/cortex-m33/hard-float/libbsd_nrf9160_xxaa.a(stream_handler.c.o)
                0x0001825c                stream_handler_free
 .text.mem_free
                0x000182a8       0xd8 C:/Users/Alex/ncs/v1.3.0/nrfxlib/bsdlib/lib/cortex-m33/hard-float/libbsd_nrf9160_xxaa.a(mem_manager.c.o)
 .text.mem_alloc.constprop.5
                0x00018380      0x1c8 C:/Users/Alex/ncs/v1.3.0/nrfxlib/bsdlib/lib/cortex-m33/hard-float/libbsd_nrf9160_xxaa.a(mem_manager.c.o)
 .text.mem_alloc.constprop.4
                0x00018548      0x1c0 C:/Users/Alex/ncs/v1.3.0/nrfxlib/bsdlib/lib/cortex-m33/hard-float/libbsd_nrf9160_xxaa.a(mem_manager.c.o)
 .text.nrf_mem_init
                0x00018708       0xe8 C:/Users/Alex/ncs/v1.3.0/nrfxlib/bsdlib/lib/cortex-m33/hard-float/libbsd_nrf9160_xxaa.a(mem_manager.c.o)
                0x00018708                nrf_mem_init
 .text.nrf_mem_register
                0x000187f0      0x234 C:/Users/Alex/ncs/v1.3.0/nrfxlib/bsdlib/lib/cortex-m33/hard-float/libbsd_nrf9160_xxaa.a(mem_manager.c.o)
                0x000187f0                nrf_mem_register
 .text.nrf_malloc
                0x00018a24       0x14 C:/Users/Alex/ncs/v1.3.0/nrfxlib/bsdlib/lib/cortex-m33/hard-float/libbsd_nrf9160_xxaa.a(mem_manager.c.o)
                0x00018a24                nrf_malloc
 .text.nrf_free
                0x00018a38       0x18 C:/Users/Alex/ncs/v1.3.0/nrfxlib/bsdlib/lib/cortex-m33/hard-float/libbsd_nrf9160_xxaa.a(mem_manager.c.o)
                0x00018a38                nrf_free
 .text.nrf_shared_malloc
                0x00018a50       0x14 C:/Users/Alex/ncs/v1.3.0/nrfxlib/bsdlib/lib/cortex-m33/hard-float/libbsd_nrf9160_xxaa.a(mem_manager.c.o)
                0x00018a50                nrf_shared_malloc
 .text.nrf_shared_free
                0x00018a64       0x18 C:/Users/Alex/ncs/v1.3.0/nrfxlib/bsdlib/lib/cortex-m33/hard-float/libbsd_nrf9160_xxaa.a(mem_manager.c.o)
                0x00018a64                nrf_shared_free
 .text.rpc_dfu_event_handler
                0x00018a7c       0x2c C:/Users/Alex/ncs/v1.3.0/nrfxlib/bsdlib/lib/cortex-m33/hard-float/libbsd_nrf9160_xxaa.a(mfu_interface.c.o)
                0x00018a7c                rpc_dfu_event_handler
 .text.mfu_interface_init
                0x00018aa8       0x38 C:/Users/Alex/ncs/v1.3.0/nrfxlib/bsdlib/lib/cortex-m33/hard-float/libbsd_nrf9160_xxaa.a(mfu_interface.c.o)
                0x00018aa8                mfu_interface_init
 .text.mfu_interface_open
                0x00018ae0       0x28 C:/Users/Alex/ncs/v1.3.0/nrfxlib/bsdlib/lib/cortex-m33/hard-float/libbsd_nrf9160_xxaa.a(mfu_interface.c.o)
                0x00018ae0                mfu_interface_open
 .text.mfu_interface_close
                0x00018b08       0xdc C:/Users/Alex/ncs/v1.3.0/nrfxlib/bsdlib/lib/cortex-m33/hard-float/libbsd_nrf9160_xxaa.a(mfu_interface.c.o)
                0x00018b08                mfu_interface_close
 .text.mfu_interface_sendto
                0x00018be4      0x1ac C:/Users/Alex/ncs/v1.3.0/nrfxlib/bsdlib/lib/cortex-m33/hard-float/libbsd_nrf9160_xxaa.a(mfu_interface.c.o)
                0x00018be4                mfu_interface_sendto
 .text.mfu_interface_setopt
                0x00018d90      0x130 C:/Users/Alex/ncs/v1.3.0/nrfxlib/bsdlib/lib/cortex-m33/hard-float/libbsd_nrf9160_xxaa.a(mfu_interface.c.o)
                0x00018d90                mfu_interface_setopt
 .text.mfu_interface_getopt
                0x00018ec0      0x1b0 C:/Users/Alex/ncs/v1.3.0/nrfxlib/bsdlib/lib/cortex-m33/hard-float/libbsd_nrf9160_xxaa.a(mfu_interface.c.o)
                0x00018ec0                mfu_interface_getopt
 .text.interface_init
                0x00019070       0x18 C:/Users/Alex/ncs/v1.3.0/nrfxlib/bsdlib/lib/cortex-m33/hard-float/libbsd_nrf9160_xxaa.a(interface.c.o)
                0x00019070                interface_init
 .text.interface_socket_allocate
                0x00019088       0xc8 C:/Users/Alex/ncs/v1.3.0/nrfxlib/bsdlib/lib/cortex-m33/hard-float/libbsd_nrf9160_xxaa.a(interface.c.o)
                0x00019088                interface_socket_allocate
 .text.interface_socket_free
                0x00019150       0x2c C:/Users/Alex/ncs/v1.3.0/nrfxlib/bsdlib/lib/cortex-m33/hard-float/libbsd_nrf9160_xxaa.a(interface.c.o)
                0x00019150                interface_socket_free
 .text.interface_socket_packet_handler_update
                0x0001917c       0x70 C:/Users/Alex/ncs/v1.3.0/nrfxlib/bsdlib/lib/cortex-m33/hard-float/libbsd_nrf9160_xxaa.a(interface.c.o)
                0x0001917c                interface_socket_packet_handler_update
 .text.interface_socket_wait
                0x000191ec       0x5c C:/Users/Alex/ncs/v1.3.0/nrfxlib/bsdlib/lib/cortex-m33/hard-float/libbsd_nrf9160_xxaa.a(interface.c.o)
                0x000191ec                interface_socket_wait
 .text.interface_from_internal_id_search
                0x00019248       0xa4 C:/Users/Alex/ncs/v1.3.0/nrfxlib/bsdlib/lib/cortex-m33/hard-float/libbsd_nrf9160_xxaa.a(interface.c.o)
                0x00019248                interface_from_internal_id_search
 .text.interface_socket_from_handle_get
                0x000192ec       0x1c C:/Users/Alex/ncs/v1.3.0/nrfxlib/bsdlib/lib/cortex-m33/hard-float/libbsd_nrf9160_xxaa.a(interface.c.o)
                0x000192ec                interface_socket_from_handle_get
 .text.interface_socket_event_get
                0x00019308       0x34 C:/Users/Alex/ncs/v1.3.0/nrfxlib/bsdlib/lib/cortex-m33/hard-float/libbsd_nrf9160_xxaa.a(interface.c.o)
                0x00019308                interface_socket_event_get
 .text.interface_socket_setopt
                0x0001933c       0x8c C:/Users/Alex/ncs/v1.3.0/nrfxlib/bsdlib/lib/cortex-m33/hard-float/libbsd_nrf9160_xxaa.a(interface.c.o)
                0x0001933c                interface_socket_setopt
 .text.interface_socket_getopt
                0x000193c8       0x94 C:/Users/Alex/ncs/v1.3.0/nrfxlib/bsdlib/lib/cortex-m33/hard-float/libbsd_nrf9160_xxaa.a(interface.c.o)
                0x000193c8                interface_socket_getopt
 .text.interface_socket_fcntl
                0x0001945c       0x7c C:/Users/Alex/ncs/v1.3.0/nrfxlib/bsdlib/lib/cortex-m33/hard-float/libbsd_nrf9160_xxaa.a(interface.c.o)
                0x0001945c                interface_socket_fcntl
 .text.at_client_evt_handler
                0x000194d8       0x10 C:/Users/Alex/ncs/v1.3.0/nrfxlib/bsdlib/lib/cortex-m33/hard-float/libbsd_nrf9160_xxaa.a(rpc_at_client.c.o)
 .text.rpc_at_client_init
                0x000194e8        0xc C:/Users/Alex/ncs/v1.3.0/nrfxlib/bsdlib/lib/cortex-m33/hard-float/libbsd_nrf9160_xxaa.a(rpc_at_client.c.o)
                0x000194e8                rpc_at_client_init
 .text.rpc_at_client_request_alloc
                0x000194f4       0x28 C:/Users/Alex/ncs/v1.3.0/nrfxlib/bsdlib/lib/cortex-m33/hard-float/libbsd_nrf9160_xxaa.a(rpc_at_client.c.o)
                0x000194f4                rpc_at_client_request_alloc
 .text.rpc_at_client_request_send
                0x0001951c       0x1c C:/Users/Alex/ncs/v1.3.0/nrfxlib/bsdlib/lib/cortex-m33/hard-float/libbsd_nrf9160_xxaa.a(rpc_at_client.c.o)
                0x0001951c                rpc_at_client_request_send
 .text.rpc_at_client_message_free
                0x00019538       0x10 C:/Users/Alex/ncs/v1.3.0/nrfxlib/bsdlib/lib/cortex-m33/hard-float/libbsd_nrf9160_xxaa.a(rpc_at_client.c.o)
                0x00019538                rpc_at_client_message_free
 .text.rpc_at_client_data_free
                0x00019548       0x10 C:/Users/Alex/ncs/v1.3.0/nrfxlib/bsdlib/lib/cortex-m33/hard-float/libbsd_nrf9160_xxaa.a(rpc_at_client.c.o)
                0x00019548                rpc_at_client_data_free
 .text.SystemInit
                0x00019558       0x2c modules/nordic/lib..__modules__hal__nordic.a(system_nrf9160.c.obj)
                0x00019558                SystemInit
 .text.nrfx_spim_init
                0x00019584      0x144 modules/nordic/lib..__modules__hal__nordic.a(nrfx_spim.c.obj)
                0x00019584                nrfx_spim_init
 .text.nrfx_spim_xfer
                0x000196c8      0x120 modules/nordic/lib..__modules__hal__nordic.a(nrfx_spim.c.obj)
                0x000196c8                nrfx_spim_xfer
 .text.nrfx_spim_3_irq_handler
                0x000197e8       0x48 modules/nordic/lib..__modules__hal__nordic.a(nrfx_spim.c.obj)
                0x000197e8                nrfx_spim_3_irq_handler
 .text.nrfx_twim_init
                0x00019830       0x88 modules/nordic/lib..__modules__hal__nordic.a(nrfx_twim.c.obj)
                0x00019830                nrfx_twim_init
 .text.nrfx_twim_enable
                0x000198b8       0x20 modules/nordic/lib..__modules__hal__nordic.a(nrfx_twim.c.obj)
                0x000198b8                nrfx_twim_enable
 .text.nrfx_twim_disable
                0x000198d8       0x38 modules/nordic/lib..__modules__hal__nordic.a(nrfx_twim.c.obj)
                0x000198d8                nrfx_twim_disable
 .text.nrfx_twim_xfer
                0x00019910      0x2c4 modules/nordic/lib..__modules__hal__nordic.a(nrfx_twim.c.obj)
                0x00019910                nrfx_twim_xfer
 .text.nrfx_twim_2_irq_handler
                0x00019bd4      0x170 modules/nordic/lib..__modules__hal__nordic.a(nrfx_twim.c.obj)
                0x00019bd4                nrfx_twim_2_irq_handler
 .text.z_sys_init_run_level
                0x00019d44       0x2c zephyr/kernel/libkernel.a(device.c.obj)
                0x00019d44                z_sys_init_run_level
 .text.z_impl_device_get_binding
                0x00019d70       0x48 zephyr/kernel/libkernel.a(device.c.obj)
                0x00019d70                z_impl_device_get_binding
 .text.z_impl_z_errno
                0x00019db8        0xc zephyr/kernel/libkernel.a(errno.c.obj)
                0x00019db8                z_impl_z_errno
 .text.idle     0x00019dc4       0x34 zephyr/kernel/libkernel.a(idle.c.obj)
                0x00019dc4                idle
 .text.z_bss_zero
                0x00019df8       0x14 zephyr/kernel/libkernel.a(init.c.obj)
                0x00019df8                z_bss_zero
 .text.z_data_copy
                0x00019e0c       0x34 zephyr/kernel/libkernel.a(init.c.obj)
                0x00019e0c                z_data_copy
 .text.bg_thread_main
                0x00019e40       0x48 zephyr/kernel/libkernel.a(init.c.obj)
 .text.z_cstart
                0x00019e88      0x100 zephyr/kernel/libkernel.a(init.c.obj)
                0x00019e88                z_cstart
 .text.statics_init
                0x00019f88       0x24 zephyr/kernel/libkernel.a(kheap.c.obj)
 .text.init_mem_slab_module
                0x00019fac       0x44 zephyr/kernel/libkernel.a(mem_slab.c.obj)
 .text.k_mem_slab_alloc
                0x00019ff0       0x64 zephyr/kernel/libkernel.a(mem_slab.c.obj)
                0x00019ff0                k_mem_slab_alloc
 .text.k_mem_slab_free
                0x0001a054       0x54 zephyr/kernel/libkernel.a(mem_slab.c.obj)
                0x0001a054                k_mem_slab_free
 .text.k_malloc
                0x0001a0a8        0xc zephyr/kernel/libkernel.a(mempool.c.obj)
                0x0001a0a8                k_malloc
 .text.z_thread_malloc
                0x0001a0b4       0x34 zephyr/kernel/libkernel.a(mempool.c.obj)
                0x0001a0b4                z_thread_malloc
 .text.z_impl_k_msgq_put
                0x0001a0e8       0xa8 zephyr/kernel/libkernel.a(msg_q.c.obj)
                0x0001a0e8                z_impl_k_msgq_put
 .text.z_impl_k_msgq_get
                0x0001a190       0xbc zephyr/kernel/libkernel.a(msg_q.c.obj)
                0x0001a190                z_impl_k_msgq_get
 .text.z_impl_k_mutex_lock
                0x0001a24c       0xf0 zephyr/kernel/libkernel.a(mutex.c.obj)
                0x0001a24c                z_impl_k_mutex_lock
 .text.z_impl_k_mutex_unlock
                0x0001a33c       0x8c zephyr/kernel/libkernel.a(mutex.c.obj)
                0x0001a33c                z_impl_k_mutex_unlock
 .text.z_impl_k_queue_get
                0x0001a3c8       0x68 zephyr/kernel/libkernel.a(queue.c.obj)
                0x0001a3c8                z_impl_k_queue_get
 .text.z_reset_time_slice
                0x0001a430       0x2c zephyr/kernel/libkernel.a(sched.c.obj)
                0x0001a430                z_reset_time_slice
 .text.k_sched_time_slice_set
                0x0001a45c       0x58 zephyr/kernel/libkernel.a(sched.c.obj)
                0x0001a45c                k_sched_time_slice_set
 .text.k_sched_lock
                0x0001a4b4       0x28 zephyr/kernel/libkernel.a(sched.c.obj)
                0x0001a4b4                k_sched_lock
 .text.z_priq_dumb_remove
                0x0001a4dc       0x2c zephyr/kernel/libkernel.a(sched.c.obj)
                0x0001a4dc                z_priq_dumb_remove
 .text.update_cache
                0x0001a508       0x48 zephyr/kernel/libkernel.a(sched.c.obj)
 .text.k_sched_unlock
                0x0001a550       0x38 zephyr/kernel/libkernel.a(sched.c.obj)
                0x0001a550                k_sched_unlock
 .text.ready_thread
                0x0001a588       0x68 zephyr/kernel/libkernel.a(sched.c.obj)
 .text.z_sched_start
                0x0001a5f0       0x3c zephyr/kernel/libkernel.a(sched.c.obj)
                0x0001a5f0                z_sched_start
 .text.z_move_thread_to_end_of_prio_q
                0x0001a62c       0x8c zephyr/kernel/libkernel.a(sched.c.obj)
                0x0001a62c                z_move_thread_to_end_of_prio_q
 .text.z_time_slice
                0x0001a6b8       0x6c zephyr/kernel/libkernel.a(sched.c.obj)
                0x0001a6b8                z_time_slice
 .text.z_impl_k_thread_suspend
                0x0001a724       0x68 zephyr/kernel/libkernel.a(sched.c.obj)
                0x0001a724                z_impl_k_thread_suspend
 .text.z_thread_single_abort
                0x0001a78c       0xb8 zephyr/kernel/libkernel.a(sched.c.obj)
                0x0001a78c                z_thread_single_abort
 .text.unready_thread
                0x0001a844       0x34 zephyr/kernel/libkernel.a(sched.c.obj)
 .text.z_tick_sleep.part.0
                0x0001a878       0x5c zephyr/kernel/libkernel.a(sched.c.obj)
 .text.pend     0x0001a8d4       0x4c zephyr/kernel/libkernel.a(sched.c.obj)
 .text.z_pend_curr
                0x0001a920       0x28 zephyr/kernel/libkernel.a(sched.c.obj)
                0x0001a920                z_pend_curr
 .text.z_set_prio
                0x0001a948       0x88 zephyr/kernel/libkernel.a(sched.c.obj)
                0x0001a948                z_set_prio
 .text.z_sched_init
                0x0001a9d0       0x18 zephyr/kernel/libkernel.a(sched.c.obj)
                0x0001a9d0                z_sched_init
 .text.z_impl_k_yield
                0x0001a9e8       0x9c zephyr/kernel/libkernel.a(sched.c.obj)
                0x0001a9e8                z_impl_k_yield
 .text.z_impl_k_sleep
                0x0001aa84       0x40 zephyr/kernel/libkernel.a(sched.c.obj)
                0x0001aa84                z_impl_k_sleep
 .text.z_impl_k_current_get
                0x0001aac4        0xc zephyr/kernel/libkernel.a(sched.c.obj)
                0x0001aac4                z_impl_k_current_get
 .text.z_impl_k_sem_give
                0x0001aad0       0x4c zephyr/kernel/libkernel.a(sem.c.obj)
                0x0001aad0                z_impl_k_sem_give
 .text.z_impl_k_sem_take
                0x0001ab1c       0x54 zephyr/kernel/libkernel.a(sem.c.obj)
                0x0001ab1c                z_impl_k_sem_take
 .text.k_sys_work_q_init
                0x0001ab70       0x30 zephyr/kernel/libkernel.a(system_work_q.c.obj)
 .text.z_setup_new_thread
                0x0001aba0       0x4c zephyr/kernel/libkernel.a(thread.c.obj)
                0x0001aba0                z_setup_new_thread
 .text.z_impl_k_thread_create
                0x0001abec       0x58 zephyr/kernel/libkernel.a(thread.c.obj)
                0x0001abec                z_impl_k_thread_create
 .text.z_init_static_threads
                0x0001ac44       0xc4 zephyr/kernel/libkernel.a(thread.c.obj)
                0x0001ac44                z_init_static_threads
 .text.k_work_q_start
                0x0001ad08       0x50 zephyr/kernel/libkernel.a(work_q.c.obj)
                0x0001ad08                k_work_q_start
 .text.elapsed  0x0001ad58       0x14 zephyr/kernel/libkernel.a(timeout.c.obj)
 .text.remove_timeout
                0x0001ad6c       0x28 zephyr/kernel/libkernel.a(timeout.c.obj)
 .text.next_timeout
                0x0001ad94       0x38 zephyr/kernel/libkernel.a(timeout.c.obj)
 .text.z_add_timeout
                0x0001adcc       0xf4 zephyr/kernel/libkernel.a(timeout.c.obj)
                0x0001adcc                z_add_timeout
 .text.z_clock_announce
                0x0001aec0       0xa8 zephyr/kernel/libkernel.a(timeout.c.obj)
                0x0001aec0                z_clock_announce
 .text.z_tick_get
                0x0001af68       0x34 zephyr/kernel/libkernel.a(timeout.c.obj)
                0x0001af68                z_tick_get
 .text.z_impl_k_poll
                0x0001af9c       0xc0 zephyr/kernel/libkernel.a(poll.c.obj)
                0x0001af9c                z_impl_k_poll
 .text.z_errno  0x0001b05c        0x4 app/libapp.a(main.c.obj)
 .text.arch_printk_char_out
                0x0001b060        0x4 zephyr/libzephyr.a(printk.c.obj)
                0x0001b060                arch_printk_char_out
 .text.print_err
                0x0001b064       0x1c zephyr/libzephyr.a(printk.c.obj)
 .text.str_out  0x0001b080       0x26 zephyr/libzephyr.a(printk.c.obj)
 .text.printk   0x0001b0a6       0x1a zephyr/libzephyr.a(printk.c.obj)
                0x0001b0a6                printk
 .text.snprintk
                0x0001b0c0       0x1a zephyr/libzephyr.a(printk.c.obj)
                0x0001b0c0                snprintk
 .text.z_thread_entry
                0x0001b0da       0x14 zephyr/libzephyr.a(thread_entry.c.obj)
                0x0001b0da                z_thread_entry
 .text.z_work_q_main
                0x0001b0ee       0x3a zephyr/libzephyr.a(work_q.c.obj)
                0x0001b0ee                z_work_q_main
 .text.chunk_field
                0x0001b128       0x18 zephyr/libzephyr.a(heap.c.obj)
 .text.chunk_set
                0x0001b140       0x1a zephyr/libzephyr.a(heap.c.obj)
 .text.right_chunk
                0x0001b15a       0x14 zephyr/libzephyr.a(heap.c.obj)
 .text.free_list_remove
                0x0001b16e       0x6a zephyr/libzephyr.a(heap.c.obj)
 .text.free_list_add
                0x0001b1d8       0x9a zephyr/libzephyr.a(heap.c.obj)
 .text.split_alloc
                0x0001b272       0xc6 zephyr/libzephyr.a(heap.c.obj)
 .text.sys_heap_free
                0x0001b338      0x16c zephyr/libzephyr.a(heap.c.obj)
                0x0001b338                sys_heap_free
 .text.sys_heap_alloc
                0x0001b4a4       0xb2 zephyr/libzephyr.a(heap.c.obj)
                0x0001b4a4                sys_heap_alloc
 .text.sys_heap_init
                0x0001b556       0x88 zephyr/libzephyr.a(heap.c.obj)
                0x0001b556                sys_heap_init
 .text._ConfigAbsSyms
                0x0001b5de        0x2 zephyr/libzephyr.a(configs.c.obj)
                0x0001b5de                _ConfigAbsSyms
 .text.z_platform_init
                0x0001b5e0        0x4 zephyr/libzephyr.a(soc.c.obj)
                0x0001b5e0                z_platform_init
 .text.append_u8
                0x0001b5e4       0x1e zephyr/libzephyr.a(coap.c.obj)
 .text.append_be16
                0x0001b602       0x2a zephyr/libzephyr.a(coap.c.obj)
 .text.decode_delta
                0x0001b62c       0x64 zephyr/libzephyr.a(coap.c.obj)
 .text.append   0x0001b690       0x2a zephyr/libzephyr.a(coap.c.obj)
 .text.parse_option
                0x0001b6ba      0x168 zephyr/libzephyr.a(coap.c.obj)
 .text.coap_packet_init
                0x0001b822       0x94 zephyr/libzephyr.a(coap.c.obj)
                0x0001b822                coap_packet_init
 .text.coap_packet_append_option
                0x0001b8b6      0x120 zephyr/libzephyr.a(coap.c.obj)
                0x0001b8b6                coap_packet_append_option
 .text.coap_packet_parse
                0x0001b9d6       0xb2 zephyr/libzephyr.a(coap.c.obj)
                0x0001b9d6                coap_packet_parse
 .text.coap_header_get_token
                0x0001ba88       0x24 zephyr/libzephyr.a(coap.c.obj)
                0x0001ba88                coap_header_get_token
 .text.coap_header_get_code
                0x0001baac       0x54 zephyr/libzephyr.a(coap.c.obj)
                0x0001baac                coap_header_get_code
 .text.coap_packet_get_payload
                0x0001bb00       0x2c zephyr/libzephyr.a(coap.c.obj)
                0x0001bb00                coap_packet_get_payload
 .text.zsock_getaddrinfo
                0x0001bb2c        0x4 zephyr/libzephyr.a(getaddrinfo.c.obj)
                0x0001bb2c                zsock_getaddrinfo
 .text.zsock_freeaddrinfo
                0x0001bb30        0x4 zephyr/libzephyr.a(getaddrinfo.c.obj)
                0x0001bb30                zsock_freeaddrinfo
 .text.z_errno  0x0001bb34        0x4 zephyr/libzephyr.a(sockets.c.obj)
 .text.z_fdtable_call_ioctl
                0x0001bb38       0x1e zephyr/libzephyr.a(sockets.c.obj)
 .text.z_impl_zsock_close
                0x0001bb56       0x2a zephyr/libzephyr.a(sockets.c.obj)
                0x0001bb56                z_impl_zsock_close
 .text.z_impl_zsock_connect
                0x0001bb80       0x24 zephyr/libzephyr.a(sockets.c.obj)
                0x0001bb80                z_impl_zsock_connect
 .text.z_impl_zsock_sendto
                0x0001bba4       0x32 zephyr/libzephyr.a(sockets.c.obj)
                0x0001bba4                z_impl_zsock_sendto
 .text.z_impl_zsock_recvfrom
                0x0001bbd6       0x32 zephyr/libzephyr.a(sockets.c.obj)
                0x0001bbd6                z_impl_zsock_recvfrom
 .text.get_status
                0x0001bc08       0x1c zephyr/libzephyr.a(nrf_power_clock.c.obj)
 .text.clock_stop
                0x0001bc24       0x56 zephyr/libzephyr.a(nrf_power_clock.c.obj)
 .text.clock_start
                0x0001bc7a        0x6 zephyr/libzephyr.a(nrf_power_clock.c.obj)
 .text.z_clock_isr
                0x0001bc80        0x2 zephyr/libzephyr.a(sys_clock_init.c.obj)
                0x0001bc80                z_clock_isr
 .text.z_clock_idle_exit
                0x0001bc82        0x2 zephyr/libzephyr.a(sys_clock_init.c.obj)
                0x0001bc82                z_clock_idle_exit
 .text.z_irq_spurious
                0x0001bc84        0x8 zephyr/arch/arch/arm/core/aarch32/libarch__arm__core__aarch32.a(irq_manage.c.obj)
                0x0001bc84                z_irq_spurious
 .text.z_arm_fatal_error
                0x0001bc8c        0x4 zephyr/arch/arch/arm/core/aarch32/libarch__arm__core__aarch32.a(fatal.c.obj)
                0x0001bc8c                z_arm_fatal_error
 .text.z_do_kernel_oops
                0x0001bc90        0x8 zephyr/arch/arch/arm/core/aarch32/libarch__arm__core__aarch32.a(fatal.c.obj)
                0x0001bc90                z_do_kernel_oops
 .text.z_arm_nmi
                0x0001bc98        0xe zephyr/arch/arch/arm/core/aarch32/libarch__arm__core__aarch32.a(nmi.c.obj)
                0x0001bc98                z_arm_nmi
 .text.mpu_configure_region
                0x0001bca6       0x40 zephyr/arch/arch/arm/core/aarch32/cortex_m/mpu/libarch__arm__core__aarch32__cortex_m__mpu.a(arm_mpu.c.obj)